sales_analysis/datasets/daily_mean.csv
date,item_name,category_name,quantity_sold_kg,unit_selling_price_rmb/kg
2021-01-01,7 colour pepper,capsicum,0.3875,18.0
2021-01-02,7 colour pepper,capsicum,0.42500000000000004,19.8
2021-01-03,7 colour pepper,capsicum,0.5,19.8
2021-01-04,7 colour pepper,capsicum,0.5,19.8
2021-01-05,7 colour pepper,capsicum,0.35,19.8
2021-01-06,7 colour pepper,capsicum,0.6,19.8
2021-01-07,7 colour pepper,capsicum,0.35,19.8
2021-01-08,7 colour pepper,capsicum,0.275,19.8
2021-01-09,7 colour pepper,capsicum,0.36,19.8
2021-01-10,7 colour pepper,capsicum,0.4,19.8
2021-01-11,7 colour pepper,capsicum,0.25,19.8
2021-01-12,7 colour pepper,capsicum,0.325,19.8
2021-01-13,7 colour pepper,capsicum,0.35,19.8
2021-01-14,7 colour pepper,capsicum,0.3,19.8
2021-01-15,7 colour pepper,capsicum,0.35,19.8
2021-01-16,7 colour pepper,capsicum,0.45,16.0
2021-01-17,7 colour pepper,capsicum,0.36,16.0
2021-01-18,7 colour pepper,capsicum,0.4,16.0
2021-01-19,7 colour pepper,capsicum,0.4000000000000001,18.0
2021-01-20,7 colour pepper,capsicum,0.35000000000000003,18.0
2021-01-21,7 colour pepper,capsicum,0.325,18.0
2021-01-30,7 colour pepper,capsicum,0.2,19.8
2021-02-10,7 colour pepper,capsicum,0.3181818181818182,31.800000000000004
2021-02-13,7 colour pepper,capsicum,0.10000000000000002,31.8
2021-02-14,7 colour pepper,capsicum,0.1,31.8
2021-02-17,7 colour pepper,capsicum,0.2,39.8
2021-02-24,7 colour pepper,capsicum,0.3,33.8
2021-03-01,7 colour pepper,capsicum,0.4,33.8
2021-03-07,7 colour pepper,capsicum,0.1,29.8
2021-03-13,7 colour pepper,capsicum,0.2,33.8
2021-03-21,7 colour pepper,capsicum,0.2,31.8
2021-03-27,7 colour pepper,capsicum,0.2,29.8
2021-03-30,7 colour pepper,capsicum,0.3,29.8
2021-03-31,7 colour pepper,capsicum,0.2,29.8
2021-04-16,7 colour pepper,capsicum,0.2,19.8
2021-04-23,7 colour pepper,capsicum,0.3,19.8
2021-05-10,7 colour pepper,capsicum,0.2,29.8
2021-05-14,7 colour pepper,capsicum,0.2,19.8
2021-05-17,7 colour pepper,capsicum,0.3,19.8
2021-05-22,7 colour pepper,capsicum,0.3,19.8
2021-05-25,7 colour pepper,capsicum,0.3,19.8
2021-05-30,7 colour pepper,capsicum,0.2,19.8
2021-06-05,7 colour pepper,capsicum,0.2,23.8
2021-06-11,7 colour pepper,capsicum,0.3,19.8
2021-06-13,7 colour pepper,capsicum,0.2,19.8
2021-07-09,7 colour pepper,capsicum,0.2,19.8
2021-07-10,7 colour pepper,capsicum,0.2,19.8
2021-07-12,7 colour pepper,capsicum,0.2,19.8
2021-07-14,7 colour pepper,capsicum,0.2,19.8
2021-08-01,7 colour pepper,capsicum,0.3,16.0
2021-08-04,7 colour pepper,capsicum,0.2,16.0
2021-08-12,7 colour pepper,capsicum,0.2,16.0
2021-08-13,7 colour pepper,capsicum,0.2,16.0
2021-08-17,7 colour pepper,capsicum,0.45,16.0
2021-08-20,7 colour pepper,capsicum,0.30000000000000004,16.0
2021-08-21,7 colour pepper,capsicum,0.3,16.0
2021-08-22,7 colour pepper,capsicum,0.225,16.0
2021-08-24,7 colour pepper,capsicum,0.3166666666666667,16.0
2021-08-25,7 colour pepper,capsicum,0.325,16.0
2021-08-26,7 colour pepper,capsicum,0.31428571428571433,16.0
2021-08-28,7 colour pepper,capsicum,0.2,16.0
2021-08-30,7 colour pepper,capsicum,0.3,16.0
2021-08-31,7 colour pepper,capsicum,0.18,16.0
2021-09-01,7 colour pepper,capsicum,0.25,16.0
2021-09-02,7 colour pepper,capsicum,0.225,16.0
2021-09-03,7 colour pepper,capsicum,0.20000000000000004,16.0
2021-09-04,7 colour pepper,capsicum,0.2,16.0
2021-09-05,7 colour pepper,capsicum,0.22000000000000003,16.0
2021-09-08,7 colour pepper,capsicum,0.2,16.0
2021-09-09,7 colour pepper,capsicum,0.3,16.0
2021-09-10,7 colour pepper,capsicum,0.26666666666666666,16.0
2021-09-11,7 colour pepper,capsicum,0.3,16.0
2021-09-12,7 colour pepper,capsicum,0.3666666666666667,19.8
2021-09-19,7 colour pepper,capsicum,0.26666666666666666,25.8
2021-09-20,7 colour pepper,capsicum,0.3,19.8
2021-09-21,7 colour pepper,capsicum,0.2714285714285714,19.8
2021-09-22,7 colour pepper,capsicum,0.25,19.8
2021-09-23,7 colour pepper,capsicum,0.2,19.8
2021-09-24,7 colour pepper,capsicum,0.24285714285714288,19.8
2021-09-25,7 colour pepper,capsicum,0.225,19.8
2021-09-27,7 colour pepper,capsicum,0.26666666666666666,19.8
2021-09-28,7 colour pepper,capsicum,0.225,19.8
2021-09-29,7 colour pepper,capsicum,0.2,19.8
2021-10-01,7 colour pepper,capsicum,0.2,19.8
2021-10-03,7 colour pepper,capsicum,0.3,19.8
2021-10-12,7 colour pepper,capsicum,0.2,19.8
2021-10-14,7 colour pepper,capsicum,0.2,19.8
2021-10-15,7 colour pepper,capsicum,0.2,19.8
2021-10-16,7 colour pepper,capsicum,0.2,21.6
2021-10-17,7 colour pepper,capsicum,0.4,23.6
2021-12-24,7 colour pepper,capsicum,0.2,21.6
2022-01-12,7 colour pepper,capsicum,0.2,19.8
2022-01-14,7 colour pepper,capsicum,0.2,19.8
2022-01-15,7 colour pepper,capsicum,0.25,19.8
2022-01-16,7 colour pepper,capsicum,0.2,19.8
2022-01-17,7 colour pepper,capsicum,0.3,21.6
2022-01-19,7 colour pepper,capsicum,0.2,23.6
2022-01-20,7 colour pepper,capsicum,0.4,23.6
2022-01-27,7 colour pepper,capsicum,0.23750000000000002,25.8
2022-01-28,7 colour pepper,capsicum,0.26666666666666666,25.8
2022-01-29,7 colour pepper,capsicum,0.3333333333333333,25.8
2022-01-30,7 colour pepper,capsicum,0.3666666666666667,25.8
2022-02-01,7 colour pepper,capsicum,0.32,25.8
2022-02-02,7 colour pepper,capsicum,0.3,25.8
2022-02-03,7 colour pepper,capsicum,0.26666666666666666,25.8
2022-02-04,7 colour pepper,capsicum,0.27,25.8
2022-02-05,7 colour pepper,capsicum,0.2285714285714286,27.6
2022-02-07,7 colour pepper,capsicum,0.25,27.6
2022-02-14,7 colour pepper,capsicum,0.2,25.8
2021-01-01,bell pepper,capsicum,0.25,16.0
2021-01-05,bell pepper,capsicum,0.2,16.0
2021-01-06,bell pepper,capsicum,0.30000000000000004,16.0
2021-01-07,bell pepper,capsicum,0.3333333333333333,16.0
2021-01-08,bell pepper,capsicum,0.35,16.0
2021-01-10,bell pepper,capsicum,0.3333333333333333,16.0
2021-01-11,bell pepper,capsicum,0.3,16.0
2021-01-13,bell pepper,capsicum,0.4,16.0
2021-01-14,bell pepper,capsicum,0.23333333333333336,16.0
2021-01-16,bell pepper,capsicum,0.4,16.0
2021-01-17,bell pepper,capsicum,0.3666666666666667,16.0
2021-01-18,bell pepper,capsicum,0.375,16.0
2021-01-21,bell pepper,capsicum,0.4,16.0
2021-02-03,bell pepper,capsicum,0.4,19.8
2021-02-10,bell pepper,capsicum,0.275,19.8
2021-02-13,bell pepper,capsicum,0.30000000000000004,19.8
2021-02-14,bell pepper,capsicum,0.38181818181818183,24.163636363636364
2021-02-15,bell pepper,capsicum,0.3,25.8
2021-03-01,bell pepper,capsicum,0.3,16.0
2021-05-08,bell pepper,capsicum,0.2,10.0
2021-06-08,bell pepper,capsicum,0.1,10.0
2021-06-19,bell pepper,capsicum,0.3,8.0
2021-07-29,bell pepper,capsicum,0.2,10.0
2021-08-13,bell pepper,capsicum,0.3333333333333333,10.0
2021-08-14,bell pepper,capsicum,0.4,10.0
2021-08-20,bell pepper,capsicum,0.25,12.0
2021-08-21,bell pepper,capsicum,0.3666666666666667,12.0
2021-08-22,bell pepper,capsicum,0.35714285714285715,12.0
2021-08-24,bell pepper,capsicum,0.30000000000000004,12.0
2021-08-25,bell pepper,capsicum,0.2,12.0
2021-08-26,bell pepper,capsicum,0.2,10.0
2021-08-27,bell pepper,capsicum,0.26666666666666666,10.0
2021-08-28,bell pepper,capsicum,0.3333333333333333,10.0
2021-08-29,bell pepper,capsicum,0.35,10.0
2021-08-30,bell pepper,capsicum,0.4,10.0
2021-08-31,bell pepper,capsicum,0.3,10.0
2021-09-01,bell pepper,capsicum,0.2,10.0
2021-09-02,bell pepper,capsicum,0.20000000000000004,10.0
2021-09-03,bell pepper,capsicum,0.275,10.0
2021-09-04,bell pepper,capsicum,0.375,10.0
2021-09-05,bell pepper,capsicum,0.36666666666666664,10.0
2021-09-06,bell pepper,capsicum,0.3,10.0
2021-09-08,bell pepper,capsicum,0.30000000000000004,10.0
2021-09-09,bell pepper,capsicum,0.2,10.0
2021-09-10,bell pepper,capsicum,0.4,10.0
2021-09-11,bell pepper,capsicum,0.2,10.0
2021-09-12,bell pepper,capsicum,0.2,10.0
2021-09-19,bell pepper,capsicum,0.42000000000000004,12.0
2021-09-20,bell pepper,capsicum,0.33636363636363636,12.0
2021-09-21,bell pepper,capsicum,0.3,12.0
2021-09-22,bell pepper,capsicum,0.15000000000000002,12.0
2021-09-23,bell pepper,capsicum,0.5,12.0
2021-09-24,bell pepper,capsicum,0.22000000000000003,14.0
2021-09-25,bell pepper,capsicum,0.26666666666666666,14.0
2021-09-26,bell pepper,capsicum,0.4,14.0
2021-09-27,bell pepper,capsicum,0.4,14.0
2021-09-28,bell pepper,capsicum,0.2,14.0
2021-09-29,bell pepper,capsicum,0.1,14.0
2021-10-03,bell pepper,capsicum,0.1,12.0
2021-10-28,bell pepper,capsicum,0.3,14.0
2022-01-14,bell pepper,capsicum,0.2,12.0
2022-01-15,bell pepper,capsicum,0.3,12.0
2022-01-16,bell pepper,capsicum,0.39999999999999997,12.0
2022-01-18,bell pepper,capsicum,0.3,12.0
2022-01-19,bell pepper,capsicum,0.1,12.0
2022-01-20,bell pepper,capsicum,0.5,12.0
2022-01-27,bell pepper,capsicum,0.33999999999999997,18.0
2022-01-28,bell pepper,capsicum,0.22000000000000003,18.0
2022-01-29,bell pepper,capsicum,0.3666666666666667,18.0
2022-01-30,bell pepper,capsicum,0.16666666666666666,18.0
