sales_analysis/datasets/daily_mean.csv
date,item_name,category_name,quantity_sold_kg,unit_selling_price_rmb/kg
2021-01-01,caidian quinoa artemisia,flower,0.25,19.8
2021-01-02,caidian quinoa artemisia,flower,0.43333333333333335,19.8
2021-01-03,caidian quinoa artemisia,flower,0.35000000000000003,19.8
2021-01-04,caidian quinoa artemisia,flower,0.3,19.8
2021-01-05,caidian quinoa artemisia,flower,0.3666666666666667,21.8
2021-01-06,caidian quinoa artemisia,flower,0.3,25.8
2021-01-07,caidian quinoa artemisia,flower,0.27999999999999997,25.8
2021-01-08,caidian quinoa artemisia,flower,0.3,25.8
2021-01-09,caidian quinoa artemisia,flower,0.2875,25.8
2021-01-10,caidian quinoa artemisia,flower,0.275,25.8
2021-01-18,caidian quinoa artemisia,flower,0.2714285714285714,29.8
2021-01-22,caidian quinoa artemisia,flower,0.225,19.8
2021-01-23,caidian quinoa artemisia,flower,0.3,19.8
2021-02-03,caidian quinoa artemisia,flower,0.3,16.0
2021-02-05,caidian quinoa artemisia,flower,0.2608695652173913,16.0
2021-02-06,caidian quinoa artemisia,flower,0.3142857142857143,16.0
2021-02-07,caidian quinoa artemisia,flower,0.39166666666666666,16.0
2021-02-08,caidian quinoa artemisia,flower,0.5583333333333333,19.8
2021-02-10,caidian quinoa artemisia,flower,0.5054054054054054,23.8
2021-02-13,caidian quinoa artemisia,flower,0.45,23.8
2021-02-14,caidian quinoa artemisia,flower,0.41999999999999993,23.0
2021-02-16,caidian quinoa artemisia,flower,0.4375,19.8
2021-02-17,caidian quinoa artemisia,flower,0.35,19.8
2021-02-18,caidian quinoa artemisia,flower,0.36,19.8
2021-02-19,caidian quinoa artemisia,flower,0.46399999999999997,19.8
2021-02-20,caidian quinoa artemisia,flower,0.41785714285714287,19.8
2021-02-21,caidian quinoa artemisia,flower,0.4117647058823529,16.0
2021-02-22,caidian quinoa artemisia,flower,0.275,16.0
2021-02-23,caidian quinoa artemisia,flower,0.3346153846153846,16.0
2021-02-27,caidian quinoa artemisia,flower,0.316,12.0
2021-03-01,caidian quinoa artemisia,flower,0.375,16.0
2021-03-02,caidian quinoa artemisia,flower,0.35454545454545455,16.0
2021-03-03,caidian quinoa artemisia,flower,0.5111111111111111,14.0
2021-03-04,caidian quinoa artemisia,flower,0.37142857142857144,14.0
2021-03-05,caidian quinoa artemisia,flower,0.36,14.0
2021-03-06,caidian quinoa artemisia,flower,0.33999999999999997,14.0
2021-03-07,caidian quinoa artemisia,flower,0.38461538461538464,14.0
2021-03-08,caidian quinoa artemisia,flower,0.39999999999999997,14.0
2021-03-09,caidian quinoa artemisia,flower,0.4166666666666667,14.0
2021-03-10,caidian quinoa artemisia,flower,0.4666666666666666,14.0
2021-03-11,caidian quinoa artemisia,flower,0.38,14.0
2021-03-12,caidian quinoa artemisia,flower,0.41818181818181815,14.0
2021-03-13,caidian quinoa artemisia,flower,0.35454545454545455,14.0
2021-03-14,caidian quinoa artemisia,flower,0.375,12.0
2021-03-15,caidian quinoa artemisia,flower,0.33999999999999997,12.0
2021-03-16,caidian quinoa artemisia,flower,0.26,12.0
2021-03-17,caidian quinoa artemisia,flower,0.45999999999999996,12.0
2021-03-18,caidian quinoa artemisia,flower,0.2,14.0
2021-03-22,caidian quinoa artemisia,flower,0.325,14.0
2021-03-23,caidian quinoa artemisia,flower,0.39999999999999997,14.0
2021-03-24,caidian quinoa artemisia,flower,0.35555555555555557,14.0
2021-03-25,caidian quinoa artemisia,flower,0.35000000000000003,14.0
2021-03-27,caidian quinoa artemisia,flower,0.3499999999999999,14.0
2021-03-28,caidian quinoa artemisia,flower,0.2733333333333334,14.0
2021-03-29,caidian quinoa artemisia,flower,0.31,14.0
2021-03-30,caidian quinoa artemisia,flower,0.39999999999999997,14.0
2021-03-31,caidian quinoa artemisia,flower,0.24,14.0
2021-04-01,caidian quinoa artemisia,flower,0.35000000000000003,12.0
2021-04-02,caidian quinoa artemisia,flower,0.3375,12.0
2021-04-03,caidian quinoa artemisia,flower,0.3464285714285714,12.0
2021-04-04,caidian quinoa artemisia,flower,0.3347826086956522,12.0
2021-04-05,caidian quinoa artemisia,flower,0.375,12.0
2021-04-06,caidian quinoa artemisia,flower,0.225,12.0
2021-04-07,caidian quinoa artemisia,flower,0.3181818181818182,12.0
2021-04-08,caidian quinoa artemisia,flower,0.4125,12.0
2021-04-09,caidian quinoa artemisia,flower,0.325,12.0
2021-04-10,caidian quinoa artemisia,flower,0.3294117647058824,12.0
2021-04-11,caidian quinoa artemisia,flower,0.22272727272727275,12.0
2021-04-12,caidian quinoa artemisia,flower,0.30000000000000004,12.0
2021-04-13,caidian quinoa artemisia,flower,0.38,12.0
2021-04-14,caidian quinoa artemisia,flower,0.3428571428571429,14.0
2021-04-15,caidian quinoa artemisia,flower,0.2285714285714286,14.0
2021-04-16,caidian quinoa artemisia,flower,0.35000000000000003,12.0
2021-04-17,caidian quinoa artemisia,flower,0.25384615384615383,12.0
2021-04-18,caidian quinoa artemisia,flower,0.2,12.0
2021-04-19,caidian quinoa artemisia,flower,0.35,10.0
2021-04-20,caidian quinoa artemisia,flower,0.37857142857142856,6.571428571428571
2021-04-21,caidian quinoa artemisia,flower,0.39285714285714285,10.0
2021-04-22,caidian quinoa artemisia,flower,0.43571428571428567,10.0
2021-04-23,caidian quinoa artemisia,flower,0.3266666666666667,10.0
2021-04-24,caidian quinoa artemisia,flower,0.3,10.0
2021-04-25,caidian quinoa artemisia,flower,0.34444444444444444,10.0
2021-04-26,caidian quinoa artemisia,flower,0.2285714285714286,10.0
2021-04-27,caidian quinoa artemisia,flower,0.42000000000000004,10.0
2021-04-28,caidian quinoa artemisia,flower,0.2833333333333334,10.0
2021-04-29,caidian quinoa artemisia,flower,0.30000000000000004,10.0
2021-04-30,caidian quinoa artemisia,flower,0.4,10.0
2021-05-03,caidian quinoa artemisia,flower,0.20000000000000004,10.0
2021-05-04,caidian quinoa artemisia,flower,0.3166666666666667,10.0
2021-05-05,caidian quinoa artemisia,flower,0.2875,10.0
2021-05-06,caidian quinoa artemisia,flower,0.3,10.0
2021-05-07,caidian quinoa artemisia,flower,0.2,10.0
2021-09-14,caidian quinoa artemisia,flower,0.3909090909090909,10.0
2021-09-15,caidian quinoa artemisia,flower,0.4555555555555555,10.0
2021-09-16,caidian quinoa artemisia,flower,0.3,10.0
2021-09-17,caidian quinoa artemisia,flower,0.3833333333333333,10.0
2021-09-18,caidian quinoa artemisia,flower,0.3230769230769231,12.0
2021-09-19,caidian quinoa artemisia,flower,0.3933333333333333,14.0
2021-09-20,caidian quinoa artemisia,flower,0.36428571428571427,14.0
2021-09-21,caidian quinoa artemisia,flower,0.3333333333333333,14.0
2021-09-22,caidian quinoa artemisia,flower,0.36,14.0
2021-09-23,caidian quinoa artemisia,flower,0.48,14.0
2021-09-24,caidian quinoa artemisia,flower,0.30000000000000004,14.0
2021-09-25,caidian quinoa artemisia,flower,0.2857142857142857,14.0
2021-09-26,caidian quinoa artemisia,flower,0.32857142857142857,14.0
2021-09-27,caidian quinoa artemisia,flower,0.39999999999999997,14.0
2021-09-28,caidian quinoa artemisia,flower,0.375,14.0
2021-09-29,caidian quinoa artemisia,flower,0.475,14.0
2021-09-30,caidian quinoa artemisia,flower,0.725,14.0
2021-10-01,caidian quinoa artemisia,flower,0.3625,14.0
2021-10-02,caidian quinoa artemisia,flower,0.375,14.0
2021-10-03,caidian quinoa artemisia,flower,0.39999999999999997,14.0
2021-10-04,caidian quinoa artemisia,flower,0.3833333333333333,14.0
2021-10-06,caidian quinoa artemisia,flower,0.32857142857142857,14.0
2021-10-07,caidian quinoa artemisia,flower,0.3,14.0
2021-10-08,caidian quinoa artemisia,flower,0.3,14.0
2021-10-09,caidian quinoa artemisia,flower,0.27,14.0
2021-10-10,caidian quinoa artemisia,flower,0.5900000000000001,14.0
2021-10-11,caidian quinoa artemisia,flower,0.3,14.0
2021-10-12,caidian quinoa artemisia,flower,0.4428571428571429,14.0
2021-10-13,caidian quinoa artemisia,flower,0.3666666666666667,14.0
2021-10-14,caidian quinoa artemisia,flower,0.25,14.0
2021-10-15,caidian quinoa artemisia,flower,0.26666666666666666,14.0
2021-10-16,caidian quinoa artemisia,flower,0.36666666666666664,14.0
2021-10-17,caidian quinoa artemisia,flower,0.3333333333333333,16.0
2021-10-18,caidian quinoa artemisia,flower,0.6,18.0
2021-10-19,caidian quinoa artemisia,flower,0.375,18.0
2021-10-20,caidian quinoa artemisia,flower,0.5,18.0
2021-10-21,caidian quinoa artemisia,flower,0.4,19.8
2021-10-23,caidian quinoa artemisia,flower,0.4428571428571429,19.8
2021-10-24,caidian quinoa artemisia,flower,0.35,19.8
2021-10-25,caidian quinoa artemisia,flower,0.35,19.8
2021-10-26,caidian quinoa artemisia,flower,0.3,19.8
2021-10-29,caidian quinoa artemisia,flower,0.4166666666666667,18.0
2021-10-30,caidian quinoa artemisia,flower,0.5666666666666667,18.0
2021-11-01,caidian quinoa artemisia,flower,0.5,18.0
2021-11-02,caidian quinoa artemisia,flower,0.4,18.0
2021-11-04,caidian quinoa artemisia,flower,0.3,18.0
2021-11-05,caidian quinoa artemisia,flower,0.32,16.0
2021-11-06,caidian quinoa artemisia,flower,0.32,16.0
2021-11-07,caidian quinoa artemisia,flower,0.35,16.0
2021-11-08,caidian quinoa artemisia,flower,0.4666666666666666,16.0
2021-11-09,caidian quinoa artemisia,flower,0.3,16.0
2021-11-11,caidian quinoa artemisia,flower,0.4,16.0
2021-11-12,caidian quinoa artemisia,flower,0.3,16.0
2021-11-14,caidian quinoa artemisia,flower,0.3,16.0
2021-11-15,caidian quinoa artemisia,flower,0.3,18.0
2021-11-17,caidian quinoa artemisia,flower,0.4,18.0
2021-11-18,caidian quinoa artemisia,flower,0.48,18.0
2021-11-20,caidian quinoa artemisia,flower,0.39999999999999997,18.0
2021-11-21,caidian quinoa artemisia,flower,0.35454545454545455,19.8
2021-11-22,caidian quinoa artemisia,flower,0.35,19.8
2021-11-23,caidian quinoa artemisia,flower,0.6,19.8
2022-01-22,caidian quinoa artemisia,flower,0.375,21.6
2022-01-23,caidian quinoa artemisia,flower,0.38,21.6
2022-01-25,caidian quinoa artemisia,flower,0.45999999999999996,21.6
2022-01-26,caidian quinoa artemisia,flower,0.625,23.6
2022-01-27,caidian quinoa artemisia,flower,0.26666666666666666,27.600000000000005
2022-01-28,caidian quinoa artemisia,flower,0.3,33.6
2022-03-15,caidian quinoa artemisia,flower,0.48,10.0
2022-03-16,caidian quinoa artemisia,flower,0.4222222222222223,10.0
2022-03-17,caidian quinoa artemisia,flower,0.5631578947368421,10.0
2022-03-18,caidian quinoa artemisia,flower,0.5599999999999999,10.0
2022-03-19,caidian quinoa artemisia,flower,0.6,10.0
2022-03-20,caidian quinoa artemisia,flower,0.45,10.0
2022-03-21,caidian quinoa artemisia,flower,0.49411764705882355,12.0
2022-03-22,caidian quinoa artemisia,flower,0.6,12.0
2022-03-23,caidian quinoa artemisia,flower,0.5444444444444445,12.0
2022-03-24,caidian quinoa artemisia,flower,0.5875,12.0
2022-03-25,caidian quinoa artemisia,flower,0.525,12.0
2022-03-26,caidian quinoa artemisia,flower,0.5875,12.0
2022-03-27,caidian quinoa artemisia,flower,0.5,12.0
2022-03-28,caidian quinoa artemisia,flower,0.5,12.0
2022-03-29,caidian quinoa artemisia,flower,0.5333333333333333,12.0
2022-03-30,caidian quinoa artemisia,flower,0.4666666666666666,12.0
2022-03-31,caidian quinoa artemisia,flower,0.4,12.0
2022-04-01,caidian quinoa artemisia,flower,0.5,12.0
2022-04-02,caidian quinoa artemisia,flower,0.55,12.0
2022-04-03,caidian quinoa artemisia,flower,0.5692307692307692,12.0
2022-04-04,caidian quinoa artemisia,flower,0.54,12.0
2022-04-07,caidian quinoa artemisia,flower,0.5666666666666667,12.0
2022-04-08,caidian quinoa artemisia,flower,0.4666666666666666,12.0
2022-04-09,caidian quinoa artemisia,flower,0.55,12.0
2022-04-10,caidian quinoa artemisia,flower,0.5714285714285714,12.0
2022-04-11,caidian quinoa artemisia,flower,0.3,12.0
2022-09-18,caidian quinoa artemisia,flower,0.2647058823529412,18.405882352941177
2022-09-19,caidian quinoa artemisia,flower,0.2090909090909091,12.618181818181819
2022-09-20,caidian quinoa artemisia,flower,0.3,18.220000000000002
2022-09-21,caidian quinoa artemisia,flower,0.27999999999999997,15.85
2022-09-22,caidian quinoa artemisia,flower,0.26666666666666666,18.483333333333334
2022-09-23,caidian quinoa artemisia,flower,0.3111111111111111,16.288888888888888
2022-09-24,caidian quinoa artemisia,flower,0.30000000000000004,18.044444444444444
2022-09-25,caidian quinoa artemisia,flower,0.2375,19.8
2022-09-26,caidian quinoa artemisia,flower,0.27999999999999997,19.8
2022-09-27,caidian quinoa artemisia,flower,0.2,19.8
