sales_analysis/datasets/daily_mean.csv
date,item_name,category_name,quantity_sold_kg,unit_selling_price_rmb/kg
2021-01-01,fresh black fungus,mushroom,0.26,14.0
2021-01-02,fresh black fungus,mushroom,0.3,14.0
2021-01-03,fresh black fungus,mushroom,0.225,14.0
2021-01-04,fresh black fungus,mushroom,0.3,14.0
2021-01-05,fresh black fungus,mushroom,0.22000000000000003,14.0
2021-01-06,fresh black fungus,mushroom,0.26666666666666666,14.0
2021-01-07,fresh black fungus,mushroom,0.20000000000000004,14.0
2021-01-08,fresh black fungus,mushroom,0.3,14.0
2021-01-09,fresh black fungus,mushroom,0.25,14.0
2021-01-10,fresh black fungus,mushroom,0.2571428571428572,14.0
2021-01-12,fresh black fungus,mushroom,0.2,14.0
2021-01-13,fresh black fungus,mushroom,0.25,14.0
2021-01-14,fresh black fungus,mushroom,0.3,14.0
2021-01-15,fresh black fungus,mushroom,0.26666666666666666,14.0
2021-01-16,fresh black fungus,mushroom,0.2,14.0
2021-01-17,fresh black fungus,mushroom,0.26666666666666666,14.0
2021-01-18,fresh black fungus,mushroom,0.3,14.0
2021-01-19,fresh black fungus,mushroom,0.2,14.0
2021-01-20,fresh black fungus,mushroom,0.225,14.0
2021-01-21,fresh black fungus,mushroom,0.24,14.0
2021-01-23,fresh black fungus,mushroom,0.3,14.0
2021-01-24,fresh black fungus,mushroom,0.2571428571428572,14.0
2021-01-25,fresh black fungus,mushroom,0.2,14.0
2021-01-26,fresh black fungus,mushroom,0.2,14.0
2021-01-27,fresh black fungus,mushroom,0.25,14.0
2021-01-28,fresh black fungus,mushroom,0.275,14.0
2021-01-29,fresh black fungus,mushroom,0.3,14.0
2021-01-30,fresh black fungus,mushroom,0.25,14.0
2021-01-31,fresh black fungus,mushroom,0.2333333333333333,14.0
2021-02-01,fresh black fungus,mushroom,0.25,14.0
2021-02-02,fresh black fungus,mushroom,0.3,14.0
2021-02-03,fresh black fungus,mushroom,0.35,14.0
2021-02-05,fresh black fungus,mushroom,0.31,14.0
2021-02-06,fresh black fungus,mushroom,0.25,14.0
2021-02-07,fresh black fungus,mushroom,0.3,14.0
2021-02-08,fresh black fungus,mushroom,0.25,14.0
2021-02-09,fresh black fungus,mushroom,0.24,14.0
2021-02-10,fresh black fungus,mushroom,0.2857142857142857,14.0
2021-02-13,fresh black fungus,mushroom,0.2,14.0
2021-02-14,fresh black fungus,mushroom,0.3,14.0
2021-02-15,fresh black fungus,mushroom,0.22307692307692306,14.0
2021-02-16,fresh black fungus,mushroom,0.32941176470588235,14.0
2021-02-17,fresh black fungus,mushroom,0.31666666666666665,14.0
2021-02-18,fresh black fungus,mushroom,0.3,14.0
2021-02-19,fresh black fungus,mushroom,0.31428571428571433,14.0
2021-02-20,fresh black fungus,mushroom,0.3,14.0
2021-02-21,fresh black fungus,mushroom,0.3,14.0
2021-02-22,fresh black fungus,mushroom,0.3,14.0
2021-02-23,fresh black fungus,mushroom,0.26666666666666666,14.0
2021-02-24,fresh black fungus,mushroom,0.3,14.0
2021-02-25,fresh black fungus,mushroom,0.26,14.0
2021-02-26,fresh black fungus,mushroom,0.26,14.0
2021-02-27,fresh black fungus,mushroom,0.2,14.0
2021-02-28,fresh black fungus,mushroom,0.25,14.0
2021-03-01,fresh black fungus,mushroom,0.25,14.0
2021-03-02,fresh black fungus,mushroom,0.24,14.0
2021-03-03,fresh black fungus,mushroom,0.22000000000000003,14.0
2021-03-04,fresh black fungus,mushroom,0.24285714285714285,14.0
2021-03-05,fresh black fungus,mushroom,0.2,14.0
2021-03-06,fresh black fungus,mushroom,0.24285714285714285,14.0
2021-03-07,fresh black fungus,mushroom,0.3,14.0
2021-03-08,fresh black fungus,mushroom,0.225,14.0
2021-03-09,fresh black fungus,mushroom,0.2333333333333333,14.0
2021-03-10,fresh black fungus,mushroom,0.3,14.0
2021-03-11,fresh black fungus,mushroom,0.20000000000000004,14.0
2021-03-12,fresh black fungus,mushroom,0.20000000000000004,14.0
2021-03-13,fresh black fungus,mushroom,0.24,14.0
2021-03-14,fresh black fungus,mushroom,0.25,14.0
2021-03-15,fresh black fungus,mushroom,0.20000000000000004,14.0
2021-03-16,fresh black fungus,mushroom,0.20000000000000004,14.0
2021-03-17,fresh black fungus,mushroom,0.2333333333333333,14.0
2021-03-18,fresh black fungus,mushroom,0.275,14.0
2021-03-19,fresh black fungus,mushroom,0.2333333333333333,14.0
2021-03-20,fresh black fungus,mushroom,0.26666666666666666,14.0
2021-03-21,fresh black fungus,mushroom,0.3,14.0
2021-03-22,fresh black fungus,mushroom,0.3,14.0
2021-03-23,fresh black fungus,mushroom,0.3,14.0
2021-03-24,fresh black fungus,mushroom,0.4,14.0
2021-03-25,fresh black fungus,mushroom,0.35,14.0
2021-03-26,fresh black fungus,mushroom,0.3,14.0
2021-03-28,fresh black fungus,mushroom,0.275,14.0
2021-03-29,fresh black fungus,mushroom,0.2333333333333333,14.0
2021-03-30,fresh black fungus,mushroom,0.25,14.0
2021-03-31,fresh black fungus,mushroom,0.25,14.0
2021-04-01,fresh black fungus,mushroom,0.275,14.0
2021-04-02,fresh black fungus,mushroom,0.3,14.0
2021-04-03,fresh black fungus,mushroom,0.33999999999999997,14.0
2021-04-04,fresh black fungus,mushroom,0.3,14.0
2021-04-05,fresh black fungus,mushroom,0.3,14.0
2021-04-06,fresh black fungus,mushroom,0.3,14.0
2021-04-07,fresh black fungus,mushroom,0.3,14.0
2021-04-08,fresh black fungus,mushroom,0.3,14.0
2021-04-09,fresh black fungus,mushroom,0.3,14.0
2021-04-11,fresh black fungus,mushroom,0.2,14.0
2021-04-12,fresh black fungus,mushroom,0.2333333333333333,12.0
2021-04-13,fresh black fungus,mushroom,0.26,12.0
2021-04-14,fresh black fungus,mushroom,0.24,12.0
2021-04-15,fresh black fungus,mushroom,0.26666666666666666,12.0
2021-04-16,fresh black fungus,mushroom,0.3,12.0
2021-04-17,fresh black fungus,mushroom,0.3,12.0
2021-04-18,fresh black fungus,mushroom,0.225,12.0
2021-04-19,fresh black fungus,mushroom,0.25,12.0
2021-04-20,fresh black fungus,mushroom,0.2,12.0
2021-04-21,fresh black fungus,mushroom,0.3666666666666667,12.0
2021-04-22,fresh black fungus,mushroom,0.3,12.0
2021-04-23,fresh black fungus,mushroom,0.3,12.0
2021-04-24,fresh black fungus,mushroom,0.27999999999999997,12.0
2021-04-29,fresh black fungus,mushroom,0.3,12.0
2021-05-29,fresh black fungus,mushroom,0.3,12.0
2021-06-01,fresh black fungus,mushroom,0.2,12.0
2021-06-02,fresh black fungus,mushroom,0.2,12.0
2021-06-03,fresh black fungus,mushroom,0.22000000000000003,12.0
2021-06-04,fresh black fungus,mushroom,0.2,12.0
2021-06-05,fresh black fungus,mushroom,0.2,12.0
2021-06-06,fresh black fungus,mushroom,0.25,12.0
2021-06-09,fresh black fungus,mushroom,0.3,12.0
2021-06-11,fresh black fungus,mushroom,0.2333333333333333,12.0
2021-06-12,fresh black fungus,mushroom,0.3,12.0
2021-06-14,fresh black fungus,mushroom,0.3,12.0
2021-06-15,fresh black fungus,mushroom,0.3,12.0
2021-06-16,fresh black fungus,mushroom,0.3,12.0
2021-06-18,fresh black fungus,mushroom,0.3,12.0
2021-06-19,fresh black fungus,mushroom,0.2333333333333333,12.0
2021-06-23,fresh black fungus,mushroom,0.3,12.0
2021-06-24,fresh black fungus,mushroom,0.2333333333333333,12.0
2021-06-26,fresh black fungus,mushroom,0.25,12.0
2021-06-27,fresh black fungus,mushroom,0.25,12.0
2021-06-28,fresh black fungus,mushroom,0.20000000000000004,12.0
2021-06-29,fresh black fungus,mushroom,0.26666666666666666,12.0
2021-06-30,fresh black fungus,mushroom,0.20000000000000004,12.0
2021-07-02,fresh black fungus,mushroom,0.3,12.0
2021-07-03,fresh black fungus,mushroom,0.26666666666666666,12.0
2021-07-04,fresh black fungus,mushroom,0.2,12.0
2021-07-05,fresh black fungus,mushroom,0.2,12.0
2021-07-06,fresh black fungus,mushroom,0.3,12.0
2021-07-24,fresh black fungus,mushroom,0.3,12.0
2021-01-01,haixian mushroom,mushroom,0.26666666666666666,14.0
2021-01-02,haixian mushroom,mushroom,0.30000000000000004,14.0
2021-01-03,haixian mushroom,mushroom,0.23333333333333336,14.0
2021-01-04,haixian mushroom,mushroom,0.3,14.0
2021-01-05,haixian mushroom,mushroom,0.275,14.0
2021-01-06,haixian mushroom,mushroom,0.15000000000000002,16.0
2021-01-07,haixian mushroom,mushroom,0.18,16.0
2021-01-08,haixian mushroom,mushroom,0.2,16.0
2021-01-09,haixian mushroom,mushroom,0.3,16.0
2021-01-10,haixian mushroom,mushroom,0.3,16.0
2021-01-11,haixian mushroom,mushroom,0.30000000000000004,16.0
2021-01-12,haixian mushroom,mushroom,0.17500000000000002,16.0
2021-01-13,haixian mushroom,mushroom,0.3,16.0
2021-01-14,haixian mushroom,mushroom,0.2,16.0
2021-01-15,haixian mushroom,mushroom,0.15000000000000002,16.0
2021-01-16,haixian mushroom,mushroom,0.24,16.0
2021-01-17,haixian mushroom,mushroom,0.225,16.0
2021-01-18,haixian mushroom,mushroom,0.20000000000000004,16.0
2021-01-19,haixian mushroom,mushroom,0.2,16.0
2021-01-20,haixian mushroom,mushroom,0.3,16.0
2021-01-21,haixian mushroom,mushroom,0.3,16.0
2021-01-22,haixian mushroom,mushroom,0.325,16.0
2021-01-23,haixian mushroom,mushroom,0.325,16.0
2021-01-24,haixian mushroom,mushroom,0.2,16.0
2021-01-25,haixian mushroom,mushroom,0.25,16.0
2021-01-27,haixian mushroom,mushroom,0.225,16.0
2021-01-28,haixian mushroom,mushroom,0.1,16.0
2021-01-29,haixian mushroom,mushroom,0.20000000000000004,16.0
2021-01-30,haixian mushroom,mushroom,0.43333333333333335,16.0
2021-01-31,haixian mushroom,mushroom,0.15000000000000002,14.0
2021-02-01,haixian mushroom,mushroom,0.2333333333333333,14.0
2021-02-02,haixian mushroom,mushroom,0.23333333333333336,14.0
2021-02-03,haixian mushroom,mushroom,0.2,14.0
2021-02-04,haixian mushroom,mushroom,0.3,14.0
2021-02-06,haixian mushroom,mushroom,0.30000000000000004,14.0
2021-02-07,haixian mushroom,mushroom,0.27999999999999997,14.0
2021-02-08,haixian mushroom,mushroom,0.3333333333333333,14.0
2021-02-09,haixian mushroom,mushroom,0.34285714285714286,16.0
2021-02-10,haixian mushroom,mushroom,0.39999999999999997,16.0
2021-02-14,haixian mushroom,mushroom,0.275,16.0
2021-02-15,haixian mushroom,mushroom,0.25,16.0
2021-02-16,haixian mushroom,mushroom,0.3833333333333333,16.0
2021-02-17,haixian mushroom,mushroom,0.425,16.0
2021-02-18,haixian mushroom,mushroom,0.2333333333333333,16.0
2021-02-19,haixian mushroom,mushroom,0.35,16.0
2021-02-20,haixian mushroom,mushroom,0.13333333333333333,16.0
2021-02-21,haixian mushroom,mushroom,0.24,16.0
2021-03-28,haixian mushroom,mushroom,0.225,12.0
2021-03-29,haixian mushroom,mushroom,0.2714285714285714,12.0
2021-03-30,haixian mushroom,mushroom,0.25,12.0
2021-04-01,haixian mushroom,mushroom,0.25,12.0
2021-04-02,haixian mushroom,mushroom,0.22999999999999998,12.0
2021-04-03,haixian mushroom,mushroom,0.24,12.0
2021-04-04,haixian mushroom,mushroom,0.29230769230769227,12.0
2021-04-05,haixian mushroom,mushroom,0.25,12.0
2021-04-06,haixian mushroom,mushroom,0.35,12.0
2021-04-07,haixian mushroom,mushroom,0.2625,12.0
2021-05-09,haixian mushroom,mushroom,0.225,12.0
2021-05-10,haixian mushroom,mushroom,0.2,12.0
2021-05-11,haixian mushroom,mushroom,0.16666666666666666,12.0
2021-05-12,haixian mushroom,mushroom,0.19,12.0
2021-05-13,haixian mushroom,mushroom,0.19999999999999998,12.0
2021-05-14,haixian mushroom,mushroom,0.17500000000000002,12.0
2021-05-15,haixian mushroom,mushroom,0.23750000000000002,12.0
2021-05-18,haixian mushroom,mushroom,0.19999999999999998,12.0
2021-05-19,haixian mushroom,mushroom,0.2625,12.0
2021-05-20,haixian mushroom,mushroom,0.15555555555555556,12.0
2021-05-21,haixian mushroom,mushroom,0.21666666666666667,12.0
2021-05-22,haixian mushroom,mushroom,0.2,12.0
2021-05-23,haixian mushroom,mushroom,0.2222222222222222,12.0
2021-05-24,haixian mushroom,mushroom,0.2571428571428572,12.0
2021-05-25,haixian mushroom,mushroom,0.21250000000000002,12.0
2021-05-26,haixian mushroom,mushroom,0.16666666666666666,12.0
2021-05-27,haixian mushroom,mushroom,0.2,12.0
2021-05-28,haixian mushroom,mushroom,0.2,12.0
2021-05-29,haixian mushroom,mushroom,0.2222222222222222,12.0
2021-05-30,haixian mushroom,mushroom,0.19999999999999998,12.0
2021-05-31,haixian mushroom,mushroom,0.2333333333333333,12.0
2021-06-01,haixian mushroom,mushroom,0.25,12.0
2021-06-02,haixian mushroom,mushroom,0.25,12.0
2021-06-03,haixian mushroom,mushroom,0.16666666666666666,12.0
2021-06-04,haixian mushroom,mushroom,0.2571428571428572,12.0
2021-06-05,haixian mushroom,mushroom,0.24166666666666667,12.0
2021-06-06,haixian mushroom,mushroom,0.23125,12.0
2021-06-07,haixian mushroom,mushroom,0.14285714285714285,12.0
2021-06-08,haixian mushroom,mushroom,0.2285714285714286,12.0
2021-06-09,haixian mushroom,mushroom,0.24000000000000005,12.0
2021-06-10,haixian mushroom,mushroom,0.2,12.0
2021-06-11,haixian mushroom,mushroom,0.17142857142857146,12.0
2021-06-12,haixian mushroom,mushroom,0.31428571428571433,12.0
2021-06-13,haixian mushroom,mushroom,0.23333333333333334,12.0
2021-06-14,haixian mushroom,mushroom,0.24,12.0
2021-06-15,haixian mushroom,mushroom,0.21428571428571427,12.0
2021-06-16,haixian mushroom,mushroom,0.2125,12.0
2021-06-17,haixian mushroom,mushroom,0.2,12.0
2021-06-18,haixian mushroom,mushroom,0.13333333333333333,12.0
2021-06-19,haixian mushroom,mushroom,0.26666666666666666,12.0
2021-06-20,haixian mushroom,mushroom,0.18571428571428572,12.0
2021-06-21,haixian mushroom,mushroom,0.26666666666666666,12.0
2021-06-22,haixian mushroom,mushroom,0.23333333333333336,11.299999999999999
2021-06-23,haixian mushroom,mushroom,0.13333333333333333,12.0
2021-06-24,haixian mushroom,mushroom,0.24,12.0
2021-06-25,haixian mushroom,mushroom,0.25,12.0
2021-06-26,haixian mushroom,mushroom,0.2,12.0
2021-06-27,haixian mushroom,mushroom,0.16666666666666666,12.0
2021-06-28,haixian mushroom,mushroom,0.3,12.0
2021-06-30,haixian mushroom,mushroom,0.21666666666666667,12.0
2021-07-01,haixian mushroom,mushroom,0.2375,12.0
2021-07-02,haixian mushroom,mushroom,0.3,12.0
2021-07-03,haixian mushroom,mushroom,0.24,14.0
2021-07-04,haixian mushroom,mushroom,0.2,14.0
2021-07-05,haixian mushroom,mushroom,0.17500000000000002,14.0
2021-07-06,haixian mushroom,mushroom,0.17500000000000002,14.0
2021-07-07,haixian mushroom,mushroom,0.275,14.0
2021-07-08,haixian mushroom,mushroom,0.25,14.0
2021-07-09,haixian mushroom,mushroom,0.2,14.0
2021-07-10,haixian mushroom,mushroom,0.2,14.0
2021-07-11,haixian mushroom,mushroom,0.26666666666666666,13.666666666666666
2021-07-12,haixian mushroom,mushroom,0.18571428571428572,14.0
2021-07-13,haixian mushroom,mushroom,0.23333333333333336,14.0
2021-07-14,haixian mushroom,mushroom,0.3166666666666667,14.0
2021-07-15,haixian mushroom,mushroom,0.5,14.0
2021-07-16,haixian mushroom,mushroom,0.21666666666666667,14.0
2021-07-17,haixian mushroom,mushroom,0.3375,14.0
2021-07-18,haixian mushroom,mushroom,0.21666666666666667,14.0
2021-07-19,haixian mushroom,mushroom,0.17142857142857146,14.0
2021-07-20,haixian mushroom,mushroom,0.2,14.0
2021-07-21,haixian mushroom,mushroom,0.2333333333333333,14.0
2021-07-22,haixian mushroom,mushroom,0.14285714285714285,14.0
2021-07-23,haixian mushroom,mushroom,0.19999999999999998,14.0
2021-07-24,haixian mushroom,mushroom,0.2833333333333334,14.0
2021-07-25,haixian mushroom,mushroom,0.27142857142857146,14.0
2021-07-26,haixian mushroom,mushroom,0.2333333333333333,14.0
2021-07-27,haixian mushroom,mushroom,0.3666666666666667,14.0
2021-07-28,haixian mushroom,mushroom,0.15000000000000002,14.0
2021-07-29,haixian mushroom,mushroom,0.275,14.0
2021-07-30,haixian mushroom,mushroom,0.1,14.0
2021-07-31,haixian mushroom,mushroom,0.2833333333333334,14.0
2021-08-01,haixian mushroom,mushroom,0.225,14.0
2021-08-02,haixian mushroom,mushroom,0.3666666666666667,14.0
2021-08-03,haixian mushroom,mushroom,0.2,14.0
2021-08-04,haixian mushroom,mushroom,0.2333333333333333,14.0
2021-08-05,haixian mushroom,mushroom,0.13333333333333333,14.0
2021-08-06,haixian mushroom,mushroom,0.275,14.0
2021-08-07,haixian mushroom,mushroom,0.2625,14.0
2021-08-08,haixian mushroom,mushroom,0.2,14.0
2021-08-09,haixian mushroom,mushroom,0.21428571428571427,14.0
2021-08-10,haixian mushroom,mushroom,0.2333333333333333,14.0
2021-08-11,haixian mushroom,mushroom,0.20000000000000004,14.0
2021-08-12,haixian mushroom,mushroom,0.2,14.0
2021-08-13,haixian mushroom,mushroom,0.2375,14.0
2021-08-14,haixian mushroom,mushroom,0.2125,14.0
2021-08-15,haixian mushroom,mushroom,0.2571428571428572,14.0
2021-08-16,haixian mushroom,mushroom,0.19999999999999998,14.0
2021-08-17,haixian mushroom,mushroom,0.3,14.0
2021-08-18,haixian mushroom,mushroom,0.24,14.0
2021-08-19,haixian mushroom,mushroom,0.18,14.0
2021-08-20,haixian mushroom,mushroom,0.24,14.0
2021-08-21,haixian mushroom,mushroom,0.225,14.0
2021-08-22,haixian mushroom,mushroom,0.21666666666666667,14.0
2021-08-23,haixian mushroom,mushroom,0.24,14.0
2021-08-24,haixian mushroom,mushroom,0.225,14.0
2021-08-25,haixian mushroom,mushroom,0.19,14.0
2021-08-26,haixian mushroom,mushroom,0.27647058823529413,14.0
2021-08-27,haixian mushroom,mushroom,0.23000000000000004,14.0
2021-08-28,haixian mushroom,mushroom,0.19545454545454544,14.0
2021-08-29,haixian mushroom,mushroom,0.24500000000000002,14.0
2021-08-30,haixian mushroom,mushroom,0.26153846153846155,14.0
2021-08-31,haixian mushroom,mushroom,0.19,14.0
2021-09-02,haixian mushroom,mushroom,0.19999999999999998,16.0
2021-09-03,haixian mushroom,mushroom,0.2,16.0
2021-09-04,haixian mushroom,mushroom,0.26875,16.0
2021-09-05,haixian mushroom,mushroom,0.2625,16.0
2021-09-06,haixian mushroom,mushroom,0.19999999999999998,16.0
2021-09-07,haixian mushroom,mushroom,0.18571428571428572,16.0
2021-09-08,haixian mushroom,mushroom,0.1625,16.0
2021-09-09,haixian mushroom,mushroom,0.16,16.0
2021-09-10,haixian mushroom,mushroom,0.2222222222222222,16.0
2021-09-11,haixian mushroom,mushroom,0.20714285714285716,16.0
2021-09-12,haixian mushroom,mushroom,0.18571428571428572,16.0
2021-09-13,haixian mushroom,mushroom,0.1857142857142857,16.0
2021-09-14,haixian mushroom,mushroom,0.25,16.0
2021-09-15,haixian mushroom,mushroom,0.2,16.0
2021-09-16,haixian mushroom,mushroom,0.2,16.0
2021-09-17,haixian mushroom,mushroom,0.35,16.0
2021-09-18,haixian mushroom,mushroom,0.21000000000000002,16.0
2021-09-19,haixian mushroom,mushroom,0.25,16.0
2021-09-20,haixian mushroom,mushroom,0.19166666666666668,16.0
2021-09-21,haixian mushroom,mushroom,0.21666666666666667,16.0
2021-09-22,haixian mushroom,mushroom,0.2285714285714286,16.0
2021-09-23,haixian mushroom,mushroom,0.225,16.0
2021-09-24,haixian mushroom,mushroom,0.26666666666666666,16.0
2021-09-25,haixian mushroom,mushroom,0.17500000000000002,16.0
