sales_analysis/datasets/daily_mean.csv
date,item_name,category_name,quantity_sold_kg,unit_selling_price_rmb/kg
2021-01-01,jigu mushroom,mushroom,0.25,16.0
2021-01-02,jigu mushroom,mushroom,0.2,16.0
2021-01-03,jigu mushroom,mushroom,0.35,16.0
2021-01-04,jigu mushroom,mushroom,0.2,16.0
2021-01-05,jigu mushroom,mushroom,0.19999999999999998,16.0
2021-01-06,jigu mushroom,mushroom,0.26,16.0
2021-01-07,jigu mushroom,mushroom,0.125,16.0
2021-01-08,jigu mushroom,mushroom,0.17500000000000002,16.0
2021-01-09,jigu mushroom,mushroom,0.19999999999999998,16.0
2021-01-10,jigu mushroom,mushroom,0.21666666666666667,16.0
2021-01-11,jigu mushroom,mushroom,0.2,16.0
2021-01-12,jigu mushroom,mushroom,0.225,16.0
2021-01-13,jigu mushroom,mushroom,0.25,16.0
2021-01-14,jigu mushroom,mushroom,0.19999999999999998,16.0
2021-01-15,jigu mushroom,mushroom,0.2,16.0
2021-01-16,jigu mushroom,mushroom,0.26,16.0
2021-01-17,jigu mushroom,mushroom,0.3,16.0
2021-01-19,jigu mushroom,mushroom,0.2,16.0
2021-01-20,jigu mushroom,mushroom,0.25,16.0
2021-01-21,jigu mushroom,mushroom,0.1,16.0
2021-01-22,jigu mushroom,mushroom,0.27999999999999997,16.0
2021-01-23,jigu mushroom,mushroom,0.2333333333333333,16.0
2021-01-24,jigu mushroom,mushroom,0.25,16.0
2021-01-25,jigu mushroom,mushroom,0.2,16.0
2021-01-26,jigu mushroom,mushroom,0.3,16.0
2021-01-28,jigu mushroom,mushroom,0.2,16.0
2021-01-29,jigu mushroom,mushroom,0.2333333333333333,16.0
2021-01-30,jigu mushroom,mushroom,0.2285714285714286,16.0
2021-01-31,jigu mushroom,mushroom,0.43333333333333335,16.0
2021-02-01,jigu mushroom,mushroom,0.3,16.0
2021-02-02,jigu mushroom,mushroom,0.2333333333333333,16.0
2021-02-03,jigu mushroom,mushroom,0.2,16.0
2021-02-04,jigu mushroom,mushroom,0.24000000000000005,16.0
2021-02-05,jigu mushroom,mushroom,0.35,16.0
2021-02-06,jigu mushroom,mushroom,0.2,16.0
2021-02-07,jigu mushroom,mushroom,0.3666666666666667,16.0
2021-02-08,jigu mushroom,mushroom,0.25,16.0
2021-02-14,jigu mushroom,mushroom,0.3,18.0
2021-02-15,jigu mushroom,mushroom,0.2285714285714286,18.0
2021-02-16,jigu mushroom,mushroom,0.21428571428571427,18.0
2021-02-17,jigu mushroom,mushroom,0.22000000000000003,18.0
2021-02-18,jigu mushroom,mushroom,0.16666666666666666,18.0
2021-02-19,jigu mushroom,mushroom,0.2333333333333333,18.0
2021-02-20,jigu mushroom,mushroom,0.18333333333333335,18.0
2021-02-21,jigu mushroom,mushroom,0.19999999999999998,18.0
2021-03-01,jigu mushroom,mushroom,0.18333333333333335,18.0
2021-03-02,jigu mushroom,mushroom,0.2,18.0
2021-03-03,jigu mushroom,mushroom,0.20000000000000004,18.0
2021-03-04,jigu mushroom,mushroom,0.25,18.0
2021-03-12,jigu mushroom,mushroom,0.27999999999999997,16.0
2021-03-13,jigu mushroom,mushroom,0.2,16.0
2021-03-14,jigu mushroom,mushroom,0.2,16.0
2021-03-15,jigu mushroom,mushroom,0.2,16.0
2021-03-22,jigu mushroom,mushroom,0.275,12.0
2021-03-23,jigu mushroom,mushroom,0.3,12.0
2021-03-25,jigu mushroom,mushroom,0.25,12.0
2021-03-26,jigu mushroom,mushroom,0.2,12.0
2021-04-17,jigu mushroom,mushroom,0.2,14.0
2021-04-18,jigu mushroom,mushroom,0.21250000000000002,14.0
2021-04-19,jigu mushroom,mushroom,0.20000000000000004,14.0
2021-05-31,jigu mushroom,mushroom,0.15000000000000002,14.0
2021-06-01,jigu mushroom,mushroom,0.43333333333333335,14.0
2021-06-04,jigu mushroom,mushroom,0.3,14.0
2021-06-05,jigu mushroom,mushroom,0.26666666666666666,14.0
2021-06-06,jigu mushroom,mushroom,0.2,14.0
2021-06-07,jigu mushroom,mushroom,0.25,14.0
2021-06-09,jigu mushroom,mushroom,0.2333333333333333,14.0
2021-06-10,jigu mushroom,mushroom,0.3,14.0
2021-06-11,jigu mushroom,mushroom,0.2,14.0
2021-06-12,jigu mushroom,mushroom,0.2333333333333333,14.0
2021-06-13,jigu mushroom,mushroom,0.19999999999999998,14.0
2021-06-14,jigu mushroom,mushroom,0.275,14.0
2021-06-15,jigu mushroom,mushroom,0.24,14.0
2021-06-16,jigu mushroom,mushroom,0.25,14.0
2021-06-17,jigu mushroom,mushroom,0.2,14.0
2021-06-18,jigu mushroom,mushroom,0.21428571428571427,14.0
2021-06-19,jigu mushroom,mushroom,0.1875,14.0
2021-06-20,jigu mushroom,mushroom,0.18571428571428572,14.0
2021-06-21,jigu mushroom,mushroom,0.3666666666666667,14.0
2021-06-22,jigu mushroom,mushroom,0.2333333333333333,13.200000000000001
2021-06-23,jigu mushroom,mushroom,0.16666666666666666,14.0
2021-06-24,jigu mushroom,mushroom,0.26666666666666666,14.0
2021-06-25,jigu mushroom,mushroom,0.175,14.0
2021-06-26,jigu mushroom,mushroom,0.1875,14.0
2021-06-27,jigu mushroom,mushroom,0.18571428571428572,14.0
2021-06-28,jigu mushroom,mushroom,0.24000000000000005,14.0
2021-06-29,jigu mushroom,mushroom,0.19999999999999998,14.0
2021-06-30,jigu mushroom,mushroom,0.2375,14.0
2021-07-01,jigu mushroom,mushroom,0.18,14.0
2021-07-02,jigu mushroom,mushroom,0.3,14.0
2021-07-03,jigu mushroom,mushroom,0.2833333333333333,14.0
2021-07-04,jigu mushroom,mushroom,0.14285714285714285,14.0
2021-07-05,jigu mushroom,mushroom,0.17777777777777778,14.0
2021-07-06,jigu mushroom,mushroom,0.15000000000000002,14.0
2021-07-07,jigu mushroom,mushroom,0.225,14.0
2021-07-08,jigu mushroom,mushroom,0.32,14.0
2021-07-09,jigu mushroom,mushroom,0.21428571428571427,14.0
2021-07-10,jigu mushroom,mushroom,0.23000000000000004,14.0
2021-07-11,jigu mushroom,mushroom,0.21111111111111114,13.777777777777779
2021-07-12,jigu mushroom,mushroom,0.2,14.0
2021-07-13,jigu mushroom,mushroom,0.26666666666666666,14.0
2021-07-14,jigu mushroom,mushroom,0.26666666666666666,14.0
2021-07-15,jigu mushroom,mushroom,0.13333333333333333,14.0
2021-07-16,jigu mushroom,mushroom,0.23333333333333336,14.0
2021-07-17,jigu mushroom,mushroom,0.15000000000000002,14.0
2021-07-18,jigu mushroom,mushroom,0.1,14.0
2021-07-19,jigu mushroom,mushroom,0.3666666666666667,14.0
2021-07-20,jigu mushroom,mushroom,0.22000000000000003,14.0
2021-07-21,jigu mushroom,mushroom,0.14285714285714285,14.0
2021-07-23,jigu mushroom,mushroom,0.18888888888888888,14.0
2021-07-24,jigu mushroom,mushroom,0.1875,14.0
2021-07-25,jigu mushroom,mushroom,0.1875,14.0
2021-07-26,jigu mushroom,mushroom,0.21818181818181817,14.0
2021-07-27,jigu mushroom,mushroom,0.21250000000000002,14.0
2021-07-28,jigu mushroom,mushroom,0.18571428571428572,14.0
2021-07-29,jigu mushroom,mushroom,0.33999999999999997,14.0
2021-07-30,jigu mushroom,mushroom,0.175,14.0
2021-07-31,jigu mushroom,mushroom,0.2,14.0
2021-08-01,jigu mushroom,mushroom,0.23333333333333334,14.0
2021-08-02,jigu mushroom,mushroom,0.19,14.0
2021-08-03,jigu mushroom,mushroom,0.2,14.0
2021-08-04,jigu mushroom,mushroom,0.17142857142857143,14.0
2021-08-05,jigu mushroom,mushroom,0.22999999999999998,14.0
2021-08-06,jigu mushroom,mushroom,0.16,14.0
2021-08-07,jigu mushroom,mushroom,0.18571428571428572,14.0
2021-08-08,jigu mushroom,mushroom,0.23333333333333334,14.0
2021-08-09,jigu mushroom,mushroom,0.2,14.0
2021-08-10,jigu mushroom,mushroom,0.18333333333333335,14.0
2021-08-11,jigu mushroom,mushroom,0.18571428571428572,14.0
2021-08-12,jigu mushroom,mushroom,0.1875,14.0
2021-08-13,jigu mushroom,mushroom,0.19999999999999998,14.0
2021-08-14,jigu mushroom,mushroom,0.33999999999999997,14.0
2021-08-15,jigu mushroom,mushroom,0.1875,14.0
2021-08-16,jigu mushroom,mushroom,0.225,14.0
2021-08-17,jigu mushroom,mushroom,0.19090909090909092,14.0
2021-08-18,jigu mushroom,mushroom,0.3076923076923077,14.0
2021-08-19,jigu mushroom,mushroom,0.24615384615384617,14.0
2021-08-20,jigu mushroom,mushroom,0.15714285714285717,14.0
2021-08-21,jigu mushroom,mushroom,0.21000000000000002,14.0
2021-08-22,jigu mushroom,mushroom,0.23529411764705882,14.0
2021-08-23,jigu mushroom,mushroom,0.17647058823529413,14.0
2021-08-24,jigu mushroom,mushroom,0.2,14.0
2021-08-25,jigu mushroom,mushroom,0.21428571428571427,14.0
2021-08-26,jigu mushroom,mushroom,0.21250000000000002,14.0
2021-08-27,jigu mushroom,mushroom,0.27999999999999997,14.0
2021-08-28,jigu mushroom,mushroom,0.19411764705882353,14.0
2021-08-29,jigu mushroom,mushroom,0.24285714285714285,16.0
2021-08-30,jigu mushroom,mushroom,0.22000000000000003,16.0
2021-08-31,jigu mushroom,mushroom,0.1285714285714286,16.0
2021-09-01,jigu mushroom,mushroom,0.18181818181818182,16.0
2021-09-02,jigu mushroom,mushroom,0.25,16.0
2021-09-03,jigu mushroom,mushroom,0.22000000000000003,16.0
2021-09-04,jigu mushroom,mushroom,0.19999999999999998,16.0
2021-09-05,jigu mushroom,mushroom,0.16,16.0
2021-09-06,jigu mushroom,mushroom,0.28,16.0
2021-09-07,jigu mushroom,mushroom,0.16,16.0
2021-09-08,jigu mushroom,mushroom,0.18,16.0
2021-09-09,jigu mushroom,mushroom,0.16,16.0
2021-09-10,jigu mushroom,mushroom,0.16,16.0
2021-09-11,jigu mushroom,mushroom,0.2,16.0
2021-09-12,jigu mushroom,mushroom,0.2222222222222222,16.0
2021-09-13,jigu mushroom,mushroom,0.2333333333333333,16.0
2021-09-14,jigu mushroom,mushroom,0.16666666666666666,16.0
2021-09-15,jigu mushroom,mushroom,0.1,16.0
2021-09-16,jigu mushroom,mushroom,0.4333333333333333,16.0
2021-09-17,jigu mushroom,mushroom,0.3,16.0
2021-09-18,jigu mushroom,mushroom,0.2,16.0
2021-09-19,jigu mushroom,mushroom,0.225,16.0
2021-09-20,jigu mushroom,mushroom,0.2714285714285714,16.0
2021-09-21,jigu mushroom,mushroom,0.25,16.0
2021-09-22,jigu mushroom,mushroom,0.25,16.0
2021-09-23,jigu mushroom,mushroom,0.125,16.0
2021-09-24,jigu mushroom,mushroom,0.175,16.0
2021-09-25,jigu mushroom,mushroom,0.1,16.0
2021-01-01,the red bell pepper,capsicum,0.36,16.0
2021-01-02,the red bell pepper,capsicum,0.4,16.0
2021-01-03,the red bell pepper,capsicum,0.425,16.0
2021-01-04,the red bell pepper,capsicum,0.2,16.0
2021-01-05,the red bell pepper,capsicum,0.4,16.0
2021-01-06,the red bell pepper,capsicum,0.3,16.0
2021-01-07,the red bell pepper,capsicum,0.3666666666666667,16.0
2021-01-08,the red bell pepper,capsicum,0.3,16.0
2021-01-09,the red bell pepper,capsicum,0.375,16.0
2021-01-10,the red bell pepper,capsicum,0.3,16.0
2021-01-11,the red bell pepper,capsicum,0.4,16.0
2021-01-13,the red bell pepper,capsicum,0.42000000000000004,16.0
2021-01-14,the red bell pepper,capsicum,0.4,16.0
2021-01-15,the red bell pepper,capsicum,0.4,16.0
2021-01-16,the red bell pepper,capsicum,0.3666666666666667,18.0
2021-01-17,the red bell pepper,capsicum,0.3666666666666667,18.0
2021-01-18,the red bell pepper,capsicum,0.41428571428571426,18.0
2021-01-19,the red bell pepper,capsicum,0.39999999999999997,18.0
2021-01-20,the red bell pepper,capsicum,0.33999999999999997,18.0
2021-01-21,the red bell pepper,capsicum,0.425,18.0
2021-01-30,the red bell pepper,capsicum,0.2,23.8
2021-02-10,the red bell pepper,capsicum,0.3318181818181818,29.8
2021-02-13,the red bell pepper,capsicum,0.26,29.8
2021-02-14,the red bell pepper,capsicum,0.25,29.8
2021-02-18,the red bell pepper,capsicum,0.3333333333333333,29.8
2021-02-24,the red bell pepper,capsicum,0.20000000000000004,23.8
2021-03-04,the red bell pepper,capsicum,0.2,23.8
2021-03-06,the red bell pepper,capsicum,0.2,27.8
2021-03-07,the red bell pepper,capsicum,0.2,27.8
2021-03-28,the red bell pepper,capsicum,0.2,19.8
2021-03-30,the red bell pepper,capsicum,0.2,19.8
2021-05-23,the red bell pepper,capsicum,0.3,16.0
2021-05-24,the red bell pepper,capsicum,0.3,16.0
2021-06-20,the red bell pepper,capsicum,0.2,10.0
2021-07-18,the red bell pepper,capsicum,0.3,14.0
2021-07-20,the red bell pepper,capsicum,0.3,14.0
2021-08-13,the red bell pepper,capsicum,0.26666666666666666,10.0
2021-08-20,the red bell pepper,capsicum,0.2,12.0
2021-08-21,the red bell pepper,capsicum,0.3333333333333333,12.0
2021-08-22,the red bell pepper,capsicum,0.22000000000000003,12.0
2021-08-24,the red bell pepper,capsicum,0.2,12.0
2021-08-26,the red bell pepper,capsicum,0.2,12.0
2021-08-28,the red bell pepper,capsicum,0.22000000000000003,12.0
2021-08-29,the red bell pepper,capsicum,0.6,12.0
2021-08-30,the red bell pepper,capsicum,0.2,12.0
2021-08-31,the red bell pepper,capsicum,0.28,12.0
2021-09-01,the red bell pepper,capsicum,0.26666666666666666,12.0
2021-09-02,the red bell pepper,capsicum,0.2,12.0
2021-09-03,the red bell pepper,capsicum,0.17500000000000002,12.0
2021-09-04,the red bell pepper,capsicum,0.30000000000000004,12.0
2021-09-05,the red bell pepper,capsicum,0.2,12.0
2021-09-08,the red bell pepper,capsicum,0.20000000000000004,12.0
2021-09-09,the red bell pepper,capsicum,0.2,12.0
2021-09-10,the red bell pepper,capsicum,0.25,12.0
2021-09-11,the red bell pepper,capsicum,0.4,14.0
2021-09-19,the red bell pepper,capsicum,0.21428571428571427,12.0
2021-09-20,the red bell pepper,capsicum,0.24285714285714288,12.0
2021-09-21,the red bell pepper,capsicum,0.2888888888888889,12.0
2021-09-22,the red bell pepper,capsicum,0.20000000000000004,12.0
2021-09-23,the red bell pepper,capsicum,0.25,12.0
2021-09-24,the red bell pepper,capsicum,0.24,12.0
2021-09-25,the red bell pepper,capsicum,0.25,12.0
2021-09-27,the red bell pepper,capsicum,0.25,14.0
2021-09-28,the red bell pepper,capsicum,0.2,12.0
2021-09-29,the red bell pepper,capsicum,0.2,12.0
2021-10-03,the red bell pepper,capsicum,0.2,14.0
2021-10-15,the red bell pepper,capsicum,0.2,18.0
2021-12-26,the red bell pepper,capsicum,0.2,14.0
2022-01-12,the red bell pepper,capsicum,0.3,18.0
2022-01-15,the red bell pepper,capsicum,0.30000000000000004,18.0
2022-01-19,the red bell pepper,capsicum,0.2,19.8
2022-01-20,the red bell pepper,capsicum,0.5,19.8
2022-01-21,the red bell pepper,capsicum,0.2,19.8
2022-01-25,the red bell pepper,capsicum,0.55,23.6
2022-01-26,the red bell pepper,capsicum,0.4,23.6
2022-01-27,the red bell pepper,capsicum,0.2714285714285714,23.6
2022-01-28,the red bell pepper,capsicum,0.28,23.6
2022-01-29,the red bell pepper,capsicum,0.21250000000000002,23.6
2022-02-13,the red bell pepper,capsicum,0.3,23.6
2022-03-18,the red bell pepper,capsicum,0.3,19.8
2022-03-19,the red bell pepper,capsicum,0.2,19.8
2022-04-06,the red bell pepper,capsicum,0.2,19.8
2021-01-03,tremella,mushroom,1.0,5.9
2021-01-08,tremella,mushroom,1.0,5.9
2021-01-09,tremella,mushroom,1.0,5.9
2021-01-10,tremella,mushroom,1.0,5.9
2021-01-12,tremella,mushroom,1.0,5.9
2021-01-15,tremella,mushroom,1.0,5.9
2021-01-16,tremella,mushroom,1.0,5.9
2021-01-17,tremella,mushroom,1.0,5.9
2021-01-21,tremella,mushroom,1.0,5.9
2021-01-23,tremella,mushroom,1.0,5.9
2021-01-26,tremella,mushroom,1.0,5.9
2021-01-27,tremella,mushroom,1.0,5.9
2021-01-30,tremella,mushroom,1.0,5.9
2021-02-15,tremella,mushroom,1.0,5.9
2021-09-03,tremella,mushroom,1.0,5.9
2021-09-04,tremella,mushroom,1.0,5.9
2021-09-06,tremella,mushroom,1.0,5.9
2022-01-09,tremella,mushroom,1.0,5.8
2022-01-23,tremella,mushroom,1.0,5.8
2022-01-24,tremella,mushroom,1.0,5.8
2022-01-27,tremella,mushroom,1.0,5.8
2022-02-05,tremella,mushroom,1.0,5.8
2022-02-07,tremella,mushroom,1.0,5.8
2022-02-13,tremella,mushroom,1.0,5.8
2022-05-13,tremella,mushroom,1.0,5.8
2022-07-17,tremella,mushroom,1.0,2.9
2022-08-01,tremella,mushroom,1.0,4.9
2022-08-16,tremella,mushroom,1.0,4.9
2022-08-19,tremella,mushroom,1.0,4.9
2022-08-25,tremella,mushroom,1.0,4.9
2022-09-02,tremella,mushroom,1.0,4.233333333333333
2022-09-15,tremella,mushroom,1.0,4.9
2022-10-07,tremella,mushroom,1.0,2.9
2022-11-10,tremella,mushroom,1.0,4.9
2022-11-12,tremella,mushroom,1.0,4.9
2022-11-19,tremella,mushroom,1.0,4.9
2022-11-20,tremella,mushroom,1.0,4.9
2022-11-21,tremella,mushroom,1.0,4.9
2022-11-22,tremella,mushroom,1.0,4.9
2022-12-07,tremella,mushroom,1.0,3.9
2022-12-09,tremella,mushroom,1.0,3.9
2022-12-11,tremella,mushroom,1.0,3.9
2022-12-14,tremella,mushroom,1.0,3.9
2022-12-15,tremella,mushroom,1.0,3.9
2022-12-16,tremella,mushroom,1.0,3.9
2022-12-19,tremella,mushroom,1.0,3.9
2022-12-20,tremella,mushroom,1.0,3.9
2022-12-21,tremella,mushroom,1.0,3.9
2022-12-23,tremella,mushroom,1.0,3.9
2022-12-24,tremella,mushroom,1.0,3.9
2022-12-25,tremella,mushroom,1.0,3.9
2022-12-26,tremella,mushroom,1.0,3.9
2022-12-27,tremella,mushroom,1.0,3.9
2022-12-28,tremella,mushroom,1.0,3.9
2022-12-29,tremella,mushroom,1.0,3.9
2022-12-31,tremella,mushroom,1.0,3.9
2021-01-17,purple cabbage,cabbage,0.7,19.8
2021-01-19,purple cabbage,cabbage,0.6499999999999999,12.0
2021-01-20,purple cabbage,cabbage,0.45,12.0
2021-01-21,purple cabbage,cabbage,0.5,12.0
2021-01-23,purple cabbage,cabbage,0.5333333333333333,12.0
2021-01-24,purple cabbage,cabbage,0.75,12.0
2021-01-26,purple cabbage,cabbage,0.6,12.0
2021-01-27,purple cabbage,cabbage,0.7,12.0
2021-01-29,purple cabbage,cabbage,0.3,12.0
2021-02-09,purple cabbage,cabbage,0.75,12.0
2021-10-18,purple cabbage,cabbage,0.8,19.8
2022-03-11,purple cabbage,cabbage,0.2,16.0
2022-03-12,purple cabbage,cabbage,0.5,16.0
2022-03-16,purple cabbage,cabbage,0.2,16.0
2022-04-29,purple cabbage,cabbage,0.4,14.0
