sales_analysis/datasets/daily_mean.csv
date,item_name,category_name,quantity_sold_kg,unit_selling_price_rmb/kg
2021-01-22,pepper mix,capsicum,1.0,13.9
2021-01-23,pepper mix,capsicum,1.0,13.9
2021-01-24,pepper mix,capsicum,1.0,13.9
2021-01-25,pepper mix,capsicum,1.0,13.9
2021-01-26,pepper mix,capsicum,1.0,13.9
2021-01-27,pepper mix,capsicum,1.0,13.9
2021-01-28,pepper mix,capsicum,1.0,13.9
2021-01-29,pepper mix,capsicum,1.0,13.9
2021-01-30,pepper mix,capsicum,1.0,13.9
2021-01-31,pepper mix,capsicum,1.0,13.9
2021-02-01,pepper mix,capsicum,1.0,13.9
2021-02-02,pepper mix,capsicum,1.0,13.9
2021-02-03,pepper mix,capsicum,1.0,13.9
2021-02-04,pepper mix,capsicum,1.0,13.9
2021-02-05,pepper mix,capsicum,1.0,13.9
2021-02-06,pepper mix,capsicum,1.0,13.9
2021-02-07,pepper mix,capsicum,1.0,13.9
2021-02-08,pepper mix,capsicum,1.0,13.9
2021-02-09,pepper mix,capsicum,1.1481481481481481,13.9
2021-02-10,pepper mix,capsicum,1.0,13.9
2021-02-15,pepper mix,capsicum,1.0,13.9
2021-02-16,pepper mix,capsicum,1.0,13.9
2021-02-17,pepper mix,capsicum,1.0,13.9
2021-02-18,pepper mix,capsicum,1.0,13.9
2021-02-19,pepper mix,capsicum,1.0,13.9
2021-02-20,pepper mix,capsicum,1.0,13.9
2021-02-21,pepper mix,capsicum,1.0,13.9
2021-02-22,pepper mix,capsicum,1.0,13.9
2021-02-23,pepper mix,capsicum,1.0,13.9
2021-02-25,pepper mix,capsicum,1.0,13.9
2021-02-26,pepper mix,capsicum,1.0,13.9
2021-02-27,pepper mix,capsicum,1.0,13.9
2021-02-28,pepper mix,capsicum,1.0,13.9
2021-03-01,pepper mix,capsicum,1.0,13.9
2021-03-02,pepper mix,capsicum,1.0,13.9
2021-03-03,pepper mix,capsicum,1.0,13.9
2021-03-04,pepper mix,capsicum,1.0,13.9
2021-03-05,pepper mix,capsicum,1.0,13.9
2021-03-06,pepper mix,capsicum,1.0,13.9
2021-03-07,pepper mix,capsicum,1.0,13.9
2021-03-08,pepper mix,capsicum,1.0,13.9
2021-03-09,pepper mix,capsicum,1.0,13.9
2021-03-10,pepper mix,capsicum,1.0,13.9
2021-03-11,pepper mix,capsicum,1.0,13.9
2021-03-12,pepper mix,capsicum,1.0,13.9
2021-03-13,pepper mix,capsicum,1.0,13.9
2021-03-14,pepper mix,capsicum,1.0,13.9
2021-03-15,pepper mix,capsicum,1.0,13.9
2021-03-17,pepper mix,capsicum,1.0,13.9
2021-03-18,pepper mix,capsicum,1.0,13.9
2021-03-19,pepper mix,capsicum,1.0,13.9
2021-03-20,pepper mix,capsicum,1.0,13.9
2021-03-21,pepper mix,capsicum,1.0,13.9
2021-03-22,pepper mix,capsicum,1.0,13.9
2021-03-23,pepper mix,capsicum,1.0,13.9
2021-03-24,pepper mix,capsicum,1.0,13.9
2021-03-25,pepper mix,capsicum,1.0,13.9
2021-03-26,pepper mix,capsicum,1.0,13.9
2021-03-27,pepper mix,capsicum,1.0,13.9
2021-03-28,pepper mix,capsicum,1.0,13.9
2021-03-29,pepper mix,capsicum,1.0,13.9
2021-03-30,pepper mix,capsicum,1.0,13.9
2021-03-31,pepper mix,capsicum,1.0,13.9
2021-04-01,pepper mix,capsicum,1.0,13.9
2021-04-02,pepper mix,capsicum,1.0,13.9
2021-04-03,pepper mix,capsicum,1.0,13.9
2021-04-07,pepper mix,capsicum,1.0,13.9
2021-04-08,pepper mix,capsicum,1.0,13.9
2021-04-09,pepper mix,capsicum,1.0,13.9
2021-04-11,pepper mix,capsicum,1.0,13.9
2021-04-12,pepper mix,capsicum,1.0,13.9
2021-04-13,pepper mix,capsicum,1.0,13.9
2021-04-14,pepper mix,capsicum,1.0,13.9
2021-04-16,pepper mix,capsicum,1.0,13.9
2021-04-17,pepper mix,capsicum,1.0,13.9
2021-04-18,pepper mix,capsicum,1.0,13.9
2021-04-19,pepper mix,capsicum,1.0,13.9
2021-04-20,pepper mix,capsicum,1.0,13.9
2021-04-22,pepper mix,capsicum,1.0,13.9
2021-04-23,pepper mix,capsicum,1.0,13.9
2021-04-24,pepper mix,capsicum,1.0,13.9
2021-04-25,pepper mix,capsicum,1.0,13.9
2021-04-26,pepper mix,capsicum,1.0,13.9
2021-04-27,pepper mix,capsicum,1.0,13.9
2021-04-28,pepper mix,capsicum,1.0,13.9
2021-04-29,pepper mix,capsicum,1.0,13.9
2021-04-30,pepper mix,capsicum,1.0,13.9
2021-05-01,pepper mix,capsicum,1.0,13.9
2021-05-02,pepper mix,capsicum,1.0,13.9
2021-05-03,pepper mix,capsicum,1.0,13.9
2021-05-04,pepper mix,capsicum,1.0,13.9
2021-05-05,pepper mix,capsicum,1.0,13.9
2021-05-06,pepper mix,capsicum,1.0,13.9
2021-05-07,pepper mix,capsicum,1.0,13.9
2021-05-08,pepper mix,capsicum,1.0,13.9
2021-05-09,pepper mix,capsicum,1.0,13.9
2021-05-10,pepper mix,capsicum,1.0,13.9
2021-05-11,pepper mix,capsicum,1.0,13.9
2021-05-13,pepper mix,capsicum,1.0,13.9
2021-05-16,pepper mix,capsicum,1.0,13.9
2021-05-17,pepper mix,capsicum,1.0,13.9
2021-05-19,pepper mix,capsicum,1.0,13.9
2021-05-20,pepper mix,capsicum,1.0,13.9
2021-05-21,pepper mix,capsicum,1.0,13.9
2021-05-22,pepper mix,capsicum,1.0,13.9
2021-05-23,pepper mix,capsicum,1.0,13.9
2021-05-24,pepper mix,capsicum,1.0,13.9
2021-05-26,pepper mix,capsicum,1.0,13.9
2021-05-27,pepper mix,capsicum,1.0,13.9
2021-05-28,pepper mix,capsicum,1.0,13.9
2021-05-29,pepper mix,capsicum,1.0,13.9
2021-05-30,pepper mix,capsicum,1.0,13.9
2021-05-31,pepper mix,capsicum,1.0,13.9
2021-06-01,pepper mix,capsicum,1.0,13.9
2021-06-04,pepper mix,capsicum,1.0,13.9
2021-06-05,pepper mix,capsicum,1.0,14.5
2021-06-06,pepper mix,capsicum,1.0,16.9
2021-06-07,pepper mix,capsicum,1.0,16.9
2021-06-08,pepper mix,capsicum,1.0,16.9
2021-06-09,pepper mix,capsicum,1.0,16.9
2021-06-10,pepper mix,capsicum,1.0,16.9
2021-06-11,pepper mix,capsicum,1.0,16.9
2021-06-12,pepper mix,capsicum,1.0,16.9
2021-06-13,pepper mix,capsicum,1.0,16.9
2021-06-14,pepper mix,capsicum,1.0,16.9
2021-06-15,pepper mix,capsicum,1.0,16.9
2021-06-16,pepper mix,capsicum,1.0,16.9
2021-06-18,pepper mix,capsicum,1.0,16.9
2021-06-19,pepper mix,capsicum,1.0,16.9
2021-06-20,pepper mix,capsicum,1.0,16.9
2021-06-21,pepper mix,capsicum,1.0,16.9
2021-06-22,pepper mix,capsicum,1.0,16.9
2021-06-23,pepper mix,capsicum,1.0,16.9
2021-06-24,pepper mix,capsicum,1.0,16.9
2021-06-26,pepper mix,capsicum,1.0,16.9
2021-06-27,pepper mix,capsicum,1.0,16.9
2021-06-28,pepper mix,capsicum,1.0,16.9
2021-06-29,pepper mix,capsicum,1.0,16.9
2021-06-30,pepper mix,capsicum,1.0,16.9
2021-07-01,pepper mix,capsicum,1.0,16.9
2021-07-02,pepper mix,capsicum,1.0,16.9
2021-07-03,pepper mix,capsicum,1.0,16.9
2021-07-04,pepper mix,capsicum,1.0,16.9
2021-07-06,pepper mix,capsicum,1.0,16.9
2021-07-08,pepper mix,capsicum,1.0,16.9
2021-07-11,pepper mix,capsicum,1.0,16.9
2021-07-13,pepper mix,capsicum,1.0,16.9
2021-07-14,pepper mix,capsicum,1.0,16.9
2021-07-17,pepper mix,capsicum,1.0,16.9
2021-07-18,pepper mix,capsicum,1.0,16.9
2021-07-19,pepper mix,capsicum,1.0,16.9
2021-07-21,pepper mix,capsicum,1.0,16.9
2021-07-22,pepper mix,capsicum,1.0,16.9
2021-07-24,pepper mix,capsicum,1.0,16.9
2021-07-25,pepper mix,capsicum,1.0,16.9
2021-07-28,pepper mix,capsicum,1.0,16.9
2021-07-29,pepper mix,capsicum,1.0,16.9
2021-07-31,pepper mix,capsicum,1.0,16.9
2021-08-01,pepper mix,capsicum,1.0,16.9
2021-08-02,pepper mix,capsicum,1.0,16.9
2021-08-03,pepper mix,capsicum,1.0,16.9
2021-08-04,pepper mix,capsicum,1.0,16.9
2021-08-05,pepper mix,capsicum,1.0,16.9
2021-08-06,pepper mix,capsicum,1.0,16.9
2021-08-07,pepper mix,capsicum,1.0,16.9
2021-08-09,pepper mix,capsicum,1.0,16.9
2021-08-10,pepper mix,capsicum,1.0,16.9
2021-08-11,pepper mix,capsicum,1.0,16.9
2021-08-12,pepper mix,capsicum,1.0,16.9
2021-08-13,pepper mix,capsicum,1.0,16.9
2021-08-15,pepper mix,capsicum,1.0,16.9
2021-08-16,pepper mix,capsicum,1.0,16.9
2021-08-18,pepper mix,capsicum,1.0,16.9
2021-08-19,pepper mix,capsicum,1.0,16.9
2021-08-21,pepper mix,capsicum,1.0,16.9
2021-08-22,pepper mix,capsicum,1.0,16.9
2021-01-23,suizhou bubble green,flower,0.3782608695652174,8.0
2021-01-24,suizhou bubble green,flower,0.41111111111111115,8.0
2021-01-26,suizhou bubble green,flower,0.4111111111111111,8.0
2021-01-27,suizhou bubble green,flower,0.35454545454545455,8.0
2021-01-28,suizhou bubble green,flower,0.3076923076923077,8.0
2021-01-29,suizhou bubble green,flower,0.35454545454545455,8.0
2021-01-30,suizhou bubble green,flower,0.41428571428571426,6.0
2021-01-31,suizhou bubble green,flower,0.5066666666666666,8.0
2021-02-02,suizhou bubble green,flower,0.1875,8.0
2021-02-03,suizhou bubble green,flower,0.1,8.0
2021-02-04,suizhou bubble green,flower,0.8,8.0
2021-02-05,suizhou bubble green,flower,0.4642857142857143,8.0
2021-02-06,suizhou bubble green,flower,0.4375,8.0
2021-02-07,suizhou bubble green,flower,0.44666666666666666,6.0
2021-02-08,suizhou bubble green,flower,0.45,6.0
2021-02-14,suizhou bubble green,flower,0.42,6.0
2021-02-21,suizhou bubble green,flower,0.5,6.0
2021-03-02,suizhou bubble green,flower,0.385,6.0
2021-03-05,suizhou bubble green,flower,0.5538461538461539,3.0
2021-03-06,suizhou bubble green,flower,0.5096774193548387,3.0
2021-03-07,suizhou bubble green,flower,0.4095238095238095,3.0
2021-03-08,suizhou bubble green,flower,0.4421052631578948,3.0
2021-03-09,suizhou bubble green,flower,0.5,3.0
2021-03-10,suizhou bubble green,flower,0.4421052631578948,3.0
2021-03-11,suizhou bubble green,flower,0.48947368421052634,3.0
2021-03-12,suizhou bubble green,flower,0.5941176470588235,3.0
2021-03-13,suizhou bubble green,flower,0.4375,3.0
2021-03-14,suizhou bubble green,flower,0.45454545454545453,3.4
2021-03-15,suizhou bubble green,flower,0.42000000000000004,3.4
2021-03-16,suizhou bubble green,flower,0.65,3.4
2021-03-17,suizhou bubble green,flower,0.39166666666666666,3.4
2021-03-18,suizhou bubble green,flower,0.431578947368421,3.4
2021-03-19,suizhou bubble green,flower,0.5416666666666666,3.4
2021-03-20,suizhou bubble green,flower,0.4785714285714286,3.4
2021-03-21,suizhou bubble green,flower,0.37368421052631584,3.4
2021-11-02,suizhou bubble green,flower,0.39999999999999997,6.0
2021-11-03,suizhou bubble green,flower,0.4000000000000001,5.0
2021-11-04,suizhou bubble green,flower,0.45,5.0
2021-11-05,suizhou bubble green,flower,0.4,5.0
2021-11-06,suizhou bubble green,flower,0.55,5.0
2021-11-07,suizhou bubble green,flower,0.3727272727272727,5.0
2021-11-08,suizhou bubble green,flower,0.52,5.0
2021-11-09,suizhou bubble green,flower,0.22000000000000003,5.0
2021-11-10,suizhou bubble green,flower,0.2714285714285714,5.0
2021-11-11,suizhou bubble green,flower,0.3333333333333333,5.0
2021-11-12,suizhou bubble green,flower,0.3,5.0
2021-11-13,suizhou bubble green,flower,0.7,5.0
2021-11-14,suizhou bubble green,flower,0.3833333333333333,5.0
2021-11-15,suizhou bubble green,flower,0.5666666666666667,5.0
2021-11-16,suizhou bubble green,flower,0.6,5.0
2021-11-17,suizhou bubble green,flower,0.35,5.0
2021-11-18,suizhou bubble green,flower,0.4,5.0
2021-11-19,suizhou bubble green,flower,0.4666666666666666,5.0
2021-11-20,suizhou bubble green,flower,0.5333333333333333,4.0
2021-11-21,suizhou bubble green,flower,0.3692307692307692,4.0
2021-11-22,suizhou bubble green,flower,0.3666666666666667,5.0
2021-11-23,suizhou bubble green,flower,0.6000000000000001,5.0
2021-11-24,suizhou bubble green,flower,0.35,5.0
2021-11-25,suizhou bubble green,flower,0.325,5.0
2021-11-27,suizhou bubble green,flower,0.37142857142857144,5.0
2021-11-28,suizhou bubble green,flower,0.3875,5.0
2021-11-30,suizhou bubble green,flower,0.4125,5.0
2021-12-01,suizhou bubble green,flower,0.30000000000000004,4.0
2021-12-02,suizhou bubble green,flower,0.6,4.0
2021-12-03,suizhou bubble green,flower,0.35555555555555557,4.0
2021-12-10,suizhou bubble green,flower,0.5666666666666667,5.0
2021-12-11,suizhou bubble green,flower,0.5,5.0
2022-04-28,suizhou bubble green,flower,0.5,4.6
2022-06-13,suizhou bubble green,flower,0.5727272727272728,4.0
2022-06-15,suizhou bubble green,flower,0.6727272727272727,4.0
2022-06-16,suizhou bubble green,flower,0.5666666666666667,4.0
2022-06-17,suizhou bubble green,flower,0.5833333333333334,4.0
2022-06-18,suizhou bubble green,flower,0.5454545454545454,4.0
2022-06-19,suizhou bubble green,flower,0.6090909090909091,4.0
2022-06-20,suizhou bubble green,flower,0.5714285714285714,4.0
2022-06-21,suizhou bubble green,flower,0.5444444444444445,4.0
2022-06-22,suizhou bubble green,flower,0.58,4.0
2022-06-23,suizhou bubble green,flower,0.4571428571428572,4.0
2022-06-24,suizhou bubble green,flower,0.7428571428571429,4.0
2022-06-25,suizhou bubble green,flower,0.7333333333333334,4.0
2022-06-26,suizhou bubble green,flower,0.8555555555555556,4.0
2022-06-27,suizhou bubble green,flower,0.6,4.0
2022-06-28,suizhou bubble green,flower,0.6666666666666666,4.0
2022-06-29,suizhou bubble green,flower,0.78,4.0
2022-06-30,suizhou bubble green,flower,0.8400000000000001,4.0
2022-07-01,suizhou bubble green,flower,0.6666666666666666,4.0
2022-07-02,suizhou bubble green,flower,0.5,4.0
2022-11-09,suizhou bubble green,flower,0.39999999999999997,2.0
2022-11-10,suizhou bubble green,flower,1.15,2.0
2022-11-11,suizhou bubble green,flower,0.8500000000000001,2.0
2022-11-12,suizhou bubble green,flower,0.7333333333333333,2.0
2022-11-13,suizhou bubble green,flower,0.7799999999999999,2.0
2022-11-14,suizhou bubble green,flower,0.425,2.0
2022-11-15,suizhou bubble green,flower,0.5,2.0
2022-11-16,suizhou bubble green,flower,0.5777777777777778,2.0
2022-11-17,suizhou bubble green,flower,0.53,2.0
2022-11-18,suizhou bubble green,flower,0.6294117647058823,2.0
2022-11-19,suizhou bubble green,flower,0.6767441860465117,2.0
2022-11-20,suizhou bubble green,flower,0.8083333333333332,2.0
2022-11-22,suizhou bubble green,flower,0.6428571428571429,2.0
2022-11-23,suizhou bubble green,flower,0.95,2.0
2022-11-24,suizhou bubble green,flower,3.5666666666666664,2.0
2022-11-25,suizhou bubble green,flower,1.4,2.0
2022-11-26,suizhou bubble green,flower,1.0333333333333334,2.0
2022-11-27,suizhou bubble green,flower,0.8,2.0
2022-11-28,suizhou bubble green,flower,1.0,2.0
2022-12-13,suizhou bubble green,flower,0.64,2.0
2022-12-14,suizhou bubble green,flower,1.0666666666666667,2.0
2022-12-15,suizhou bubble green,flower,1.1,2.0
2022-12-17,suizhou bubble green,flower,0.8666666666666667,2.0
2022-12-18,suizhou bubble green,flower,0.7733333333333333,2.0
2022-12-19,suizhou bubble green,flower,0.8769230769230769,2.0
2022-12-20,suizhou bubble green,flower,0.8083333333333332,2.0
2022-12-21,suizhou bubble green,flower,0.6625,2.0
2022-12-22,suizhou bubble green,flower,1.0,2.0
