sales_analysis/datasets/daily_mean.csv
date,item_name,category_name,quantity_sold_kg,unit_selling_price_rmb/kg
2021-01-30,green hangzhou pepper,capsicum,0.17500000000000002,23.8
2021-01-31,green hangzhou pepper,capsicum,0.22000000000000003,23.8
2021-02-01,green hangzhou pepper,capsicum,0.20000000000000004,18.0
2021-02-02,green hangzhou pepper,capsicum,0.25,18.0
2021-02-03,green hangzhou pepper,capsicum,0.21666666666666667,18.0
2021-02-04,green hangzhou pepper,capsicum,0.2,23.8
2021-04-13,green hangzhou pepper,capsicum,0.4,6.0
2021-05-03,green hangzhou pepper,capsicum,0.16666666666666666,8.0
2021-06-26,green hangzhou pepper,capsicum,0.24545454545454548,8.0
2021-06-27,green hangzhou pepper,capsicum,0.1,8.0
2021-06-28,green hangzhou pepper,capsicum,0.3,8.0
2021-06-29,green hangzhou pepper,capsicum,0.15,8.0
2021-06-30,green hangzhou pepper,capsicum,0.23333333333333334,8.0
2021-07-01,green hangzhou pepper,capsicum,0.28823529411764703,8.0
2021-07-02,green hangzhou pepper,capsicum,0.18181818181818182,8.0
2021-07-03,green hangzhou pepper,capsicum,0.22,8.0
2021-07-04,green hangzhou pepper,capsicum,0.18571428571428572,8.0
2021-07-05,green hangzhou pepper,capsicum,0.19,8.0
2021-07-06,green hangzhou pepper,capsicum,0.2333333333333333,8.0
2021-07-07,green hangzhou pepper,capsicum,0.15000000000000002,8.0
2021-07-08,green hangzhou pepper,capsicum,0.175,8.0
2021-07-09,green hangzhou pepper,capsicum,0.15000000000000002,8.0
2021-07-10,green hangzhou pepper,capsicum,0.1,8.0
2021-07-11,green hangzhou pepper,capsicum,0.175,8.0
2021-07-13,green hangzhou pepper,capsicum,0.175,8.0
2021-07-14,green hangzhou pepper,capsicum,0.2,8.0
2021-07-15,green hangzhou pepper,capsicum,0.25,6.0
2021-07-16,green hangzhou pepper,capsicum,0.16666666666666666,6.0
2021-07-17,green hangzhou pepper,capsicum,0.32,6.0
2021-07-18,green hangzhou pepper,capsicum,0.21818181818181817,6.0
2021-07-19,green hangzhou pepper,capsicum,0.2,6.0
2021-07-20,green hangzhou pepper,capsicum,0.18,6.0
2021-07-21,green hangzhou pepper,capsicum,0.23333333333333336,6.0
2021-07-22,green hangzhou pepper,capsicum,0.2125,6.0
2021-07-23,green hangzhou pepper,capsicum,0.17777777777777778,6.0
2021-07-24,green hangzhou pepper,capsicum,0.175,6.0
2021-07-25,green hangzhou pepper,capsicum,0.17222222222222222,6.0
2021-07-27,green hangzhou pepper,capsicum,0.18571428571428572,6.0
2021-07-28,green hangzhou pepper,capsicum,0.3666666666666667,6.0
2021-07-29,green hangzhou pepper,capsicum,0.275,6.0
2021-07-30,green hangzhou pepper,capsicum,0.14,6.0
2021-07-31,green hangzhou pepper,capsicum,0.12000000000000002,6.0
2021-08-01,green hangzhou pepper,capsicum,0.2625,8.0
2021-08-02,green hangzhou pepper,capsicum,0.16666666666666666,8.0
2021-08-03,green hangzhou pepper,capsicum,0.3333333333333333,8.0
2021-08-04,green hangzhou pepper,capsicum,0.2888888888888889,8.0
2021-08-06,green hangzhou pepper,capsicum,0.24285714285714285,8.0
2021-08-07,green hangzhou pepper,capsicum,0.25,8.0
2021-08-08,green hangzhou pepper,capsicum,0.1846153846153846,8.0
2021-08-09,green hangzhou pepper,capsicum,0.24285714285714285,8.0
2021-08-10,green hangzhou pepper,capsicum,0.23076923076923078,8.0
2021-08-11,green hangzhou pepper,capsicum,0.3538461538461538,8.0
2021-08-12,green hangzhou pepper,capsicum,0.23333333333333334,8.0
2021-08-13,green hangzhou pepper,capsicum,0.16,8.0
2021-08-14,green hangzhou pepper,capsicum,0.31666666666666665,10.0
2021-08-15,green hangzhou pepper,capsicum,0.2375,10.0
2021-08-16,green hangzhou pepper,capsicum,0.2,10.0
2021-08-17,green hangzhou pepper,capsicum,0.2333333333333333,10.0
2021-08-18,green hangzhou pepper,capsicum,0.21818181818181817,10.0
2021-08-19,green hangzhou pepper,capsicum,0.225,10.0
2021-08-20,green hangzhou pepper,capsicum,0.19285714285714287,10.0
2021-08-21,green hangzhou pepper,capsicum,0.25,10.0
2021-08-22,green hangzhou pepper,capsicum,0.15714285714285717,8.0
2021-08-23,green hangzhou pepper,capsicum,0.14444444444444446,8.0
2021-08-24,green hangzhou pepper,capsicum,0.10000000000000002,8.0
2021-08-28,green hangzhou pepper,capsicum,0.2285714285714286,10.0
2021-08-29,green hangzhou pepper,capsicum,0.15714285714285717,10.0
2021-08-30,green hangzhou pepper,capsicum,0.3333333333333333,10.0
2021-08-31,green hangzhou pepper,capsicum,0.33636363636363636,12.0
2021-09-01,green hangzhou pepper,capsicum,0.19999999999999998,12.0
2021-09-02,green hangzhou pepper,capsicum,0.2333333333333333,12.0
2021-09-03,green hangzhou pepper,capsicum,0.16,12.0
2021-09-04,green hangzhou pepper,capsicum,0.15555555555555556,10.0
2021-09-05,green hangzhou pepper,capsicum,0.14444444444444446,10.0
2021-09-06,green hangzhou pepper,capsicum,0.12000000000000002,10.0
2021-09-07,green hangzhou pepper,capsicum,0.1,10.0
2021-09-08,green hangzhou pepper,capsicum,0.35,10.0
2021-09-09,green hangzhou pepper,capsicum,0.3,10.0
2021-09-10,green hangzhou pepper,capsicum,0.3,10.0
2021-09-11,green hangzhou pepper,capsicum,0.15000000000000002,10.0
2022-06-21,green hangzhou pepper,capsicum,0.1,12.0
2021-01-31,radish leaves,flower,0.46875,3.0
2021-02-02,radish leaves,flower,0.4,8.0
2021-02-06,radish leaves,flower,0.4,8.0
2021-02-07,radish leaves,flower,0.43333333333333335,8.0
2021-02-08,radish leaves,flower,0.42000000000000004,8.0
2021-02-09,radish leaves,flower,0.47777777777777775,8.0
2021-02-10,radish leaves,flower,0.42500000000000004,8.0
2021-02-14,radish leaves,flower,0.4714285714285714,8.0
2021-02-17,radish leaves,flower,0.5,8.0
2021-02-24,radish leaves,flower,0.325,4.0
2021-02-28,radish leaves,flower,0.4428571428571429,5.0
2021-03-01,radish leaves,flower,0.3333333333333333,5.0
2021-03-02,radish leaves,flower,0.32,5.0
2021-03-03,radish leaves,flower,0.4000000000000001,5.0
2021-03-04,radish leaves,flower,0.5,5.0
2021-03-05,radish leaves,flower,0.4428571428571429,5.0
2021-03-06,radish leaves,flower,0.48333333333333334,5.0
2021-03-07,radish leaves,flower,0.47777777777777775,5.0
2021-03-08,radish leaves,flower,0.6333333333333333,5.0
2021-03-09,radish leaves,flower,0.4,5.0
2021-03-12,radish leaves,flower,0.2,5.0
2021-04-03,radish leaves,flower,0.4125,6.0
2021-04-08,radish leaves,flower,0.325,6.0
2021-04-15,radish leaves,flower,0.4,6.0
2021-04-16,radish leaves,flower,0.5888888888888889,6.0
2021-04-17,radish leaves,flower,0.5499999999999999,4.0
2021-04-18,radish leaves,flower,0.6307692307692307,4.0
2021-04-19,radish leaves,flower,0.5,4.0
2021-04-20,radish leaves,flower,0.7000000000000001,4.0
2021-04-21,radish leaves,flower,0.6499999999999999,4.0
2021-04-22,radish leaves,flower,0.5,4.0
2021-04-23,radish leaves,flower,0.55,4.0
2021-04-24,radish leaves,flower,0.6,4.0
2021-04-25,radish leaves,flower,0.5,4.0
2021-04-26,radish leaves,flower,0.75,4.0
2021-04-27,radish leaves,flower,0.5333333333333333,4.0
2021-04-28,radish leaves,flower,0.425,4.0
2021-04-29,radish leaves,flower,0.6,4.0
2021-04-30,radish leaves,flower,0.5333333333333333,4.0
2021-05-01,radish leaves,flower,0.5692307692307692,4.0
2021-05-02,radish leaves,flower,0.5444444444444445,4.0
2021-05-03,radish leaves,flower,0.6714285714285715,4.0
2021-05-04,radish leaves,flower,0.52,4.0
2021-05-05,radish leaves,flower,0.5818181818181819,4.0
2021-05-06,radish leaves,flower,0.55,4.0
2021-05-07,radish leaves,flower,0.5833333333333334,4.0
2021-05-08,radish leaves,flower,0.4714285714285714,4.0
2021-05-09,radish leaves,flower,0.6,4.0
2021-05-10,radish leaves,flower,0.6,4.0
2021-05-12,radish leaves,flower,0.5666666666666667,4.0
2021-05-13,radish leaves,flower,0.39999999999999997,4.0
2021-05-14,radish leaves,flower,0.4571428571428572,4.0
2021-05-15,radish leaves,flower,0.4571428571428572,4.0
2021-05-16,radish leaves,flower,0.5333333333333333,4.0
2021-05-17,radish leaves,flower,0.5166666666666667,4.0
2021-05-18,radish leaves,flower,0.52,4.0
2021-05-19,radish leaves,flower,0.52,4.0
2021-05-20,radish leaves,flower,0.55,4.0
2021-05-21,radish leaves,flower,0.55,4.0
2021-09-20,radish leaves,flower,0.45,5.0
2021-09-21,radish leaves,flower,0.4444444444444444,5.0
2021-10-19,radish leaves,flower,0.6166666666666667,6.0
2022-01-22,radish leaves,flower,0.5,6.0
2022-01-23,radish leaves,flower,0.43333333333333335,8.0
2022-01-24,radish leaves,flower,0.3125,9.0
2022-01-25,radish leaves,flower,0.3833333333333333,9.0
2022-01-26,radish leaves,flower,0.44000000000000006,9.0
2022-02-14,radish leaves,flower,0.4375,9.0
2022-02-17,radish leaves,flower,0.5166666666666667,9.0
2022-02-18,radish leaves,flower,0.6666666666666666,9.0
2022-02-19,radish leaves,flower,0.75,8.0
2022-02-20,radish leaves,flower,0.525,8.0
2022-02-22,radish leaves,flower,0.5375,8.0
2022-02-23,radish leaves,flower,0.5,8.0
2022-02-25,radish leaves,flower,0.4571428571428572,8.0
2022-02-26,radish leaves,flower,0.5,8.0
2022-02-27,radish leaves,flower,0.525,8.0
2022-02-28,radish leaves,flower,0.5333333333333333,8.0
2022-03-01,radish leaves,flower,0.6,8.0
2022-03-02,radish leaves,flower,0.4,7.0
2022-03-03,radish leaves,flower,0.5666666666666667,6.0
2022-03-04,radish leaves,flower,0.5333333333333333,6.0
2022-03-05,radish leaves,flower,0.475,6.0
2022-03-06,radish leaves,flower,0.5,6.0
2022-03-07,radish leaves,flower,0.39999999999999997,6.0
2022-03-08,radish leaves,flower,0.65,6.0
2022-03-10,radish leaves,flower,0.6,6.0
2022-03-11,radish leaves,flower,0.43333333333333335,6.0
2022-03-12,radish leaves,flower,0.4,6.0
2022-03-13,radish leaves,flower,0.55,6.0
2022-03-14,radish leaves,flower,0.4000000000000001,6.0
2022-03-15,radish leaves,flower,0.4,6.0
2022-03-16,radish leaves,flower,0.4,6.0
2022-03-17,radish leaves,flower,0.5333333333333333,6.0
2022-03-18,radish leaves,flower,0.4,6.0
2022-03-19,radish leaves,flower,0.6,6.0
2022-03-21,radish leaves,flower,0.55,6.0
2022-03-22,radish leaves,flower,0.55,6.0
2022-03-23,radish leaves,flower,0.48,7.0
2022-03-24,radish leaves,flower,0.6,7.0
2022-03-25,radish leaves,flower,0.43333333333333335,7.0
2022-03-26,radish leaves,flower,0.5599999999999999,7.0
2022-03-27,radish leaves,flower,0.4,7.0
2022-03-30,radish leaves,flower,0.7000000000000001,7.0
2022-03-31,radish leaves,flower,0.3,7.0
2022-04-01,radish leaves,flower,0.5,7.0
2022-04-02,radish leaves,flower,0.6000000000000001,7.0
2022-04-03,radish leaves,flower,0.4,7.0
2022-04-05,radish leaves,flower,0.42500000000000004,6.0
2022-04-06,radish leaves,flower,0.4,6.0
2022-04-08,radish leaves,flower,0.5666666666666667,6.0
2022-04-09,radish leaves,flower,0.3666666666666667,6.0
2022-04-10,radish leaves,flower,0.6,6.0
2022-04-11,radish leaves,flower,0.5333333333333333,6.0
2022-04-12,radish leaves,flower,0.5,6.0
2022-04-14,radish leaves,flower,0.6,6.0
2022-04-15,radish leaves,flower,0.3,6.0
2022-04-16,radish leaves,flower,0.4000000000000001,6.0
2022-04-18,radish leaves,flower,0.3,6.0
2022-04-19,radish leaves,flower,0.43333333333333335,6.0
2022-04-20,radish leaves,flower,0.4,6.0
2022-04-21,radish leaves,flower,0.3666666666666667,6.0
2022-04-22,radish leaves,flower,0.625,6.0
2022-04-23,radish leaves,flower,0.5555555555555556,6.0
2022-04-24,radish leaves,flower,0.4666666666666666,6.0
2022-04-25,radish leaves,flower,0.35,6.0
2022-04-26,radish leaves,flower,0.9,6.0
2022-04-27,radish leaves,flower,1.0,6.0
2022-04-28,radish leaves,flower,0.48,6.0
2022-04-30,radish leaves,flower,0.39999999999999997,6.0
2022-05-01,radish leaves,flower,0.4,6.0
2022-05-02,radish leaves,flower,0.3,6.0
2022-05-03,radish leaves,flower,0.3,6.0
2022-05-05,radish leaves,flower,0.6000000000000001,6.0
2022-05-06,radish leaves,flower,0.6,6.0
2022-05-07,radish leaves,flower,0.5333333333333333,6.0
2022-05-08,radish leaves,flower,0.5,6.0
2022-05-09,radish leaves,flower,0.6,6.0
2022-09-25,radish leaves,flower,1.0,4.0
2022-10-01,radish leaves,flower,0.6,6.0
2022-11-12,radish leaves,flower,0.55,3.6
2022-11-13,radish leaves,flower,0.7,3.6
2022-11-15,radish leaves,flower,0.7666666666666666,4.0
2022-11-16,radish leaves,flower,0.3,4.0
2022-11-17,radish leaves,flower,0.95,4.0
2022-11-18,radish leaves,flower,0.8,4.0
2022-11-19,radish leaves,flower,0.8500000000000001,4.0
2021-02-05,hua eggplant,solanum,0.75,10.0
2021-02-06,hua eggplant,solanum,0.5727272727272728,10.0
2021-02-07,hua eggplant,solanum,0.64,12.0
2021-02-08,hua eggplant,solanum,0.72,12.0
2021-07-14,hua eggplant,solanum,0.7,12.0
2021-07-15,hua eggplant,solanum,0.725,12.0
2021-07-16,hua eggplant,solanum,0.6285714285714287,12.0
2021-07-17,hua eggplant,solanum,0.55,12.0
2022-05-01,hua eggplant,solanum,0.44999999999999996,12.0
2022-05-02,hua eggplant,solanum,0.55,12.0
2022-05-03,hua eggplant,solanum,0.7333333333333334,12.0
2022-05-04,hua eggplant,solanum,0.5,12.0
2022-05-05,hua eggplant,solanum,0.3,12.0
2022-05-06,hua eggplant,solanum,0.75,12.0
2022-05-07,hua eggplant,solanum,0.6,12.0
2022-05-08,hua eggplant,solanum,0.30000000000000004,12.0
2022-05-09,hua eggplant,solanum,0.5,12.0
2022-05-10,hua eggplant,solanum,0.44000000000000006,12.0
2022-05-11,hua eggplant,solanum,0.2,12.0
2022-05-12,hua eggplant,solanum,0.5,12.0
2022-05-13,hua eggplant,solanum,0.5,12.0
2022-05-14,hua eggplant,solanum,0.3333333333333333,12.0
2022-05-15,hua eggplant,solanum,0.42500000000000004,12.0
2022-05-16,hua eggplant,solanum,0.4,12.0
2022-05-17,hua eggplant,solanum,0.5,12.0
2022-05-19,hua eggplant,solanum,0.4,12.0
2022-05-20,hua eggplant,solanum,0.8,12.0
2022-05-21,hua eggplant,solanum,0.58,12.0
2022-05-22,hua eggplant,solanum,0.5,12.0
2022-05-24,hua eggplant,solanum,0.2,12.0
2022-05-25,hua eggplant,solanum,0.3,12.0
2022-05-26,hua eggplant,solanum,0.44999999999999996,12.0
2022-05-27,hua eggplant,solanum,0.6000000000000001,12.0
2022-05-28,hua eggplant,solanum,0.3,12.0
2022-05-30,hua eggplant,solanum,0.5,12.0
2022-05-31,hua eggplant,solanum,0.9,12.0
2022-06-02,hua eggplant,solanum,0.7,12.0
2022-06-03,hua eggplant,solanum,0.2,12.0
2022-06-06,hua eggplant,solanum,0.5,12.0
2022-06-07,hua eggplant,solanum,0.7,12.0
2022-06-09,hua eggplant,solanum,0.8,12.0
2022-06-24,hua eggplant,solanum,0.4,12.0
2022-06-25,hua eggplant,solanum,0.6,12.0
2022-06-27,hua eggplant,solanum,0.5,12.0
2022-06-28,hua eggplant,solanum,0.4,12.0
2022-06-29,hua eggplant,solanum,0.6,12.0
2022-06-30,hua eggplant,solanum,0.43333333333333335,12.0
2022-07-01,hua eggplant,solanum,0.5,12.0
2022-07-03,hua eggplant,solanum,0.6,12.0
2022-07-10,hua eggplant,solanum,0.5,12.0
2021-02-05,siguajian,flower,0.39999999999999997,10.0
2021-02-06,siguajian,flower,0.4,10.0
2021-02-07,siguajian,flower,0.4000000000000001,10.0
2021-02-08,siguajian,flower,0.4,10.0
2021-02-09,siguajian,flower,0.4,10.0
2021-06-24,siguajian,flower,0.4142857142857143,14.0
2021-06-25,siguajian,flower,0.7,14.0
2022-03-04,siguajian,flower,0.4,49.6
2022-03-14,siguajian,flower,0.3,29.6
2022-03-16,siguajian,flower,0.4,29.6
2022-03-17,siguajian,flower,0.4,29.6
2022-03-20,siguajian,flower,0.5,29.6
2022-04-03,siguajian,flower,0.4,25.8
2022-04-08,siguajian,flower,0.3,25.8
2022-04-10,siguajian,flower,0.35,29.6
2022-04-12,siguajian,flower,0.3,29.6
2022-04-20,siguajian,flower,0.3,29.6
