sales_analysis/datasets/daily_mean.csv
date,item_name,category_name,quantity_sold_kg,unit_selling_price_rmb/kg
2021-02-19,white caitai,flower,0.7166666666666667,2.0
2021-02-21,white caitai,flower,0.4222222222222223,2.0
2021-02-22,white caitai,flower,0.375,2.0
2021-02-23,white caitai,flower,0.5,2.6
2021-02-24,white caitai,flower,0.575,2.6
2021-02-25,white caitai,flower,0.6028571428571429,2.6
2021-02-26,white caitai,flower,0.8636363636363636,2.6
2021-02-27,white caitai,flower,0.5472222222222222,3.4
2021-02-28,white caitai,flower,0.45,4.0
2021-03-01,white caitai,flower,0.5842105263157894,4.0
2021-03-02,white caitai,flower,0.5357142857142857,4.0
2021-03-03,white caitai,flower,0.6,4.0
2021-03-04,white caitai,flower,0.556,3.4
2021-03-05,white caitai,flower,0.5900000000000001,3.4
2021-03-06,white caitai,flower,0.6071428571428571,3.4
2021-03-07,white caitai,flower,0.582051282051282,3.4
2021-03-08,white caitai,flower,0.6346153846153846,3.3999999999999995
2021-03-09,white caitai,flower,0.5869565217391305,3.6
2021-03-10,white caitai,flower,0.7,3.6
2021-03-11,white caitai,flower,0.5818181818181818,4.0
2021-03-12,white caitai,flower,0.6130434782608696,4.0
2021-03-13,white caitai,flower,0.6285714285714286,4.0
2021-03-14,white caitai,flower,0.5222222222222223,4.0
2021-03-15,white caitai,flower,0.6727272727272727,4.0
2021-03-16,white caitai,flower,0.7615384615384616,4.0
2021-03-17,white caitai,flower,0.7000000000000001,4.0
2021-03-18,white caitai,flower,0.48947368421052634,4.0
2021-03-19,white caitai,flower,0.5363636363636364,4.0
2021-03-20,white caitai,flower,0.490625,5.0
2021-03-21,white caitai,flower,0.5399999999999999,5.0
2021-03-22,white caitai,flower,0.7666666666666666,5.0
2021-03-23,white caitai,flower,0.5,5.0
2021-03-24,white caitai,flower,0.625,5.0
2021-03-25,white caitai,flower,0.48000000000000004,5.0
2021-03-26,white caitai,flower,0.4441176470588235,5.0
2021-03-27,white caitai,flower,0.51875,5.0
2021-03-28,white caitai,flower,0.38181818181818183,4.0
2021-12-08,white caitai,flower,0.44999999999999996,8.0
2021-12-09,white caitai,flower,0.3666666666666667,8.0
2022-01-17,white caitai,flower,0.3666666666666667,4.0
2022-01-19,white caitai,flower,0.45,4.0
2022-01-21,white caitai,flower,0.5166666666666667,4.0
2022-01-22,white caitai,flower,0.5666666666666667,4.0
2022-01-23,white caitai,flower,0.65,4.0
2022-01-24,white caitai,flower,0.6153846153846154,4.0
2022-02-04,white caitai,flower,0.6625,6.0
2022-02-05,white caitai,flower,0.7285714285714286,6.0
2022-02-06,white caitai,flower,0.65,6.0
2022-02-07,white caitai,flower,0.6428571428571429,6.0
2022-02-08,white caitai,flower,0.64,6.0
2022-02-09,white caitai,flower,0.6357142857142858,6.0
2022-02-10,white caitai,flower,0.6,6.0
2022-02-11,white caitai,flower,0.8,6.0
2022-02-12,white caitai,flower,0.4,6.0
2022-02-13,white caitai,flower,0.7428571428571429,4.0
2022-02-28,white caitai,flower,0.4318181818181818,6.0
2022-03-01,white caitai,flower,0.6,6.0
2022-03-02,white caitai,flower,0.47777777777777775,4.0
2022-03-03,white caitai,flower,0.5416666666666666,4.0
2022-03-05,white caitai,flower,0.5769230769230769,4.0
2022-03-06,white caitai,flower,0.6142857142857142,4.0
2022-03-07,white caitai,flower,0.5117647058823529,4.0
2022-03-08,white caitai,flower,0.4916666666666667,3.0
2022-03-09,white caitai,flower,0.6066666666666667,3.0
2022-03-10,white caitai,flower,0.6,2.6
2022-03-11,white caitai,flower,0.5153846153846154,2.6000000000000005
2022-03-12,white caitai,flower,0.63,2.6
2022-03-13,white caitai,flower,0.5153846153846154,2.6000000000000005
2022-03-14,white caitai,flower,0.5599999999999999,2.6
2022-03-15,white caitai,flower,0.7125,2.6
2022-03-16,white caitai,flower,0.5333333333333333,2.6
2022-03-17,white caitai,flower,0.6333333333333333,2.6
2022-03-18,white caitai,flower,0.5272727272727272,2.6
2022-03-19,white caitai,flower,0.5954545454545455,2.6
2021-02-22,panax notoginseng,flower,0.2,12.0
2021-02-23,panax notoginseng,flower,0.2,12.0
2021-02-24,panax notoginseng,flower,0.2,12.0
2021-03-07,panax notoginseng,flower,0.4000000000000001,14.0
2021-03-08,panax notoginseng,flower,0.4,14.0
2021-03-09,panax notoginseng,flower,0.19999999999999998,12.0
2021-03-10,panax notoginseng,flower,0.2,12.0
2021-03-11,panax notoginseng,flower,0.2,12.0
2021-03-12,panax notoginseng,flower,0.20000000000000004,12.0
2021-03-13,panax notoginseng,flower,0.2,12.0
2021-03-14,panax notoginseng,flower,0.24,12.0
2021-03-19,panax notoginseng,flower,0.2,16.0
2021-03-20,panax notoginseng,flower,0.1,16.0
2021-03-22,panax notoginseng,flower,0.1,16.0
2021-03-24,panax notoginseng,flower,0.2,16.0
2021-03-25,panax notoginseng,flower,0.25,16.0
2021-03-26,panax notoginseng,flower,0.3,16.0
2021-03-27,panax notoginseng,flower,0.20000000000000004,16.0
2021-03-28,panax notoginseng,flower,0.3,16.0
2021-03-29,panax notoginseng,flower,0.2,16.0
2021-03-30,panax notoginseng,flower,0.20000000000000004,16.0
2021-04-02,panax notoginseng,flower,0.20000000000000004,16.0
2021-04-03,panax notoginseng,flower,0.2,16.0
2021-04-04,panax notoginseng,flower,0.225,16.0
2021-04-05,panax notoginseng,flower,0.2,16.0
2021-04-06,panax notoginseng,flower,0.4,16.0
2021-04-07,panax notoginseng,flower,0.4,16.0
2021-04-08,panax notoginseng,flower,0.26666666666666666,16.0
2021-04-10,panax notoginseng,flower,0.1,16.0
2021-04-11,panax notoginseng,flower,0.3,16.0
2021-04-13,panax notoginseng,flower,0.3,16.0
2021-04-14,panax notoginseng,flower,0.2,16.0
2021-04-16,panax notoginseng,flower,0.25,16.0
2021-04-17,panax notoginseng,flower,0.35,16.0
2021-04-21,panax notoginseng,flower,0.1,16.0
2021-04-22,panax notoginseng,flower,0.26666666666666666,16.0
2021-04-24,panax notoginseng,flower,0.3,16.0
2021-04-26,panax notoginseng,flower,0.2,16.0
2021-04-27,panax notoginseng,flower,0.4,16.0
2021-04-28,panax notoginseng,flower,0.35,16.0
2021-04-30,panax notoginseng,flower,0.8,16.0
2021-05-01,panax notoginseng,flower,0.2,16.0
2021-05-03,panax notoginseng,flower,0.25,16.0
2021-05-04,panax notoginseng,flower,0.3,16.0
2021-05-07,panax notoginseng,flower,0.3,16.0
2021-05-08,panax notoginseng,flower,0.1,16.0
2021-05-09,panax notoginseng,flower,0.2,16.0
2021-05-10,panax notoginseng,flower,0.4,16.0
2021-05-11,panax notoginseng,flower,0.3,16.0
2021-05-12,panax notoginseng,flower,0.2,16.0
2021-05-14,panax notoginseng,flower,0.4000000000000001,16.0
2021-05-15,panax notoginseng,flower,0.4,14.0
2021-05-17,panax notoginseng,flower,0.26666666666666666,14.0
2021-05-18,panax notoginseng,flower,0.2,14.0
2021-05-20,panax notoginseng,flower,0.20000000000000004,14.0
2021-05-22,panax notoginseng,flower,0.2,14.0
2021-05-23,panax notoginseng,flower,0.3,14.0
2021-05-24,panax notoginseng,flower,0.2,14.0
2021-05-25,panax notoginseng,flower,0.3,14.0
2021-05-27,panax notoginseng,flower,0.20000000000000004,14.0
2021-05-29,panax notoginseng,flower,0.2333333333333333,14.0
2021-05-31,panax notoginseng,flower,0.2,14.0
2021-06-01,panax notoginseng,flower,0.2,14.0
2021-06-02,panax notoginseng,flower,0.5,14.0
2021-06-05,panax notoginseng,flower,0.30000000000000004,14.0
2021-06-06,panax notoginseng,flower,0.30000000000000004,14.0
2021-06-07,panax notoginseng,flower,0.2,14.0
2021-06-11,panax notoginseng,flower,0.3,14.0
2021-06-12,panax notoginseng,flower,0.2,14.0
2021-06-13,panax notoginseng,flower,0.3,14.0
2021-06-28,panax notoginseng,flower,0.25,10.0
2021-06-29,panax notoginseng,flower,0.2333333333333333,12.0
2021-07-02,panax notoginseng,flower,0.5,8.0
2021-07-03,panax notoginseng,flower,0.5,8.0
2021-07-04,panax notoginseng,flower,0.2,8.0
2021-07-05,panax notoginseng,flower,0.4,8.0
2021-07-06,panax notoginseng,flower,0.25,8.0
2021-07-08,panax notoginseng,flower,0.4,8.0
2021-07-09,panax notoginseng,flower,0.16666666666666666,8.0
2021-07-10,panax notoginseng,flower,0.3,8.0
2021-07-11,panax notoginseng,flower,0.3,8.0
2021-07-12,panax notoginseng,flower,0.3,8.0
2021-07-14,panax notoginseng,flower,0.4,8.0
2021-07-16,panax notoginseng,flower,0.2333333333333333,8.0
2021-07-17,panax notoginseng,flower,0.26,8.0
2021-07-18,panax notoginseng,flower,0.2,8.0
2021-07-19,panax notoginseng,flower,0.3,8.0
2021-07-20,panax notoginseng,flower,0.35,8.0
2021-07-22,panax notoginseng,flower,0.15000000000000002,12.0
2021-07-23,panax notoginseng,flower,0.5,12.0
2021-07-26,panax notoginseng,flower,0.2,14.0
2021-07-28,panax notoginseng,flower,0.2,14.0
2021-07-30,panax notoginseng,flower,0.2,16.0
2021-07-31,panax notoginseng,flower,0.2,16.0
2021-08-01,panax notoginseng,flower,0.2,16.0
2021-02-22,purple beicai,flower,0.3,19.8
2021-02-25,purple beicai,flower,0.3,19.8
2021-02-26,purple beicai,flower,0.18333333333333335,19.8
2021-03-07,purple beicai,flower,0.2,19.8
2021-03-08,purple beicai,flower,0.15000000000000002,19.8
2021-03-09,purple beicai,flower,0.20000000000000004,19.8
2021-03-10,purple beicai,flower,0.2,19.8
2021-03-12,purple beicai,flower,0.20000000000000004,19.8
2021-03-13,purple beicai,flower,0.17500000000000002,14.0
2021-03-21,purple beicai,flower,0.2,14.0
2021-03-22,purple beicai,flower,0.2,14.0
2021-03-28,purple beicai,flower,0.2,14.0
2021-04-01,purple beicai,flower,0.15000000000000002,14.0
2021-04-02,purple beicai,flower,0.2,14.0
2021-04-03,purple beicai,flower,0.17777777777777778,14.0
2021-04-04,purple beicai,flower,0.20000000000000004,14.0
2021-04-06,purple beicai,flower,0.2,14.0
2021-04-08,purple beicai,flower,0.15000000000000002,14.0
2021-04-09,purple beicai,flower,0.16,14.0
2021-04-10,purple beicai,flower,0.26,14.0
2021-04-11,purple beicai,flower,0.2,14.0
2021-04-12,purple beicai,flower,0.17500000000000002,14.0
2021-04-13,purple beicai,flower,0.2,14.0
2021-04-14,purple beicai,flower,0.1,14.0
2021-04-15,purple beicai,flower,0.16666666666666666,14.0
2021-04-17,purple beicai,flower,0.2,14.0
2021-04-18,purple beicai,flower,0.2,14.0
2021-04-19,purple beicai,flower,0.2,14.0
2021-04-20,purple beicai,flower,0.10000000000000002,14.0
2021-04-24,purple beicai,flower,0.2,14.0
2021-04-25,purple beicai,flower,0.3,14.0
2021-04-27,purple beicai,flower,0.2,14.0
2021-04-29,purple beicai,flower,0.2,14.0
2021-05-01,purple beicai,flower,0.15000000000000002,14.0
2021-05-05,purple beicai,flower,0.2,14.0
2021-05-06,purple beicai,flower,0.2,14.0
2021-05-07,purple beicai,flower,0.1,14.0
2021-05-08,purple beicai,flower,0.15000000000000002,14.0
2021-05-09,purple beicai,flower,0.14,14.0
2021-06-07,purple beicai,flower,0.2,12.0
2021-06-08,purple beicai,flower,0.1,12.0
2021-06-09,purple beicai,flower,0.10000000000000002,12.0
2021-07-20,purple beicai,flower,0.15000000000000002,19.8
2021-10-17,purple beicai,flower,0.1142857142857143,21.6
2021-10-19,purple beicai,flower,0.13333333333333333,21.600000000000005
2021-10-20,purple beicai,flower,0.15000000000000002,21.6
2021-10-21,purple beicai,flower,0.1,21.6
2021-10-23,purple beicai,flower,0.2,21.6
2021-11-19,purple beicai,flower,0.2,21.6
2021-11-20,purple beicai,flower,0.2,21.6
2021-12-12,purple beicai,flower,0.25,19.8
2022-10-20,purple beicai,flower,0.16666666666666666,21.46666666666667
2021-02-23,dalong eggplant,solanum,0.47333333333333333,10.0
2021-02-24,dalong eggplant,solanum,0.4857142857142857,10.0
2021-02-25,dalong eggplant,solanum,0.4666666666666667,12.0
2021-02-26,dalong eggplant,solanum,0.5,12.0
2021-02-27,dalong eggplant,solanum,0.4666666666666666,12.0
2021-02-28,dalong eggplant,solanum,0.4388888888888889,12.0
2021-03-01,dalong eggplant,solanum,0.44000000000000006,12.0
2021-03-03,dalong eggplant,solanum,0.43529411764705883,12.0
2021-03-04,dalong eggplant,solanum,0.35,12.0
2021-03-31,dalong eggplant,solanum,0.30000000000000004,12.0
2021-04-01,dalong eggplant,solanum,0.4083333333333334,12.0
2021-04-02,dalong eggplant,solanum,0.38333333333333336,11.0
2021-04-03,dalong eggplant,solanum,0.39999999999999997,11.0
2021-04-04,dalong eggplant,solanum,0.325,12.0
2021-04-05,dalong eggplant,solanum,0.4000000000000001,12.0
2021-04-06,dalong eggplant,solanum,0.3,12.0
2021-04-07,dalong eggplant,solanum,0.4428571428571429,12.0
2021-04-10,dalong eggplant,solanum,0.42857142857142855,12.0
2021-04-11,dalong eggplant,solanum,0.35555555555555557,12.0
2021-04-12,dalong eggplant,solanum,0.45,10.0
2021-04-13,dalong eggplant,solanum,0.33999999999999997,10.0
2021-04-14,dalong eggplant,solanum,0.4083333333333334,10.0
2021-04-15,dalong eggplant,solanum,0.45,10.0
2021-04-16,dalong eggplant,solanum,0.42857142857142855,10.0
2021-04-17,dalong eggplant,solanum,0.42000000000000004,10.0
2021-04-18,dalong eggplant,solanum,0.40285714285714286,8.0
2021-04-19,dalong eggplant,solanum,0.43333333333333335,8.0
2021-04-20,dalong eggplant,solanum,0.4916666666666667,8.0
2021-04-21,dalong eggplant,solanum,0.5750000000000001,8.0
2021-04-22,dalong eggplant,solanum,0.3833333333333333,8.0
2021-04-23,dalong eggplant,solanum,0.31666666666666665,8.0
2021-04-24,dalong eggplant,solanum,0.36363636363636365,8.0
2021-04-25,dalong eggplant,solanum,0.45294117647058824,9.0
2021-04-26,dalong eggplant,solanum,0.42000000000000004,10.0
2021-04-27,dalong eggplant,solanum,0.36666666666666664,10.0
2021-04-28,dalong eggplant,solanum,0.5235294117647059,10.0
2021-04-29,dalong eggplant,solanum,0.4846153846153846,10.0
2021-04-30,dalong eggplant,solanum,0.48125,10.0
2021-05-01,dalong eggplant,solanum,0.49000000000000005,10.0
2021-05-02,dalong eggplant,solanum,0.4714285714285714,10.0
2021-05-03,dalong eggplant,solanum,0.4238095238095238,10.0
2021-05-04,dalong eggplant,solanum,0.41818181818181815,10.0
2021-05-05,dalong eggplant,solanum,0.4,10.0
2021-05-06,dalong eggplant,solanum,0.4,10.0
2021-05-07,dalong eggplant,solanum,0.37142857142857144,10.0
2021-05-08,dalong eggplant,solanum,0.44000000000000006,10.0
2021-05-09,dalong eggplant,solanum,0.3625,10.0
2021-05-10,dalong eggplant,solanum,0.4166666666666667,10.0
2021-05-11,dalong eggplant,solanum,0.39333333333333337,10.0
2021-05-12,dalong eggplant,solanum,0.41999999999999993,10.0
2021-05-13,dalong eggplant,solanum,0.45,10.0
2021-05-14,dalong eggplant,solanum,0.65,10.0
2021-05-15,dalong eggplant,solanum,0.44090909090909086,10.0
2021-05-16,dalong eggplant,solanum,0.4666666666666666,10.0
2021-05-17,dalong eggplant,solanum,0.45294117647058824,10.0
2021-05-18,dalong eggplant,solanum,0.5,10.0
2021-05-19,dalong eggplant,solanum,0.4818181818181818,8.0
2021-05-20,dalong eggplant,solanum,0.675,8.0
2021-05-21,dalong eggplant,solanum,0.45,8.0
2021-05-22,dalong eggplant,solanum,0.5375,10.0
2021-05-23,dalong eggplant,solanum,0.4421052631578948,10.0
2021-05-24,dalong eggplant,solanum,0.25,10.0
2021-05-25,dalong eggplant,solanum,0.4,10.0
2021-05-26,dalong eggplant,solanum,1.0,10.0
2021-05-27,dalong eggplant,solanum,0.3666666666666667,10.0
2021-05-28,dalong eggplant,solanum,0.26666666666666666,10.0
2021-05-29,dalong eggplant,solanum,0.5599999999999999,10.0
2021-05-30,dalong eggplant,solanum,0.375,10.0
2021-05-31,dalong eggplant,solanum,0.5833333333333334,10.0
2021-06-01,dalong eggplant,solanum,0.6,10.0
2021-06-02,dalong eggplant,solanum,0.39999999999999997,10.0
2021-06-03,dalong eggplant,solanum,0.42000000000000004,10.0
2021-06-04,dalong eggplant,solanum,0.42000000000000004,10.0
2021-06-05,dalong eggplant,solanum,0.5,10.0
2021-06-06,dalong eggplant,solanum,0.4555555555555556,8.0
2021-06-07,dalong eggplant,solanum,0.42500000000000004,9.0
2021-06-08,dalong eggplant,solanum,0.4666666666666666,9.0
2021-06-09,dalong eggplant,solanum,0.4,9.0
2021-06-10,dalong eggplant,solanum,0.6000000000000001,9.0
2021-06-11,dalong eggplant,solanum,0.5,9.0
2021-06-12,dalong eggplant,solanum,0.38,9.0
2021-06-13,dalong eggplant,solanum,0.65,9.0
2021-06-14,dalong eggplant,solanum,0.5,6.0
2021-06-15,dalong eggplant,solanum,0.42500000000000004,8.0
2021-06-16,dalong eggplant,solanum,0.36,8.0
