sales_analysis/datasets/daily_mean.csv
date,item_name,category_name,quantity_sold_kg,unit_selling_price_rmb/kg
2021-02-23,red hot peppers,capsicum,0.1,33.8
2021-02-24,red hot peppers,capsicum,0.26666666666666666,33.8
2021-02-25,red hot peppers,capsicum,0.25,33.8
2021-02-26,red hot peppers,capsicum,0.2,33.8
2021-03-01,red hot peppers,capsicum,0.4,33.8
2021-05-13,red hot peppers,capsicum,0.31428571428571433,16.0
2021-05-14,red hot peppers,capsicum,0.23333333333333336,16.0
2021-05-15,red hot peppers,capsicum,0.25,16.0
2021-05-16,red hot peppers,capsicum,0.13333333333333333,16.0
2021-05-23,red hot peppers,capsicum,0.20909090909090908,10.0
2021-05-24,red hot peppers,capsicum,0.19999999999999998,10.0
2021-05-25,red hot peppers,capsicum,0.13333333333333333,10.0
2021-05-27,red hot peppers,capsicum,0.35,10.0
2021-05-28,red hot peppers,capsicum,0.1,10.0
2021-05-29,red hot peppers,capsicum,0.2818181818181818,10.0
2021-05-30,red hot peppers,capsicum,0.24666666666666667,10.0
2021-05-31,red hot peppers,capsicum,0.25,10.0
2021-06-01,red hot peppers,capsicum,0.12000000000000002,10.0
2021-06-02,red hot peppers,capsicum,0.1,10.0
2021-06-03,red hot peppers,capsicum,0.15000000000000002,10.0
2021-06-04,red hot peppers,capsicum,0.3,10.0
2021-06-05,red hot peppers,capsicum,0.32,8.0
2021-06-06,red hot peppers,capsicum,0.26666666666666666,8.0
2021-06-07,red hot peppers,capsicum,0.16666666666666666,8.0
2021-06-09,red hot peppers,capsicum,0.2714285714285714,10.0
2021-06-10,red hot peppers,capsicum,0.2333333333333333,8.0
2021-06-11,red hot peppers,capsicum,0.26666666666666666,8.0
2021-06-12,red hot peppers,capsicum,0.16999999999999998,8.0
2021-06-13,red hot peppers,capsicum,0.23333333333333334,6.0
2021-06-15,red hot peppers,capsicum,0.24,6.0
2021-06-16,red hot peppers,capsicum,0.2,6.0
2021-06-17,red hot peppers,capsicum,0.2777777777777778,6.0
2021-06-18,red hot peppers,capsicum,0.36,6.0
2021-06-19,red hot peppers,capsicum,0.225,6.0
2021-06-20,red hot peppers,capsicum,0.32,6.0
2021-06-21,red hot peppers,capsicum,0.175,6.0
2021-06-22,red hot peppers,capsicum,0.1875,6.0
2021-06-23,red hot peppers,capsicum,0.3266666666666666,6.0
2021-06-24,red hot peppers,capsicum,0.27142857142857146,6.0
2021-06-25,red hot peppers,capsicum,0.35000000000000003,6.0
2021-06-26,red hot peppers,capsicum,0.29333333333333333,6.0
2021-06-27,red hot peppers,capsicum,0.20714285714285713,6.0
2021-06-28,red hot peppers,capsicum,0.24666666666666667,6.0
2021-06-29,red hot peppers,capsicum,0.2333333333333333,10.0
2021-06-30,red hot peppers,capsicum,0.25,8.0
2021-07-01,red hot peppers,capsicum,0.19999999999999998,8.0
2021-07-02,red hot peppers,capsicum,0.275,8.0
2021-07-03,red hot peppers,capsicum,0.2,8.0
2021-07-04,red hot peppers,capsicum,0.2714285714285714,8.0
2021-07-05,red hot peppers,capsicum,0.3,8.0
2021-07-06,red hot peppers,capsicum,0.2571428571428572,8.0
2021-07-07,red hot peppers,capsicum,0.24000000000000005,8.0
2021-07-08,red hot peppers,capsicum,0.225,8.0
2021-07-09,red hot peppers,capsicum,0.29000000000000004,8.0
2021-07-10,red hot peppers,capsicum,0.2,8.0
2021-07-11,red hot peppers,capsicum,0.18333333333333335,6.0
2021-07-12,red hot peppers,capsicum,0.3,6.0
2021-07-15,red hot peppers,capsicum,0.25,10.0
2021-07-16,red hot peppers,capsicum,0.20833333333333334,10.0
2021-07-17,red hot peppers,capsicum,0.25,10.0
2021-07-18,red hot peppers,capsicum,0.15,10.0
2021-07-19,red hot peppers,capsicum,0.25555555555555554,10.0
2021-07-20,red hot peppers,capsicum,0.19166666666666668,10.0
2021-07-21,red hot peppers,capsicum,0.23333333333333336,10.0
2021-07-22,red hot peppers,capsicum,0.24,10.0
2021-07-23,red hot peppers,capsicum,0.2285714285714286,10.0
2021-07-24,red hot peppers,capsicum,0.2263157894736842,10.0
2021-07-25,red hot peppers,capsicum,0.2222222222222222,10.0
2021-07-27,red hot peppers,capsicum,0.20000000000000004,10.0
2021-07-28,red hot peppers,capsicum,0.2333333333333333,10.0
2021-07-29,red hot peppers,capsicum,0.3,8.0
2021-07-30,red hot peppers,capsicum,0.24,8.0
2021-07-31,red hot peppers,capsicum,0.16363636363636364,8.0
2021-08-01,red hot peppers,capsicum,0.17500000000000002,8.0
2021-08-02,red hot peppers,capsicum,0.1,8.0
2021-08-03,red hot peppers,capsicum,0.33999999999999997,8.0
2021-08-04,red hot peppers,capsicum,0.35000000000000003,8.0
2021-08-05,red hot peppers,capsicum,0.275,8.0
2021-08-06,red hot peppers,capsicum,0.3333333333333333,8.0
2021-09-06,red hot peppers,capsicum,0.2,8.0
2021-10-04,red hot peppers,capsicum,0.2631578947368421,14.0
2021-10-05,red hot peppers,capsicum,0.21428571428571427,14.0
2021-10-06,red hot peppers,capsicum,0.2333333333333333,14.0
2021-10-07,red hot peppers,capsicum,0.1,14.0
2021-10-08,red hot peppers,capsicum,0.35,12.0
2021-10-09,red hot peppers,capsicum,0.25,12.0
2021-10-10,red hot peppers,capsicum,0.3333333333333333,12.0
2021-10-11,red hot peppers,capsicum,0.3,14.0
2021-10-12,red hot peppers,capsicum,0.275,14.0
2021-10-13,red hot peppers,capsicum,0.5666666666666668,14.0
2021-10-14,red hot peppers,capsicum,0.15000000000000002,14.0
2021-10-15,red hot peppers,capsicum,0.28750000000000003,16.0
2021-10-16,red hot peppers,capsicum,0.21875,16.0
2021-10-17,red hot peppers,capsicum,0.13333333333333333,18.0
2021-10-18,red hot peppers,capsicum,0.26666666666666666,18.0
2021-10-19,red hot peppers,capsicum,0.4,18.0
2021-10-20,red hot peppers,capsicum,0.175,18.0
2021-10-22,red hot peppers,capsicum,0.35,18.0
2021-10-23,red hot peppers,capsicum,0.1,18.0
2021-10-24,red hot peppers,capsicum,0.19999999999999998,18.0
2021-10-25,red hot peppers,capsicum,0.6,18.0
2021-10-26,red hot peppers,capsicum,0.55,18.0
2021-10-27,red hot peppers,capsicum,0.2,18.0
2021-10-28,red hot peppers,capsicum,0.3,18.0
2021-10-30,red hot peppers,capsicum,0.19999999999999998,18.0
2021-10-31,red hot peppers,capsicum,0.15000000000000002,16.0
2021-11-02,red hot peppers,capsicum,0.20000000000000004,18.0
2021-11-03,red hot peppers,capsicum,0.17500000000000002,18.0
2021-11-04,red hot peppers,capsicum,0.25,18.0
2021-11-05,red hot peppers,capsicum,0.16,18.0
2021-12-10,red hot peppers,capsicum,0.1,19.8
2021-12-11,red hot peppers,capsicum,0.18571428571428572,19.8
2021-12-12,red hot peppers,capsicum,0.2,19.8
2021-12-13,red hot peppers,capsicum,0.16666666666666666,19.8
2021-12-14,red hot peppers,capsicum,0.25,19.8
2021-12-15,red hot peppers,capsicum,0.1,19.8
2021-12-16,red hot peppers,capsicum,0.1,19.8
2021-12-17,red hot peppers,capsicum,0.1,19.8
2021-12-18,red hot peppers,capsicum,0.175,19.8
2022-01-01,red hot peppers,capsicum,0.2,19.8
2022-01-02,red hot peppers,capsicum,0.14285714285714285,19.8
2022-01-03,red hot peppers,capsicum,0.2111111111111111,19.8
2022-01-04,red hot peppers,capsicum,0.21428571428571427,19.8
2022-01-05,red hot peppers,capsicum,0.17500000000000002,21.6
2022-01-06,red hot peppers,capsicum,0.2833333333333334,21.600000000000005
2022-01-07,red hot peppers,capsicum,0.26,21.6
2022-01-08,red hot peppers,capsicum,0.16666666666666666,21.600000000000005
2022-01-13,red hot peppers,capsicum,0.275,19.8
2022-01-14,red hot peppers,capsicum,0.2,19.8
2022-01-15,red hot peppers,capsicum,0.2222222222222222,19.8
2022-01-16,red hot peppers,capsicum,0.16666666666666666,19.8
2022-01-17,red hot peppers,capsicum,0.36,19.8
2022-01-18,red hot peppers,capsicum,0.19999999999999998,19.8
2022-01-19,red hot peppers,capsicum,0.3,19.8
2022-01-20,red hot peppers,capsicum,0.225,19.8
2022-01-21,red hot peppers,capsicum,0.275,19.8
2022-01-22,red hot peppers,capsicum,0.30666666666666664,19.8
2022-01-23,red hot peppers,capsicum,0.32,19.8
2022-01-24,red hot peppers,capsicum,0.25625,19.8
2022-01-25,red hot peppers,capsicum,0.2545454545454545,19.8
2022-01-26,red hot peppers,capsicum,0.3125,19.8
2022-01-27,red hot peppers,capsicum,0.38,19.8
2022-01-28,red hot peppers,capsicum,0.3173913043478261,19.8
2022-01-29,red hot peppers,capsicum,0.3235294117647059,19.8
2022-01-30,red hot peppers,capsicum,0.32916666666666666,19.8
2022-02-01,red hot peppers,capsicum,0.32,19.8
2022-02-02,red hot peppers,capsicum,0.2545454545454545,19.8
2022-02-03,red hot peppers,capsicum,0.25,19.8
2022-02-04,red hot peppers,capsicum,0.2875,19.8
2022-02-05,red hot peppers,capsicum,0.24285714285714288,19.8
2022-02-07,red hot peppers,capsicum,0.2076923076923077,19.800000000000004
2022-02-08,red hot peppers,capsicum,0.19999999999999998,19.8
2022-02-09,red hot peppers,capsicum,0.26666666666666666,19.8
2022-02-10,red hot peppers,capsicum,0.2,19.8
2022-02-11,red hot peppers,capsicum,0.2888888888888889,19.8
2022-02-12,red hot peppers,capsicum,0.3111111111111111,19.8
2022-02-13,red hot peppers,capsicum,0.2277777777777778,19.8
2022-02-14,red hot peppers,capsicum,0.16153846153846155,19.800000000000004
2022-02-15,red hot peppers,capsicum,0.23333333333333334,16.0
2022-02-16,red hot peppers,capsicum,0.18,16.0
2022-02-17,red hot peppers,capsicum,0.39999999999999997,16.0
2022-02-18,red hot peppers,capsicum,0.2,16.0
2022-02-19,red hot peppers,capsicum,0.25,18.0
2022-02-20,red hot peppers,capsicum,0.3,18.0
2022-02-22,red hot peppers,capsicum,0.3,18.0
2022-02-23,red hot peppers,capsicum,0.26666666666666666,18.0
2022-02-24,red hot peppers,capsicum,0.22499999999999998,19.8
2022-02-25,red hot peppers,capsicum,0.16,19.8
2022-02-26,red hot peppers,capsicum,0.25,19.8
2022-02-27,red hot peppers,capsicum,0.24285714285714285,19.8
2022-02-28,red hot peppers,capsicum,0.22499999999999998,19.8
2022-03-01,red hot peppers,capsicum,0.2333333333333333,19.8
2022-03-02,red hot peppers,capsicum,0.15000000000000002,19.8
2022-03-03,red hot peppers,capsicum,0.26666666666666666,19.8
2022-03-04,red hot peppers,capsicum,0.3,19.8
2022-03-05,red hot peppers,capsicum,0.13333333333333333,19.8
2022-03-06,red hot peppers,capsicum,0.4,19.8
2022-03-07,red hot peppers,capsicum,0.275,19.8
2022-03-08,red hot peppers,capsicum,0.3,19.8
2022-03-09,red hot peppers,capsicum,0.25,21.6
2022-03-10,red hot peppers,capsicum,0.25,21.6
2022-03-11,red hot peppers,capsicum,0.1,21.6
2022-03-12,red hot peppers,capsicum,0.2333333333333333,21.600000000000005
2022-03-13,red hot peppers,capsicum,0.2,21.6
2022-03-15,red hot peppers,capsicum,0.1,21.6
2022-03-16,red hot peppers,capsicum,0.2,21.6
2022-03-17,red hot peppers,capsicum,0.19999999999999998,21.600000000000005
2022-03-18,red hot peppers,capsicum,0.13333333333333333,21.600000000000005
2022-03-19,red hot peppers,capsicum,0.13333333333333333,21.600000000000005
2022-03-20,red hot peppers,capsicum,0.26666666666666666,21.6
2022-03-22,red hot peppers,capsicum,0.225,21.6
2022-03-23,red hot peppers,capsicum,0.26666666666666666,23.600000000000005
2022-03-24,red hot peppers,capsicum,0.225,25.8
2022-03-25,red hot peppers,capsicum,0.13333333333333333,25.8
2022-03-26,red hot peppers,capsicum,0.16666666666666666,27.600000000000005
2022-03-27,red hot peppers,capsicum,0.18333333333333335,27.600000000000005
2022-03-28,red hot peppers,capsicum,0.5,27.6
2022-03-31,red hot peppers,capsicum,0.4,25.8
2022-04-01,red hot peppers,capsicum,1.4,25.8
2022-04-03,red hot peppers,capsicum,0.2,31.6
2022-04-05,red hot peppers,capsicum,0.4,25.8
2022-04-06,red hot peppers,capsicum,0.10000000000000002,25.8
2022-04-07,red hot peppers,capsicum,0.24,25.8
2022-04-08,red hot peppers,capsicum,0.23333333333333336,27.600000000000005
2022-04-09,red hot peppers,capsicum,0.14444444444444446,27.6
2022-04-10,red hot peppers,capsicum,0.3,27.6
2022-04-11,red hot peppers,capsicum,0.25,25.8
2022-04-12,red hot peppers,capsicum,0.24999999999999997,25.8
2022-04-13,red hot peppers,capsicum,0.225,25.8
2022-04-14,red hot peppers,capsicum,0.16,25.8
2022-04-15,red hot peppers,capsicum,0.16,25.8
2022-04-16,red hot peppers,capsicum,0.2,29.6
2022-04-17,red hot peppers,capsicum,0.16666666666666666,25.8
2022-04-18,red hot peppers,capsicum,0.2,25.8
2022-04-19,red hot peppers,capsicum,0.2,25.8
2022-04-20,red hot peppers,capsicum,0.10000000000000002,29.600000000000005
2022-04-21,red hot peppers,capsicum,0.2,29.6
2022-04-22,red hot peppers,capsicum,0.10000000000000002,29.600000000000005
2022-04-23,red hot peppers,capsicum,0.3,29.6
2022-04-24,red hot peppers,capsicum,0.18333333333333335,25.8
2022-04-25,red hot peppers,capsicum,0.15,19.8
2022-04-27,red hot peppers,capsicum,0.2,19.8
2022-04-28,red hot peppers,capsicum,0.2333333333333333,19.8
2022-04-29,red hot peppers,capsicum,0.2,16.0
2022-04-30,red hot peppers,capsicum,0.3,16.0
2022-05-02,red hot peppers,capsicum,0.20909090909090908,16.0
2022-05-03,red hot peppers,capsicum,0.16666666666666666,16.0
2022-05-04,red hot peppers,capsicum,0.19999999999999998,16.0
2022-05-05,red hot peppers,capsicum,0.22000000000000003,16.0
2022-05-06,red hot peppers,capsicum,0.15000000000000002,16.0
2022-05-07,red hot peppers,capsicum,0.13333333333333333,16.0
2022-05-08,red hot peppers,capsicum,0.25,16.0
2022-05-09,red hot peppers,capsicum,0.21666666666666667,12.0
2022-05-10,red hot peppers,capsicum,0.22000000000000003,12.0
2022-05-11,red hot peppers,capsicum,0.24000000000000005,12.0
2022-05-12,red hot peppers,capsicum,0.17,14.0
2022-05-13,red hot peppers,capsicum,0.2333333333333333,16.0
2022-05-14,red hot peppers,capsicum,0.125,16.0
2022-05-15,red hot peppers,capsicum,0.1285714285714286,16.0
2022-05-16,red hot peppers,capsicum,0.19999999999999998,12.0
2022-05-17,red hot peppers,capsicum,0.18333333333333335,12.0
2022-05-18,red hot peppers,capsicum,0.25,12.0
2022-05-19,red hot peppers,capsicum,0.26666666666666666,12.0
2022-05-20,red hot peppers,capsicum,0.3333333333333333,12.0
2022-05-21,red hot peppers,capsicum,0.13333333333333333,12.0
2022-05-22,red hot peppers,capsicum,0.26666666666666666,12.0
2022-05-23,red hot peppers,capsicum,0.2,12.0
2022-05-24,red hot peppers,capsicum,0.3,12.0
2022-05-25,red hot peppers,capsicum,0.2,12.0
2022-05-26,red hot peppers,capsicum,0.13333333333333333,12.0
2022-05-27,red hot peppers,capsicum,0.23333333333333336,10.0
2022-05-28,red hot peppers,capsicum,0.16666666666666666,10.0
2022-05-29,red hot peppers,capsicum,0.20000000000000004,10.0
2022-05-30,red hot peppers,capsicum,0.25,8.0
2022-05-31,red hot peppers,capsicum,0.25,8.0
2022-06-01,red hot peppers,capsicum,0.25,8.0
2022-06-02,red hot peppers,capsicum,0.2875,8.0
2022-06-03,red hot peppers,capsicum,0.2857142857142857,8.0
2022-06-04,red hot peppers,capsicum,0.38,8.0
2022-06-05,red hot peppers,capsicum,0.24285714285714288,8.0
2022-06-06,red hot peppers,capsicum,0.375,8.0
2022-06-07,red hot peppers,capsicum,0.15,8.0
2022-06-08,red hot peppers,capsicum,0.26666666666666666,8.0
2022-06-09,red hot peppers,capsicum,0.25,8.0
2022-06-10,red hot peppers,capsicum,0.1,8.0
2022-06-11,red hot peppers,capsicum,0.3125,8.0
2022-06-12,red hot peppers,capsicum,0.31428571428571433,8.0
2022-06-13,red hot peppers,capsicum,0.25999999999999995,8.0
2022-06-14,red hot peppers,capsicum,0.2,8.0
2022-06-15,red hot peppers,capsicum,0.35,8.0
2022-06-16,red hot peppers,capsicum,0.26,10.0
2022-06-18,red hot peppers,capsicum,0.25,10.0
2022-06-19,red hot peppers,capsicum,0.20000000000000004,10.0
2022-06-20,red hot peppers,capsicum,0.18,10.0
2022-06-21,red hot peppers,capsicum,0.1,10.0
2022-06-22,red hot peppers,capsicum,0.25,10.0
2022-06-23,red hot peppers,capsicum,0.19999999999999998,10.0
2022-06-24,red hot peppers,capsicum,0.2,10.0
2022-06-25,red hot peppers,capsicum,0.20000000000000004,10.0
2022-06-26,red hot peppers,capsicum,0.21111111111111114,10.0
2022-06-27,red hot peppers,capsicum,0.26666666666666666,10.0
2022-06-28,red hot peppers,capsicum,0.1,10.0
2022-06-29,red hot peppers,capsicum,0.275,10.0
2022-06-30,red hot peppers,capsicum,0.3,10.0
2022-07-01,red hot peppers,capsicum,0.15000000000000002,10.0
2022-07-02,red hot peppers,capsicum,0.4,14.0
2022-07-03,red hot peppers,capsicum,0.33999999999999997,12.0
2022-07-04,red hot peppers,capsicum,0.3222222222222222,12.0
2022-07-05,red hot peppers,capsicum,0.26666666666666666,12.0
2022-07-06,red hot peppers,capsicum,0.3,12.0
2022-07-07,red hot peppers,capsicum,0.25,10.0
2022-07-08,red hot peppers,capsicum,0.3666666666666667,10.0
2022-07-09,red hot peppers,capsicum,0.23750000000000002,12.0
2022-07-10,red hot peppers,capsicum,0.31333333333333335,12.0
2022-07-11,red hot peppers,capsicum,0.22000000000000003,12.0
2022-07-12,red hot peppers,capsicum,0.2,12.0
2022-07-13,red hot peppers,capsicum,0.25,12.0
2022-07-14,red hot peppers,capsicum,0.3,12.0
2022-07-15,red hot peppers,capsicum,0.3,12.0
2022-07-16,red hot peppers,capsicum,0.23333333333333336,12.0
2022-07-17,red hot peppers,capsicum,0.1,12.0
2022-07-18,red hot peppers,capsicum,0.2,12.0
2022-07-19,red hot peppers,capsicum,0.2,12.0
