sales_analysis/datasets/daily_mean.csv
date,item_name,category_name,quantity_sold_kg,unit_selling_price_rmb/kg
2021-02-23,sichuan red cedar,flower,0.2,79.8
2021-02-24,sichuan red cedar,flower,0.2,79.8
2021-02-26,sichuan red cedar,flower,0.2,79.8
2021-02-27,sichuan red cedar,flower,0.16875,53.8
2021-03-01,sichuan red cedar,flower,0.26666666666666666,49.8
2021-03-02,sichuan red cedar,flower,0.25,53.8
2021-03-03,sichuan red cedar,flower,0.2846153846153846,53.8
2021-03-04,sichuan red cedar,flower,0.25833333333333336,49.79999999999999
2021-03-05,sichuan red cedar,flower,0.64,49.8
2021-03-06,sichuan red cedar,flower,0.2833333333333333,53.79999999999999
2021-03-07,sichuan red cedar,flower,0.14444444444444446,55.8
2021-03-08,sichuan red cedar,flower,0.3,55.79999999999999
2021-03-09,sichuan red cedar,flower,0.24,55.8
2021-03-10,sichuan red cedar,flower,0.3,59.8
2021-03-11,sichuan red cedar,flower,0.1888888888888889,59.79999999999999
2021-03-12,sichuan red cedar,flower,0.19,59.8
2021-03-13,sichuan red cedar,flower,0.21250000000000002,59.8
2021-03-14,sichuan red cedar,flower,0.26666666666666666,59.79999999999999
2021-03-15,sichuan red cedar,flower,0.14444444444444446,55.8
2021-03-16,sichuan red cedar,flower,0.225,55.8
2021-03-17,sichuan red cedar,flower,0.2,55.8
2021-03-18,sichuan red cedar,flower,0.2625,49.8
2021-03-19,sichuan red cedar,flower,0.3,39.8
2021-03-20,sichuan red cedar,flower,0.225,39.8
2021-03-21,sichuan red cedar,flower,0.23333333333333334,49.8
2021-03-22,sichuan red cedar,flower,0.2,49.8
2021-03-23,sichuan red cedar,flower,0.3,49.8
2021-03-24,sichuan red cedar,flower,0.22000000000000003,49.8
2021-03-26,sichuan red cedar,flower,0.23571428571428574,59.8
2021-03-27,sichuan red cedar,flower,0.24166666666666667,59.79999999999999
2021-03-28,sichuan red cedar,flower,0.22307692307692306,53.8
2021-03-29,sichuan red cedar,flower,0.26666666666666666,39.8
2021-03-30,sichuan red cedar,flower,0.275,33.8
2021-03-31,sichuan red cedar,flower,0.26,33.8
2021-04-01,sichuan red cedar,flower,0.2375,25.8
2021-04-02,sichuan red cedar,flower,0.29,25.8
2021-04-03,sichuan red cedar,flower,0.29444444444444445,25.8
2021-04-04,sichuan red cedar,flower,0.19230769230769232,25.800000000000004
2021-04-05,sichuan red cedar,flower,0.255,25.8
2021-04-06,sichuan red cedar,flower,0.18,25.8
2021-04-07,sichuan red cedar,flower,0.2041666666666667,21.8
2021-04-08,sichuan red cedar,flower,0.22000000000000003,25.8
2021-04-09,sichuan red cedar,flower,0.22272727272727275,19.8
2021-04-10,sichuan red cedar,flower,0.22000000000000003,19.8
2021-04-11,sichuan red cedar,flower,0.19666666666666668,19.8
2021-04-12,sichuan red cedar,flower,0.21666666666666667,19.8
2021-04-13,sichuan red cedar,flower,0.17857142857142858,19.8
2021-04-14,sichuan red cedar,flower,0.19166666666666668,19.8
2021-04-15,sichuan red cedar,flower,0.21666666666666667,23.8
2021-04-16,sichuan red cedar,flower,0.2857142857142857,23.8
2021-04-17,sichuan red cedar,flower,0.23333333333333336,23.8
2021-04-18,sichuan red cedar,flower,0.27,23.8
2021-04-19,sichuan red cedar,flower,0.2333333333333333,23.8
2021-04-20,sichuan red cedar,flower,0.21666666666666667,23.8
2021-04-21,sichuan red cedar,flower,0.25,23.8
2021-04-24,sichuan red cedar,flower,0.17272727272727273,23.8
2021-04-25,sichuan red cedar,flower,0.19999999999999998,23.8
2021-04-26,sichuan red cedar,flower,0.16666666666666666,23.8
2021-04-27,sichuan red cedar,flower,0.2,23.8
2021-04-28,sichuan red cedar,flower,0.11666666666666668,21.8
2021-04-29,sichuan red cedar,flower,0.17142857142857143,29.8
2021-04-30,sichuan red cedar,flower,0.18571428571428572,29.8
2021-05-02,sichuan red cedar,flower,0.25,29.8
2021-05-03,sichuan red cedar,flower,0.1625,29.8
2021-05-04,sichuan red cedar,flower,0.14285714285714285,29.8
2021-05-05,sichuan red cedar,flower,0.17500000000000002,29.8
2021-05-06,sichuan red cedar,flower,0.16,29.8
2021-05-12,sichuan red cedar,flower,0.1,29.8
2022-03-15,sichuan red cedar,flower,0.25,45.6
2022-03-16,sichuan red cedar,flower,0.16666666666666666,39.6
2022-03-19,sichuan red cedar,flower,0.20425531914893616,25.800000000000004
2022-03-20,sichuan red cedar,flower,0.2,29.6
2022-03-21,sichuan red cedar,flower,0.22413793103448276,20.524137931034485
2022-03-22,sichuan red cedar,flower,0.20666666666666667,20.6
2022-03-23,sichuan red cedar,flower,0.27999999999999997,23.4
2022-03-24,sichuan red cedar,flower,0.2625,20.3625
2022-03-25,sichuan red cedar,flower,0.255,21.6
2022-03-26,sichuan red cedar,flower,0.2135593220338983,20.410169491525423
2022-03-27,sichuan red cedar,flower,0.26,21.0
2022-03-28,sichuan red cedar,flower,0.24285714285714285,29.6
2022-03-29,sichuan red cedar,flower,0.18571428571428572,25.8
2022-03-31,sichuan red cedar,flower,0.25,25.8
2022-04-01,sichuan red cedar,flower,0.225,25.8
2022-04-02,sichuan red cedar,flower,0.25,25.8
2022-04-03,sichuan red cedar,flower,0.20000000000000004,51.6
2022-04-04,sichuan red cedar,flower,0.13333333333333336,51.6
2022-04-05,sichuan red cedar,flower,0.21428571428571427,45.6
2022-04-06,sichuan red cedar,flower,0.25,45.6
2022-04-07,sichuan red cedar,flower,0.2,45.6
2022-04-08,sichuan red cedar,flower,0.16666666666666666,45.6
2022-04-09,sichuan red cedar,flower,0.15714285714285717,45.6
2022-04-10,sichuan red cedar,flower,0.19999999999999998,31.600000000000005
2022-04-11,sichuan red cedar,flower,0.21999999999999997,31.6
2022-04-12,sichuan red cedar,flower,0.20000000000000004,31.600000000000005
2022-04-13,sichuan red cedar,flower,0.1875,19.8
2022-04-14,sichuan red cedar,flower,1.3111111111111111,18.155555555555555
2022-04-15,sichuan red cedar,flower,0.19999999999999998,19.8
2022-04-16,sichuan red cedar,flower,0.24,19.8
2022-04-17,sichuan red cedar,flower,0.36,19.8
2022-04-19,sichuan red cedar,flower,0.25,25.8
2022-04-20,sichuan red cedar,flower,0.16666666666666666,21.6
2022-04-22,sichuan red cedar,flower,0.13333333333333333,21.600000000000005
2022-04-23,sichuan red cedar,flower,0.2076923076923077,21.6
2021-02-25,perilla,flower,0.15000000000000002,21.8
2021-03-01,perilla,flower,0.2333333333333333,18.0
2021-03-06,perilla,flower,0.2,18.0
2021-03-07,perilla,flower,0.16666666666666666,18.0
2021-03-08,perilla,flower,0.20000000000000004,18.0
2021-03-09,perilla,flower,0.17500000000000002,18.0
2021-03-10,perilla,flower,0.1875,18.0
2021-03-11,perilla,flower,0.2,18.0
2021-03-13,perilla,flower,0.17500000000000002,19.8
2021-03-16,perilla,flower,0.15000000000000002,19.8
2021-03-21,perilla,flower,0.19999999999999998,19.8
2021-03-23,perilla,flower,0.2,19.8
2021-04-01,perilla,flower,0.125,19.8
2021-04-02,perilla,flower,0.2,19.8
2021-04-03,perilla,flower,0.125,19.8
2021-04-05,perilla,flower,0.2,19.8
2021-04-07,perilla,flower,0.25,19.8
2021-04-08,perilla,flower,0.2,19.8
2021-04-09,perilla,flower,0.1,19.8
2021-04-10,perilla,flower,0.15000000000000002,19.8
2021-04-14,perilla,flower,0.10000000000000002,16.0
2021-04-15,perilla,flower,0.1,16.0
2021-06-02,perilla,flower,0.15000000000000002,16.0
2021-06-08,perilla,flower,0.20000000000000004,16.0
2021-06-09,perilla,flower,0.1,16.0
2021-06-10,perilla,flower,0.175,16.0
2021-06-11,perilla,flower,0.1,16.0
2021-07-21,perilla,flower,0.2,16.0
2021-07-22,perilla,flower,0.2,16.0
2022-02-06,perilla,flower,0.17500000000000002,19.8
2022-03-02,perilla,flower,0.13333333333333333,16.0
2022-03-06,perilla,flower,0.2,16.0
2022-03-16,perilla,flower,0.1,12.0
2022-03-17,perilla,flower,0.10000000000000002,12.0
2022-03-22,perilla,flower,0.2,12.0
2022-04-15,perilla,flower,0.1,14.0
2022-04-23,perilla,flower,0.10000000000000002,14.0
2022-04-29,perilla,flower,0.1,14.0
2022-05-23,perilla,flower,0.18,16.0
2022-05-24,perilla,flower,0.1,16.0
2022-06-22,perilla,flower,0.1,16.0
2022-06-29,perilla,flower,0.1,16.0
2022-07-01,perilla,flower,0.2,16.0
2022-07-18,perilla,flower,0.2,18.0
2022-11-01,perilla,flower,0.2,16.3
2022-11-05,perilla,flower,0.15000000000000002,29.6
2022-11-17,perilla,flower,0.1,7.9
2022-12-07,perilla,flower,0.21666666666666667,14.0
2022-12-08,perilla,flower,0.1,14.0
2022-12-09,perilla,flower,0.13333333333333333,14.0
2022-12-12,perilla,flower,0.3,14.0
2022-12-13,perilla,flower,0.1,14.0
2022-12-29,perilla,flower,0.10000000000000002,12.133333333333333
2022-12-30,perilla,flower,0.1,14.0
2021-02-25,youcaitai,flower,0.2866666666666667,10.0
2021-03-02,youcaitai,flower,0.5,10.0
2021-03-19,youcaitai,flower,0.5,12.0
2021-03-21,youcaitai,flower,0.35,12.0
2021-03-22,youcaitai,flower,0.25882352941176473,9.176470588235293
2021-03-23,youcaitai,flower,1.5,12.0
2021-03-25,youcaitai,flower,0.34285714285714286,10.285714285714286
2021-03-27,youcaitai,flower,0.20000000000000004,12.0
2021-03-29,youcaitai,flower,0.5599999999999999,12.0
2021-03-30,youcaitai,flower,0.5,12.0
2021-03-31,youcaitai,flower,0.5,12.0
2021-04-02,youcaitai,flower,0.4,9.2
2021-04-04,youcaitai,flower,0.5285714285714286,10.0
2021-04-05,youcaitai,flower,0.43,7.9
2021-04-06,youcaitai,flower,0.4000000000000001,9.0
2021-04-07,youcaitai,flower,0.5111111111111111,8.666666666666666
2021-04-08,youcaitai,flower,0.65,3.0
2021-04-09,youcaitai,flower,0.6,9.0
2021-03-03,niushou shengcai,flower,0.4461538461538461,5.0
2021-03-04,niushou shengcai,flower,0.4829787234042553,3.3999999999999995
2021-03-05,niushou shengcai,flower,0.40384615384615385,3.3999999999999995
2021-03-06,niushou shengcai,flower,0.3857142857142857,3.4
2021-03-07,niushou shengcai,flower,0.39818181818181814,3.4
2021-03-09,niushou shengcai,flower,0.37777777777777777,3.4
2021-03-14,niushou shengcai,flower,0.43333333333333335,3.4
2021-05-05,niushou shengcai,flower,0.6333333333333333,1.6
2021-05-06,niushou shengcai,flower,0.525,1.3999999999999997
2021-05-07,niushou shengcai,flower,0.5538461538461538,1.4
2021-05-08,niushou shengcai,flower,0.39444444444444443,2.0
2021-05-09,niushou shengcai,flower,0.5363636363636364,2.0
2021-05-10,niushou shengcai,flower,0.5484848484848486,2.0
2021-05-11,niushou shengcai,flower,0.593103448275862,2.0
2021-05-12,niushou shengcai,flower,0.5857142857142857,2.0
2021-05-13,niushou shengcai,flower,0.5461538461538461,2.0
2021-05-14,niushou shengcai,flower,0.6909090909090909,2.0
2021-05-15,niushou shengcai,flower,0.47500000000000003,2.0
2021-05-16,niushou shengcai,flower,0.5166666666666667,2.6
2021-05-17,niushou shengcai,flower,0.44333333333333336,2.6
2021-05-18,niushou shengcai,flower,0.45789473684210524,2.6
2021-05-19,niushou shengcai,flower,0.6599999999999999,2.0
2021-05-20,niushou shengcai,flower,0.5956521739130435,2.0
2021-05-21,niushou shengcai,flower,0.5499999999999999,2.0
2021-05-22,niushou shengcai,flower,0.4625,2.6
2021-05-23,niushou shengcai,flower,0.4818181818181818,2.6
2021-05-24,niushou shengcai,flower,0.4818181818181818,2.6
2021-05-26,niushou shengcai,flower,0.35,2.6
2021-05-27,niushou shengcai,flower,0.43529411764705883,2.6
2021-05-28,niushou shengcai,flower,0.7,2.6
2021-05-29,niushou shengcai,flower,0.4857142857142857,2.6
2021-05-30,niushou shengcai,flower,0.5,2.6
2021-05-31,niushou shengcai,flower,0.4642857142857143,2.6
2021-06-01,niushou shengcai,flower,0.43333333333333335,2.6
2021-06-02,niushou shengcai,flower,0.4846153846153846,2.6000000000000005
2021-06-03,niushou shengcai,flower,0.5055555555555555,2.0
2021-06-04,niushou shengcai,flower,0.5863636363636364,2.0
2021-06-07,niushou shengcai,flower,0.5444444444444445,2.0
2021-06-08,niushou shengcai,flower,0.5761904761904761,2.0
2021-06-13,niushou shengcai,flower,0.4807692307692308,2.0
2021-12-01,niushou shengcai,flower,0.41304347826086957,5.0
2021-12-02,niushou shengcai,flower,0.35000000000000003,5.0
2021-12-03,niushou shengcai,flower,0.3647058823529412,6.0
2021-12-04,niushou shengcai,flower,0.37777777777777777,6.0
2021-12-05,niushou shengcai,flower,0.32571428571428573,6.0
2021-12-06,niushou shengcai,flower,0.33999999999999997,6.0
2021-12-07,niushou shengcai,flower,0.3739130434782609,6.0
2021-12-08,niushou shengcai,flower,0.395,6.0
2021-12-09,niushou shengcai,flower,0.3058823529411765,6.0
2021-12-10,niushou shengcai,flower,0.40370370370370373,6.0
2021-12-11,niushou shengcai,flower,0.375,6.0
2021-12-12,niushou shengcai,flower,0.3979591836734694,6.0
2021-12-13,niushou shengcai,flower,0.38799999999999996,6.0
2021-12-14,niushou shengcai,flower,0.4789473684210526,6.0
2021-12-15,niushou shengcai,flower,0.33999999999999997,6.0
2021-12-16,niushou shengcai,flower,0.409375,6.0
2021-12-17,niushou shengcai,flower,0.4043478260869566,6.0
2021-12-18,niushou shengcai,flower,0.39714285714285713,6.0
2021-12-19,niushou shengcai,flower,0.42608695652173917,6.0
2021-12-20,niushou shengcai,flower,0.45,6.0
2021-12-21,niushou shengcai,flower,0.4,6.0
2021-12-22,niushou shengcai,flower,0.5,6.0
2021-12-23,niushou shengcai,flower,0.376,6.0
2021-12-24,niushou shengcai,flower,0.45714285714285713,6.0
2021-12-25,niushou shengcai,flower,0.43809523809523804,6.0
2021-12-26,niushou shengcai,flower,0.5222222222222223,6.0
2021-12-27,niushou shengcai,flower,0.3918918918918919,6.0
2021-12-28,niushou shengcai,flower,0.38095238095238093,6.0
2021-12-29,niushou shengcai,flower,0.3515151515151515,5.0
2021-12-30,niushou shengcai,flower,0.41904761904761906,5.0
2021-12-31,niushou shengcai,flower,0.44166666666666665,5.0
2022-01-01,niushou shengcai,flower,0.3384615384615385,5.0
2022-01-02,niushou shengcai,flower,0.3125,5.0
2022-01-03,niushou shengcai,flower,0.375,4.0
2022-01-04,niushou shengcai,flower,0.34285714285714286,5.0
2022-01-05,niushou shengcai,flower,0.3,5.0
2022-01-06,niushou shengcai,flower,0.32857142857142857,5.0
2022-01-07,niushou shengcai,flower,0.3,5.0
2022-01-08,niushou shengcai,flower,0.30000000000000004,5.0
2022-01-09,niushou shengcai,flower,0.3130434782608696,5.0
2022-01-10,niushou shengcai,flower,0.38125000000000003,5.0
2022-01-11,niushou shengcai,flower,0.3875,5.0
2022-01-12,niushou shengcai,flower,0.39166666666666666,5.0
2022-01-13,niushou shengcai,flower,0.4,5.0
2022-01-14,niushou shengcai,flower,0.35,5.0
2022-01-15,niushou shengcai,flower,0.3333333333333333,5.0
2021-03-09,machixian,flower,0.25,14.0
2021-03-10,machixian,flower,0.2,14.0
2021-03-11,machixian,flower,0.2,14.0
2021-03-13,machixian,flower,0.3,14.0
2021-03-17,machixian,flower,0.3,21.8
2021-03-18,machixian,flower,0.2333333333333333,21.8
2021-03-20,machixian,flower,0.3,21.8
2021-03-22,machixian,flower,0.25,21.8
2021-03-23,machixian,flower,0.25,21.8
2021-04-01,machixian,flower,0.2857142857142857,16.0
2021-04-02,machixian,flower,0.3,14.0
2021-04-03,machixian,flower,0.42000000000000004,14.0
2021-04-04,machixian,flower,0.25,14.0
2021-04-05,machixian,flower,0.3,14.0
2021-04-07,machixian,flower,0.25,14.0
2021-04-08,machixian,flower,0.35,14.0
2021-04-09,machixian,flower,0.26,14.0
2021-04-10,machixian,flower,0.2,14.0
2021-04-15,machixian,flower,0.35,12.0
2021-04-17,machixian,flower,0.3,10.0
2021-04-18,machixian,flower,0.25,10.0
2021-04-19,machixian,flower,0.325,8.0
2021-04-20,machixian,flower,0.2,8.0
2021-04-23,machixian,flower,0.45,8.0
2021-04-24,machixian,flower,0.4555555555555555,8.0
2021-04-25,machixian,flower,0.3666666666666667,8.0
2021-04-26,machixian,flower,0.5333333333333333,8.0
2021-04-28,machixian,flower,0.3,8.0
2021-04-29,machixian,flower,0.4666666666666666,8.0
2021-04-30,machixian,flower,0.4,8.0
2021-05-01,machixian,flower,0.4,8.0
2021-05-02,machixian,flower,0.3,8.0
2021-05-14,machixian,flower,0.3181818181818182,8.0
2021-05-21,machixian,flower,0.55,6.0
2021-06-03,machixian,flower,0.25,6.0
2021-06-08,machixian,flower,0.4,5.0
2021-06-09,machixian,flower,0.45,5.0
2021-06-11,machixian,flower,0.45,5.0
2021-06-12,machixian,flower,0.4,5.0
2021-06-17,machixian,flower,0.35,5.0
2022-03-24,machixian,flower,0.225,19.8
2022-03-27,machixian,flower,0.25,19.8
2022-03-29,machixian,flower,0.3,19.8
2022-03-30,machixian,flower,0.2,19.8
2022-03-31,machixian,flower,0.35,18.0
2022-04-02,machixian,flower,0.3,18.0
2022-04-03,machixian,flower,0.35,16.0
2022-04-04,machixian,flower,0.2,16.0
2022-04-07,machixian,flower,0.25,12.0
2022-04-09,machixian,flower,0.2,10.0
2022-04-11,machixian,flower,0.2,10.0
2022-04-12,machixian,flower,0.2,10.0
2022-04-13,machixian,flower,0.2375,6.0
2022-04-14,machixian,flower,0.2,6.0
2022-04-15,machixian,flower,0.5,4.0
2022-04-17,machixian,flower,0.5,4.0
2022-04-19,machixian,flower,0.38,4.0
2022-04-22,machixian,flower,0.32,4.0
2022-04-26,machixian,flower,0.35,4.0
2022-04-27,machixian,flower,0.475,4.0
2022-04-28,machixian,flower,0.4666666666666666,4.0
2022-05-01,machixian,flower,0.3,4.0
2022-05-22,machixian,flower,0.4000000000000001,4.0
2022-05-25,machixian,flower,0.26666666666666666,8.0
2021-03-11,miantiaocai,flower,0.3,10.0
2021-03-12,miantiaocai,flower,0.3,10.0
2021-03-13,miantiaocai,flower,0.15000000000000002,10.0
2021-03-14,miantiaocai,flower,0.3,10.0
2021-03-15,miantiaocai,flower,0.2,10.0
2021-03-17,miantiaocai,flower,0.26666666666666666,10.0
2022-02-26,miantiaocai,flower,0.1,14.0
2022-03-16,miantiaocai,flower,0.2,10.0
2022-03-17,miantiaocai,flower,0.1,10.0
2022-03-21,miantiaocai,flower,0.2,12.0
2022-03-23,miantiaocai,flower,0.2,12.0
2022-03-24,miantiaocai,flower,0.2,12.0
2022-03-25,miantiaocai,flower,0.2,12.0
2022-03-26,miantiaocai,flower,0.20000000000000004,12.0
2022-04-03,miantiaocai,flower,0.2,12.0
2021-03-31,mint,flower,0.1,19.8
2021-04-02,mint,flower,0.1,19.8
2021-04-03,mint,flower,0.1,19.8
2021-04-05,mint,flower,0.1,19.8
2021-04-06,mint,flower,0.1,19.8
2021-04-08,mint,flower,0.10000000000000002,19.8
2021-04-09,mint,flower,0.1,19.8
2021-04-14,mint,flower,0.1,19.8
2021-04-16,mint,flower,0.1,19.8
2021-04-18,mint,flower,0.13333333333333333,19.8
2022-12-17,mint,flower,0.17500000000000002,16.0
2022-12-18,mint,flower,0.1,16.0
