sales_analysis/datasets/daily_mean.csv
date,item_name,category_name,quantity_sold_kg,unit_selling_price_rmb/kg
2021-04-01,wild lotus root,aquatic,0.6857142857142857,16.0
2021-04-02,wild lotus root,aquatic,0.5333333333333333,16.0
2021-11-24,wild lotus root,aquatic,0.6285714285714287,16.0
2021-11-25,wild lotus root,aquatic,0.4,16.0
2021-11-26,wild lotus root,aquatic,0.5666666666666667,14.0
2021-11-27,wild lotus root,aquatic,0.7,14.0
2021-11-28,wild lotus root,aquatic,0.3,14.0
2021-12-01,wild lotus root,aquatic,1.1,14.0
2021-12-02,wild lotus root,aquatic,0.4,14.0
2021-12-03,wild lotus root,aquatic,0.5,14.0
2022-09-16,wild lotus root,aquatic,0.5666666666666668,12.0
2022-09-17,wild lotus root,aquatic,0.65,12.0
2022-09-18,wild lotus root,aquatic,0.7,12.0
2022-09-19,wild lotus root,aquatic,0.7,12.0
2022-12-09,wild lotus root,aquatic,0.8,9.2
2022-12-10,wild lotus root,aquatic,0.55,9.2
2022-12-12,wild lotus root,aquatic,0.55,9.2
2022-12-13,wild lotus root,aquatic,0.7,9.2
2022-12-14,wild lotus root,aquatic,0.6,9.2
2022-12-15,wild lotus root,aquatic,0.5,9.2
2022-12-19,wild lotus root,aquatic,0.45999999999999996,9.2
2022-12-20,wild lotus root,aquatic,0.44000000000000006,9.2
2022-12-21,wild lotus root,aquatic,0.5666666666666667,9.2
2022-12-23,wild lotus root,aquatic,0.5333333333333333,9.2
2022-12-26,wild lotus root,aquatic,0.6333333333333333,9.2
2022-12-27,wild lotus root,aquatic,0.36666666666666664,9.2
2022-12-28,wild lotus root,aquatic,0.6,9.2
2022-12-29,wild lotus root,aquatic,0.4555555555555555,9.2
2022-12-30,wild lotus root,aquatic,0.525,9.2
2022-12-31,wild lotus root,aquatic,0.9833333333333334,9.2
2021-04-19,local shanghaiqing,flower,0.47777777777777775,3.0
2021-04-21,local shanghaiqing,flower,0.6133333333333333,2.0
2021-04-22,local shanghaiqing,flower,0.55,2.0
2021-04-24,local shanghaiqing,flower,0.58,2.0
2021-04-25,local shanghaiqing,flower,0.6071428571428571,2.0
2021-04-26,local shanghaiqing,flower,0.5399999999999999,2.0
2021-04-27,local shanghaiqing,flower,0.5133333333333333,2.0
2021-04-28,local shanghaiqing,flower,0.56,2.0
2021-04-29,local shanghaiqing,flower,0.45135135135135135,2.0
2021-04-30,local shanghaiqing,flower,0.5282051282051282,2.0
2021-05-01,local shanghaiqing,flower,0.5806451612903226,2.0
2021-05-02,local shanghaiqing,flower,0.4609756097560975,2.0
2021-05-03,local shanghaiqing,flower,0.51,2.0
2021-05-04,local shanghaiqing,flower,0.44782608695652176,2.0
2021-05-05,local shanghaiqing,flower,0.593103448275862,2.0
2021-05-06,local shanghaiqing,flower,0.6285714285714287,2.0
2021-05-07,local shanghaiqing,flower,0.5705882352941176,2.0
2021-05-08,local shanghaiqing,flower,0.5,2.0
2021-05-09,local shanghaiqing,flower,0.5692307692307692,2.0
2021-05-10,local shanghaiqing,flower,0.5370370370370371,2.0
2021-05-11,local shanghaiqing,flower,0.44800000000000006,1.6
2021-05-12,local shanghaiqing,flower,0.5191489361702127,1.6
2021-05-13,local shanghaiqing,flower,0.42758620689655175,2.6
2021-05-14,local shanghaiqing,flower,0.5411764705882353,2.6
2021-05-15,local shanghaiqing,flower,0.46842105263157896,2.6
2021-05-17,local shanghaiqing,flower,0.38,2.6
2021-05-18,local shanghaiqing,flower,0.42758620689655175,2.6
2021-05-19,local shanghaiqing,flower,0.6,2.6
2021-05-20,local shanghaiqing,flower,0.505,2.3
2021-05-21,local shanghaiqing,flower,0.6285714285714287,2.6
2021-05-22,local shanghaiqing,flower,0.35714285714285715,2.6
2021-05-25,local shanghaiqing,flower,0.5071428571428571,2.6
2021-05-26,local shanghaiqing,flower,0.38,2.6
2021-05-27,local shanghaiqing,flower,0.39999999999999997,2.6
2021-05-28,local shanghaiqing,flower,0.4588235294117647,2.6
2021-05-29,local shanghaiqing,flower,0.5166666666666667,2.6
2021-05-30,local shanghaiqing,flower,0.36153846153846153,2.6000000000000005
2021-05-31,local shanghaiqing,flower,0.4041666666666666,2.6
2021-06-01,local shanghaiqing,flower,0.4764705882352941,2.6
2021-06-02,local shanghaiqing,flower,0.4954545454545455,2.6
2021-06-03,local shanghaiqing,flower,0.4857142857142857,2.6
2021-06-04,local shanghaiqing,flower,0.38333333333333336,2.6
2021-06-05,local shanghaiqing,flower,0.4777777777777778,2.6
2021-06-06,local shanghaiqing,flower,0.505,2.6
2021-06-07,local shanghaiqing,flower,0.4,2.6
2021-06-08,local shanghaiqing,flower,0.4809523809523809,2.0
2021-06-10,local shanghaiqing,flower,0.72,3.0
2021-06-14,local shanghaiqing,flower,0.45625,2.6
2021-06-15,local shanghaiqing,flower,0.4375,2.6
2021-06-16,local shanghaiqing,flower,0.4181818181818182,2.6
2021-07-27,local shanghaiqing,flower,0.9,2.6
2021-10-14,local shanghaiqing,flower,0.2076923076923077,6.0
2021-10-15,local shanghaiqing,flower,0.2611111111111111,6.0
2021-10-18,local shanghaiqing,flower,0.49374999999999997,6.0
2021-10-19,local shanghaiqing,flower,0.4916666666666667,6.0
2021-10-20,local shanghaiqing,flower,0.26666666666666666,6.0
2022-02-18,local shanghaiqing,flower,0.4666666666666666,4.0
2022-02-19,local shanghaiqing,flower,0.45999999999999996,2.0
2022-02-23,local shanghaiqing,flower,0.6,2.0
2022-11-06,local shanghaiqing,flower,0.4714285714285714,2.6
2021-05-23,honghu lotus root,aquatic,5.0,16.0
2021-06-09,honghu lotus root,aquatic,0.16666666666666666,53.79999999999999
2021-06-10,honghu lotus root,aquatic,0.36,53.8
2021-06-11,honghu lotus root,aquatic,0.28,39.8
2021-06-12,honghu lotus root,aquatic,0.28750000000000003,39.8
2021-06-13,honghu lotus root,aquatic,0.35714285714285715,39.8
2021-06-14,honghu lotus root,aquatic,0.23750000000000002,39.8
2021-06-15,honghu lotus root,aquatic,0.23333333333333334,39.8
2021-06-16,honghu lotus root,aquatic,0.2,45.8
2021-06-17,honghu lotus root,aquatic,0.3,45.79999999999999
2021-06-18,honghu lotus root,aquatic,0.25,35.8
2021-06-19,honghu lotus root,aquatic,0.3,35.8
2021-06-20,honghu lotus root,aquatic,0.21818181818181817,39.8
2021-06-21,honghu lotus root,aquatic,0.3666666666666667,39.8
2021-06-22,honghu lotus root,aquatic,0.46666666666666673,39.8
2021-06-23,honghu lotus root,aquatic,0.3,39.8
2021-06-24,honghu lotus root,aquatic,0.25,39.8
2021-06-25,honghu lotus root,aquatic,0.39999999999999997,19.8
2021-06-26,honghu lotus root,aquatic,0.2625,19.8
2021-06-27,honghu lotus root,aquatic,0.32727272727272727,19.8
2021-06-28,honghu lotus root,aquatic,0.39999999999999997,25.8
2021-06-29,honghu lotus root,aquatic,0.25,25.8
2021-06-30,honghu lotus root,aquatic,0.3166666666666667,25.8
2021-07-01,honghu lotus root,aquatic,0.25,25.8
2021-07-02,honghu lotus root,aquatic,0.3,25.8
2021-07-03,honghu lotus root,aquatic,0.3153846153846154,25.800000000000004
2021-07-04,honghu lotus root,aquatic,0.24444444444444446,25.8
2021-07-05,honghu lotus root,aquatic,0.22499999999999998,25.8
2021-07-06,honghu lotus root,aquatic,0.2333333333333333,27.8
2021-07-07,honghu lotus root,aquatic,0.3,27.8
2021-07-08,honghu lotus root,aquatic,0.33999999999999997,27.8
2021-07-10,honghu lotus root,aquatic,0.325,27.8
2021-07-11,honghu lotus root,aquatic,0.3222222222222222,27.8
2021-07-12,honghu lotus root,aquatic,0.3,27.8
2021-07-13,honghu lotus root,aquatic,0.35000000000000003,29.8
2021-07-14,honghu lotus root,aquatic,0.375,29.8
2021-07-15,honghu lotus root,aquatic,0.3,29.8
2021-07-16,honghu lotus root,aquatic,0.3333333333333333,29.8
2021-07-17,honghu lotus root,aquatic,0.35,29.8
2021-07-18,honghu lotus root,aquatic,0.2833333333333333,35.8
2021-07-19,honghu lotus root,aquatic,0.31428571428571433,33.8
2021-07-20,honghu lotus root,aquatic,0.2,33.8
2021-07-21,honghu lotus root,aquatic,0.4428571428571429,29.8
2021-07-22,honghu lotus root,aquatic,0.275,29.8
2021-07-23,honghu lotus root,aquatic,0.25,29.8
2021-07-24,honghu lotus root,aquatic,0.275,29.8
2021-07-26,honghu lotus root,aquatic,0.4,29.6
2021-07-27,honghu lotus root,aquatic,0.42000000000000004,29.6
2021-07-28,honghu lotus root,aquatic,0.41,29.6
2021-07-30,honghu lotus root,aquatic,0.3,29.600000000000005
2021-07-31,honghu lotus root,aquatic,0.35000000000000003,29.600000000000005
2021-08-01,honghu lotus root,aquatic,0.3375,27.6
2021-08-03,honghu lotus root,aquatic,0.275,27.6
2021-08-06,honghu lotus root,aquatic,0.5666666666666667,27.600000000000005
2021-08-07,honghu lotus root,aquatic,0.6333333333333334,27.600000000000005
2021-08-08,honghu lotus root,aquatic,0.5666666666666667,27.600000000000005
2021-08-10,honghu lotus root,aquatic,1.2,27.6
2022-05-01,honghu lotus root,aquatic,0.3,49.6
2022-05-09,honghu lotus root,aquatic,0.3,39.6
2022-05-10,honghu lotus root,aquatic,0.3,39.6
2022-05-11,honghu lotus root,aquatic,0.375,39.6
2022-05-12,honghu lotus root,aquatic,0.3,39.6
2022-05-13,honghu lotus root,aquatic,0.3,39.6
2022-05-14,honghu lotus root,aquatic,0.3,31.6
2022-05-15,honghu lotus root,aquatic,0.4,31.6
2022-05-16,honghu lotus root,aquatic,0.25,31.6
2022-05-17,honghu lotus root,aquatic,0.3,31.6
2022-05-19,honghu lotus root,aquatic,0.3,31.6
2022-05-20,honghu lotus root,aquatic,0.44999999999999996,33.6
2022-05-21,honghu lotus root,aquatic,0.3,33.6
2022-05-22,honghu lotus root,aquatic,0.33999999999999997,33.6
2022-05-23,honghu lotus root,aquatic,0.3,33.6
2022-05-24,honghu lotus root,aquatic,0.3,33.6
2022-05-25,honghu lotus root,aquatic,0.6,33.6
2022-05-26,honghu lotus root,aquatic,0.35,33.6
2022-05-27,honghu lotus root,aquatic,0.3,33.6
2022-05-28,honghu lotus root,aquatic,0.36,29.6
2022-05-29,honghu lotus root,aquatic,0.475,29.6
2022-05-30,honghu lotus root,aquatic,0.25,31.6
2022-05-31,honghu lotus root,aquatic,0.3625,31.6
2022-06-01,honghu lotus root,aquatic,0.3222222222222222,31.600000000000005
2022-06-02,honghu lotus root,aquatic,0.3153846153846154,31.6
2022-06-03,honghu lotus root,aquatic,0.44000000000000006,31.6
2022-06-04,honghu lotus root,aquatic,0.31428571428571433,31.6
2022-06-05,honghu lotus root,aquatic,0.38,31.6
2022-06-06,honghu lotus root,aquatic,0.3,31.6
2022-06-07,honghu lotus root,aquatic,0.4666666666666666,31.600000000000005
2022-06-08,honghu lotus root,aquatic,0.2888888888888889,31.600000000000005
2022-06-09,honghu lotus root,aquatic,0.4,31.6
2022-06-10,honghu lotus root,aquatic,0.3,31.6
2022-06-11,honghu lotus root,aquatic,0.41,33.6
2022-06-12,honghu lotus root,aquatic,0.37142857142857144,33.6
2022-06-13,honghu lotus root,aquatic,0.35,33.6
2022-06-14,honghu lotus root,aquatic,0.3375,33.6
2022-06-15,honghu lotus root,aquatic,0.325,33.6
2022-06-16,honghu lotus root,aquatic,0.4,33.6
2022-06-17,honghu lotus root,aquatic,0.225,33.6
2022-06-18,honghu lotus root,aquatic,0.4636363636363637,33.6
2022-06-19,honghu lotus root,aquatic,0.3181818181818182,33.6
2022-06-20,honghu lotus root,aquatic,0.2923076923076923,31.6
2022-06-21,honghu lotus root,aquatic,0.275,31.6
2022-06-22,honghu lotus root,aquatic,0.39285714285714285,31.6
2022-06-23,honghu lotus root,aquatic,0.2875,31.6
2022-06-24,honghu lotus root,aquatic,0.33636363636363636,31.6
2022-06-25,honghu lotus root,aquatic,0.375,31.600000000000005
2022-06-26,honghu lotus root,aquatic,0.34285714285714286,31.6
2022-06-27,honghu lotus root,aquatic,0.35,31.6
2022-06-28,honghu lotus root,aquatic,0.3230769230769231,31.6
2022-06-29,honghu lotus root,aquatic,0.35625,31.6
2022-06-30,honghu lotus root,aquatic,0.3125,31.6
2022-07-01,honghu lotus root,aquatic,0.33076923076923076,31.6
2022-07-02,honghu lotus root,aquatic,0.35555555555555557,29.6
2022-07-03,honghu lotus root,aquatic,0.3235294117647059,29.6
2022-07-04,honghu lotus root,aquatic,0.35000000000000003,29.600000000000005
2022-07-05,honghu lotus root,aquatic,0.31666666666666665,29.600000000000005
2022-07-06,honghu lotus root,aquatic,0.39999999999999997,29.6
2022-07-07,honghu lotus root,aquatic,0.3666666666666667,29.600000000000005
2022-07-08,honghu lotus root,aquatic,0.33999999999999997,29.6
2022-07-09,honghu lotus root,aquatic,0.3153846153846154,29.6
2022-07-10,honghu lotus root,aquatic,0.32608695652173914,29.6
2022-07-11,honghu lotus root,aquatic,0.3222222222222222,29.600000000000005
2022-07-12,honghu lotus root,aquatic,0.2909090909090909,29.6
2022-07-13,honghu lotus root,aquatic,0.3105263157894737,29.599999999999998
2022-07-15,honghu lotus root,aquatic,0.375,29.600000000000005
2022-07-16,honghu lotus root,aquatic,0.36538461538461536,29.6
2022-07-17,honghu lotus root,aquatic,0.3190476190476191,29.6
2022-07-18,honghu lotus root,aquatic,0.4166666666666667,29.600000000000005
2022-07-19,honghu lotus root,aquatic,0.34285714285714286,29.6
2022-07-20,honghu lotus root,aquatic,0.3181818181818182,29.6
2022-07-21,honghu lotus root,aquatic,0.32857142857142857,29.6
2022-07-22,honghu lotus root,aquatic,0.36428571428571427,29.6
2022-07-23,honghu lotus root,aquatic,0.37916666666666665,29.600000000000005
2022-07-24,honghu lotus root,aquatic,0.3105263157894737,29.599999999999998
2022-07-25,honghu lotus root,aquatic,0.2714285714285714,29.6
2022-07-26,honghu lotus root,aquatic,0.37916666666666665,29.600000000000005
2022-07-28,honghu lotus root,aquatic,0.41111111111111115,29.600000000000005
2022-07-29,honghu lotus root,aquatic,0.47777777777777775,29.600000000000005
2022-07-30,honghu lotus root,aquatic,0.35,29.6
2022-07-31,honghu lotus root,aquatic,0.4125,29.6
2022-08-01,honghu lotus root,aquatic,0.33749999999999997,29.6
2022-08-02,honghu lotus root,aquatic,0.35714285714285715,29.6
2022-08-04,honghu lotus root,aquatic,0.41,29.6
2022-08-05,honghu lotus root,aquatic,0.3384615384615385,29.6
2022-08-06,honghu lotus root,aquatic,0.2894736842105263,29.599999999999998
2022-08-07,honghu lotus root,aquatic,0.3833333333333333,29.600000000000005
2022-08-08,honghu lotus root,aquatic,0.30833333333333335,29.600000000000005
2022-08-09,honghu lotus root,aquatic,0.31428571428571433,29.6
2022-08-10,honghu lotus root,aquatic,0.3375,29.6
2022-08-11,honghu lotus root,aquatic,0.33999999999999997,29.6
2022-08-12,honghu lotus root,aquatic,0.41250000000000003,29.6
2022-08-13,honghu lotus root,aquatic,0.3466666666666666,29.6
2022-08-14,honghu lotus root,aquatic,0.32105263157894737,29.599999999999998
2022-08-15,honghu lotus root,aquatic,0.35000000000000003,29.600000000000005
2022-08-16,honghu lotus root,aquatic,0.325,29.6
2022-08-17,honghu lotus root,aquatic,0.4,29.600000000000005
2022-08-18,honghu lotus root,aquatic,0.3833333333333333,29.600000000000005
2022-08-19,honghu lotus root,aquatic,0.5727272727272728,29.6
2022-08-20,honghu lotus root,aquatic,0.4166666666666667,29.600000000000005
2022-08-21,honghu lotus root,aquatic,0.3,29.6
2022-08-22,honghu lotus root,aquatic,0.35,29.6
2022-08-23,honghu lotus root,aquatic,0.35714285714285715,29.6
2021-06-05,fresh rice dumplings leaves,flower,0.15555555555555556,18.0
2021-06-06,fresh rice dumplings leaves,flower,0.10000000000000002,18.0
2021-06-07,fresh rice dumplings leaves,flower,0.2,19.8
2021-06-08,fresh rice dumplings leaves,flower,0.125,19.8
2021-06-09,fresh rice dumplings leaves,flower,0.15,19.8
2021-06-10,fresh rice dumplings leaves,flower,0.175,19.8
2021-06-12,fresh rice dumplings leaves,flower,0.25,19.8
2021-06-13,fresh rice dumplings leaves,flower,0.15,19.8
