sales_analysis/datasets/daily_mean.csv
date,item_name,category_name,quantity_sold_kg,unit_selling_price_rmb/kg
2021-06-09,foreign garland chrysanthemum ,flower,0.7142857142857143,14.0
2021-06-10,foreign garland chrysanthemum ,flower,0.6555555555555556,14.0
2021-06-11,foreign garland chrysanthemum ,flower,0.575,14.0
2021-06-12,foreign garland chrysanthemum ,flower,0.51875,14.0
2021-06-15,foreign garland chrysanthemum ,flower,0.5,14.0
2021-06-19,foreign garland chrysanthemum ,flower,0.4555555555555556,14.0
2021-06-20,foreign garland chrysanthemum ,flower,0.49000000000000005,16.0
2021-06-22,foreign garland chrysanthemum ,flower,0.54,16.0
2021-06-23,foreign garland chrysanthemum ,flower,0.4222222222222223,16.0
2021-06-24,foreign garland chrysanthemum ,flower,0.44000000000000006,16.0
2021-06-25,foreign garland chrysanthemum ,flower,0.5333333333333333,16.0
2021-06-26,foreign garland chrysanthemum ,flower,0.47000000000000003,16.0
2021-06-27,foreign garland chrysanthemum ,flower,0.5,16.0
2021-06-28,foreign garland chrysanthemum ,flower,0.6,16.0
2021-06-29,foreign garland chrysanthemum ,flower,0.5,16.0
2021-06-30,foreign garland chrysanthemum ,flower,0.45999999999999996,16.0
2021-07-01,foreign garland chrysanthemum ,flower,0.5166666666666667,16.0
2021-07-03,foreign garland chrysanthemum ,flower,0.55,16.0
2021-07-04,foreign garland chrysanthemum ,flower,0.4857142857142857,16.0
2021-07-05,foreign garland chrysanthemum ,flower,0.4714285714285714,16.0
2021-07-06,foreign garland chrysanthemum ,flower,0.4428571428571429,16.0
2021-07-07,foreign garland chrysanthemum ,flower,0.55,16.0
2021-07-08,foreign garland chrysanthemum ,flower,0.5,16.0
2021-07-09,foreign garland chrysanthemum ,flower,0.42000000000000004,16.0
2021-07-10,foreign garland chrysanthemum ,flower,0.4875,16.0
2021-07-11,foreign garland chrysanthemum ,flower,0.4625,16.0
2021-07-12,foreign garland chrysanthemum ,flower,0.55,14.0
2021-07-13,foreign garland chrysanthemum ,flower,0.5307692307692308,16.0
2021-07-14,foreign garland chrysanthemum ,flower,0.5,18.0
2021-07-15,foreign garland chrysanthemum ,flower,0.41250000000000003,19.8
2021-07-17,foreign garland chrysanthemum ,flower,0.43333333333333335,19.8
2021-07-18,foreign garland chrysanthemum ,flower,0.3909090909090909,19.8
2021-07-19,foreign garland chrysanthemum ,flower,0.44000000000000006,19.8
2021-07-20,foreign garland chrysanthemum ,flower,0.42000000000000004,19.8
2021-07-21,foreign garland chrysanthemum ,flower,0.375,19.8
2021-07-22,foreign garland chrysanthemum ,flower,0.6428571428571429,19.8
2021-07-23,foreign garland chrysanthemum ,flower,0.6999999999999998,19.8
2021-07-24,foreign garland chrysanthemum ,flower,0.4,19.8
2021-07-25,foreign garland chrysanthemum ,flower,0.4444444444444444,19.6
2021-07-28,foreign garland chrysanthemum ,flower,0.62,25.8
2021-07-29,foreign garland chrysanthemum ,flower,0.4555555555555555,25.8
2021-07-30,foreign garland chrysanthemum ,flower,0.6,25.8
2021-07-31,foreign garland chrysanthemum ,flower,0.48750000000000004,19.6
2021-08-01,foreign garland chrysanthemum ,flower,0.575,19.6
2021-08-03,foreign garland chrysanthemum ,flower,0.4666666666666667,19.6
2021-08-04,foreign garland chrysanthemum ,flower,0.43333333333333335,21.600000000000005
2021-08-05,foreign garland chrysanthemum ,flower,0.4000000000000001,21.600000000000005
2021-08-06,foreign garland chrysanthemum ,flower,0.5,21.6
2021-08-07,foreign garland chrysanthemum ,flower,0.47777777777777775,21.6
2021-08-08,foreign garland chrysanthemum ,flower,0.43636363636363634,21.6
2021-08-09,foreign garland chrysanthemum ,flower,0.5,18.0
2021-08-10,foreign garland chrysanthemum ,flower,0.4555555555555556,18.0
2021-08-11,foreign garland chrysanthemum ,flower,0.5,18.0
2021-08-12,foreign garland chrysanthemum ,flower,0.45,18.0
2021-08-13,foreign garland chrysanthemum ,flower,0.5,18.0
2021-08-14,foreign garland chrysanthemum ,flower,0.4461538461538461,18.0
2021-08-15,foreign garland chrysanthemum ,flower,0.43333333333333335,18.0
2021-08-16,foreign garland chrysanthemum ,flower,0.5499999999999999,18.0
2021-08-17,foreign garland chrysanthemum ,flower,0.45,18.0
2021-08-18,foreign garland chrysanthemum ,flower,0.525,18.0
2021-08-19,foreign garland chrysanthemum ,flower,0.42500000000000004,18.0
2021-08-20,foreign garland chrysanthemum ,flower,0.4,18.0
2021-08-21,foreign garland chrysanthemum ,flower,0.44000000000000006,18.0
2021-08-22,foreign garland chrysanthemum ,flower,0.5,18.0
2021-08-24,foreign garland chrysanthemum ,flower,0.4444444444444444,18.0
2021-08-25,foreign garland chrysanthemum ,flower,0.42500000000000004,19.6
2021-08-26,foreign garland chrysanthemum ,flower,0.39285714285714285,19.6
2021-08-29,foreign garland chrysanthemum ,flower,0.45454545454545453,19.6
2021-08-31,foreign garland chrysanthemum ,flower,0.5142857142857143,23.6
2021-09-01,foreign garland chrysanthemum ,flower,0.4571428571428572,23.6
2021-09-02,foreign garland chrysanthemum ,flower,0.55,23.6
2021-09-03,foreign garland chrysanthemum ,flower,0.39230769230769236,23.6
2021-09-04,foreign garland chrysanthemum ,flower,0.4,23.6
2021-09-05,foreign garland chrysanthemum ,flower,0.45,23.6
2021-09-06,foreign garland chrysanthemum ,flower,0.39999999999999997,23.600000000000005
2021-09-07,foreign garland chrysanthemum ,flower,0.6,23.6
2021-09-08,foreign garland chrysanthemum ,flower,0.45,19.8
2021-09-09,foreign garland chrysanthemum ,flower,0.5499999999999999,19.8
2021-09-10,foreign garland chrysanthemum ,flower,0.6666666666666666,19.8
2021-09-11,foreign garland chrysanthemum ,flower,0.6599999999999999,19.8
2021-09-12,foreign garland chrysanthemum ,flower,0.5666666666666667,19.8
2021-09-13,foreign garland chrysanthemum ,flower,0.4666666666666666,19.8
2021-09-14,foreign garland chrysanthemum ,flower,0.49000000000000005,19.8
2021-09-15,foreign garland chrysanthemum ,flower,0.4166666666666667,19.8
2021-09-16,foreign garland chrysanthemum ,flower,0.42500000000000004,21.6
2021-09-17,foreign garland chrysanthemum ,flower,0.4875,21.6
2021-09-18,foreign garland chrysanthemum ,flower,0.42000000000000004,21.6
2021-09-19,foreign garland chrysanthemum ,flower,0.4230769230769231,21.6
2021-10-17,foreign garland chrysanthemum ,flower,0.5166666666666667,18.0
2021-10-18,foreign garland chrysanthemum ,flower,1.0,18.0
2021-10-22,foreign garland chrysanthemum ,flower,0.2,19.8
2021-10-31,foreign garland chrysanthemum ,flower,0.3888888888888889,10.0
2021-11-02,foreign garland chrysanthemum ,flower,0.5333333333333333,10.0
2021-11-03,foreign garland chrysanthemum ,flower,0.3,10.0
2021-11-08,foreign garland chrysanthemum ,flower,0.3,12.0
2021-11-09,foreign garland chrysanthemum ,flower,0.4,14.0
2021-11-11,foreign garland chrysanthemum ,flower,0.45,12.0
2021-11-12,foreign garland chrysanthemum ,flower,0.35,12.0
2021-11-13,foreign garland chrysanthemum ,flower,0.4000000000000001,12.0
2021-11-14,foreign garland chrysanthemum ,flower,0.3,12.0
2021-11-16,foreign garland chrysanthemum ,flower,0.7,12.0
2021-11-17,foreign garland chrysanthemum ,flower,0.5,14.0
2021-11-18,foreign garland chrysanthemum ,flower,0.3,14.0
2021-11-19,foreign garland chrysanthemum ,flower,0.3,14.0
2021-11-20,foreign garland chrysanthemum ,flower,0.3,14.0
2021-11-21,foreign garland chrysanthemum ,flower,0.27999999999999997,14.0
2021-11-22,foreign garland chrysanthemum ,flower,0.6,14.0
2021-11-23,foreign garland chrysanthemum ,flower,0.35,14.0
2021-11-26,foreign garland chrysanthemum ,flower,0.4,16.0
2022-01-03,foreign garland chrysanthemum ,flower,0.5833333333333334,8.0
2022-01-07,foreign garland chrysanthemum ,flower,0.5,12.0
2022-01-22,foreign garland chrysanthemum ,flower,0.44999999999999996,12.0
2022-01-23,foreign garland chrysanthemum ,flower,0.65,14.0
2022-01-24,foreign garland chrysanthemum ,flower,0.31666666666666665,14.0
2022-01-25,foreign garland chrysanthemum ,flower,0.375,16.0
2022-01-26,foreign garland chrysanthemum ,flower,0.6,16.0
2022-01-27,foreign garland chrysanthemum ,flower,0.425,16.0
2022-01-28,foreign garland chrysanthemum ,flower,0.6,16.0
2022-01-29,foreign garland chrysanthemum ,flower,0.3625,16.0
2022-01-30,foreign garland chrysanthemum ,flower,0.5111111111111111,16.0
2022-02-01,foreign garland chrysanthemum ,flower,0.65,16.0
2022-02-02,foreign garland chrysanthemum ,flower,0.425,16.0
2022-02-03,foreign garland chrysanthemum ,flower,0.3,16.0
2022-02-11,foreign garland chrysanthemum ,flower,0.38,19.8
2022-02-12,foreign garland chrysanthemum ,flower,0.47777777777777775,19.8
2022-02-13,foreign garland chrysanthemum ,flower,0.43999999999999995,19.8
2022-02-18,foreign garland chrysanthemum ,flower,0.3,19.8
2022-02-19,foreign garland chrysanthemum ,flower,0.24,19.8
2022-02-23,foreign garland chrysanthemum ,flower,0.38,19.8
2022-03-09,foreign garland chrysanthemum ,flower,0.3,12.0
2022-03-13,foreign garland chrysanthemum ,flower,0.5,12.0
2022-03-15,foreign garland chrysanthemum ,flower,0.5,12.0
2022-03-16,foreign garland chrysanthemum ,flower,1.0,12.0
2022-03-17,foreign garland chrysanthemum ,flower,0.5,12.0
2022-03-23,foreign garland chrysanthemum ,flower,0.6499999999999999,14.0
2022-03-25,foreign garland chrysanthemum ,flower,0.5,14.0
2022-03-26,foreign garland chrysanthemum ,flower,0.6,16.0
2022-03-27,foreign garland chrysanthemum ,flower,0.6,12.0
2022-03-28,foreign garland chrysanthemum ,flower,0.6,10.0
2022-03-30,foreign garland chrysanthemum ,flower,0.6333333333333333,10.0
2022-03-31,foreign garland chrysanthemum ,flower,0.575,10.0
2022-04-01,foreign garland chrysanthemum ,flower,0.4000000000000001,10.0
2022-04-02,foreign garland chrysanthemum ,flower,0.45,10.0
2022-04-03,foreign garland chrysanthemum ,flower,0.45,10.0
2022-04-04,foreign garland chrysanthemum ,flower,0.5,10.0
2022-04-05,foreign garland chrysanthemum ,flower,0.45,10.0
2022-04-06,foreign garland chrysanthemum ,flower,0.7,10.0
2022-04-07,foreign garland chrysanthemum ,flower,0.7,10.0
2022-04-08,foreign garland chrysanthemum ,flower,0.3,10.0
2022-04-09,foreign garland chrysanthemum ,flower,0.32,10.0
2022-04-10,foreign garland chrysanthemum ,flower,0.4,10.0
2022-04-12,foreign garland chrysanthemum ,flower,0.425,10.0
2022-04-13,foreign garland chrysanthemum ,flower,0.3,10.0
2022-04-15,foreign garland chrysanthemum ,flower,0.5666666666666667,10.0
2022-04-16,foreign garland chrysanthemum ,flower,0.6,10.0
2022-04-17,foreign garland chrysanthemum ,flower,0.5,10.0
2022-04-18,foreign garland chrysanthemum ,flower,0.6,10.0
2022-04-19,foreign garland chrysanthemum ,flower,0.6,10.0
2022-04-20,foreign garland chrysanthemum ,flower,0.4,10.0
2022-04-21,foreign garland chrysanthemum ,flower,0.3,10.0
2022-04-22,foreign garland chrysanthemum ,flower,0.4,10.0
2022-04-24,foreign garland chrysanthemum ,flower,0.5625,10.0
2022-04-25,foreign garland chrysanthemum ,flower,0.4142857142857143,8.0
2022-04-27,foreign garland chrysanthemum ,flower,0.4666666666666666,8.0
2022-04-28,foreign garland chrysanthemum ,flower,0.6,8.0
2022-04-29,foreign garland chrysanthemum ,flower,0.45,8.0
2022-04-30,foreign garland chrysanthemum ,flower,0.6166666666666667,8.0
2022-05-01,foreign garland chrysanthemum ,flower,0.4555555555555556,10.0
2022-05-02,foreign garland chrysanthemum ,flower,0.4375,10.0
2022-05-04,foreign garland chrysanthemum ,flower,0.52,12.0
2022-05-05,foreign garland chrysanthemum ,flower,0.5714285714285714,12.0
2022-05-06,foreign garland chrysanthemum ,flower,0.4,12.0
2022-05-07,foreign garland chrysanthemum ,flower,0.5,12.0
2022-05-08,foreign garland chrysanthemum ,flower,0.6666666666666666,12.0
2022-05-09,foreign garland chrysanthemum ,flower,0.5444444444444445,12.0
2022-05-12,foreign garland chrysanthemum ,flower,0.47333333333333333,12.0
2022-05-13,foreign garland chrysanthemum ,flower,0.5,12.0
2022-05-14,foreign garland chrysanthemum ,flower,0.46956521739130436,12.0
2022-05-15,foreign garland chrysanthemum ,flower,0.5666666666666667,10.0
2022-05-16,foreign garland chrysanthemum ,flower,0.54,10.0
2022-05-17,foreign garland chrysanthemum ,flower,0.6,10.0
2022-05-18,foreign garland chrysanthemum ,flower,0.6199999999999999,10.0
2022-05-19,foreign garland chrysanthemum ,flower,0.5666666666666667,10.0
2022-05-20,foreign garland chrysanthemum ,flower,0.425,10.0
2022-05-21,foreign garland chrysanthemum ,flower,0.6166666666666667,10.0
2022-05-22,foreign garland chrysanthemum ,flower,0.5238095238095238,10.0
2022-05-24,foreign garland chrysanthemum ,flower,0.45999999999999996,12.0
2022-05-25,foreign garland chrysanthemum ,flower,0.6499999999999999,12.0
2022-05-26,foreign garland chrysanthemum ,flower,0.43333333333333335,12.0
2022-05-27,foreign garland chrysanthemum ,flower,0.6,12.0
2022-05-28,foreign garland chrysanthemum ,flower,0.4555555555555556,12.0
2022-05-29,foreign garland chrysanthemum ,flower,0.4,10.0
2022-05-31,foreign garland chrysanthemum ,flower,0.3,10.0
2022-06-01,foreign garland chrysanthemum ,flower,0.36,10.0
2022-06-02,foreign garland chrysanthemum ,flower,0.35,12.0
2022-06-03,foreign garland chrysanthemum ,flower,0.475,12.0
2022-06-04,foreign garland chrysanthemum ,flower,0.5666666666666668,12.0
2022-06-05,foreign garland chrysanthemum ,flower,0.3333333333333333,12.0
2022-06-06,foreign garland chrysanthemum ,flower,0.26666666666666666,10.0
2022-06-07,foreign garland chrysanthemum ,flower,0.2,10.0
2022-06-08,foreign garland chrysanthemum ,flower,0.4,10.0
2022-06-09,foreign garland chrysanthemum ,flower,0.325,10.0
2022-06-11,foreign garland chrysanthemum ,flower,0.43,10.0
2022-06-12,foreign garland chrysanthemum ,flower,0.3,10.0
2022-06-14,foreign garland chrysanthemum ,flower,0.4000000000000001,12.0
2022-06-15,foreign garland chrysanthemum ,flower,0.5,12.0
2022-06-16,foreign garland chrysanthemum ,flower,0.2625,12.0
2022-06-17,foreign garland chrysanthemum ,flower,0.4,12.0
2022-06-18,foreign garland chrysanthemum ,flower,0.5,12.0
2022-06-19,foreign garland chrysanthemum ,flower,0.8333333333333334,12.0
2022-06-20,foreign garland chrysanthemum ,flower,0.5,12.0
2022-09-02,foreign garland chrysanthemum ,flower,0.3384615384615385,16.615384615384617
2022-09-03,foreign garland chrysanthemum ,flower,0.48333333333333334,18.0
2022-09-04,foreign garland chrysanthemum ,flower,0.4600000000000001,18.0
2022-09-06,foreign garland chrysanthemum ,flower,0.5555555555555556,18.0
2022-09-07,foreign garland chrysanthemum ,flower,0.5166666666666667,18.0
2022-09-09,foreign garland chrysanthemum ,flower,0.44166666666666665,18.0
2022-10-05,foreign garland chrysanthemum ,flower,0.4,10.0
2022-12-06,foreign garland chrysanthemum ,flower,0.3,10.0
2021-06-10,black rapeseed,flower,0.4,4.0
2022-11-03,black rapeseed,flower,0.44666666666666666,4.0
2022-11-05,black rapeseed,flower,0.6666666666666666,4.0
2022-11-08,black rapeseed,flower,0.35555555555555557,4.8
2022-11-09,black rapeseed,flower,0.39999999999999997,4.8
2022-11-10,black rapeseed,flower,0.6,4.8
2022-11-11,black rapeseed,flower,0.5,4.8
2022-11-12,black rapeseed,flower,0.4111111111111111,4.8
2022-11-13,black rapeseed,flower,0.36666666666666664,4.8
2022-11-14,black rapeseed,flower,0.42000000000000004,4.8
2022-11-15,black rapeseed,flower,0.35,4.8
2022-11-16,black rapeseed,flower,0.38,4.8
2022-11-17,black rapeseed,flower,0.38571428571428573,4.8
2022-11-18,black rapeseed,flower,0.3,4.8
2022-11-19,black rapeseed,flower,0.43676470588235294,4.8
2022-11-20,black rapeseed,flower,0.44000000000000006,4.8
2022-11-21,black rapeseed,flower,0.49000000000000005,4.8
2022-11-22,black rapeseed,flower,0.6,4.8
2022-12-08,black rapeseed,flower,0.37142857142857144,3.6
2022-12-11,black rapeseed,flower,0.45,3.6
2022-12-12,black rapeseed,flower,0.3,3.6
2022-12-14,black rapeseed,flower,0.43333333333333335,2.7999999999999994
2022-12-15,black rapeseed,flower,0.43571428571428567,2.8
2022-12-16,black rapeseed,flower,0.37142857142857144,3.2
2022-12-17,black rapeseed,flower,0.4,3.2
2022-12-18,black rapeseed,flower,0.36363636363636365,3.2
2022-12-19,black rapeseed,flower,0.6,3.2
2021-06-23,ice grass,flower,0.35,14.0
2021-06-24,ice grass,flower,0.2,14.0
2021-06-26,ice grass,flower,0.2,14.0
2021-06-29,ice grass,flower,0.2,14.0
2021-07-01,ice grass,flower,0.1,14.0
2021-07-02,ice grass,flower,0.33999999999999997,14.0
2021-07-03,ice grass,flower,0.38,14.0
2021-07-04,ice grass,flower,0.2,14.0
2021-07-05,ice grass,flower,0.2,14.0
2021-07-06,ice grass,flower,0.30000000000000004,14.0
2021-07-07,ice grass,flower,0.35,14.0
2021-07-10,ice grass,flower,0.4875,14.0
2021-07-15,ice grass,flower,0.275,12.0
2021-07-18,ice grass,flower,0.225,12.0
2021-07-21,ice grass,flower,0.3,16.0
2021-07-22,ice grass,flower,0.65,16.0
2022-02-04,ice grass,flower,0.3,19.8
2021-06-23,mustard,flower,0.6555555555555556,4.666666666666667
2021-06-24,mustard,flower,0.5555555555555556,5.222222222222222
2021-07-21,mustard,flower,0.4,8.0
2021-07-23,mustard,flower,0.4428571428571429,8.0
2021-07-24,mustard,flower,0.475,8.0
2021-07-25,mustard,flower,0.4090909090909091,8.0
2021-07-26,mustard,flower,0.4,8.0
2021-07-28,mustard,flower,0.4857142857142857,8.0
2021-07-30,mustard,flower,0.72,8.0
2021-07-31,mustard,flower,0.45454545454545453,8.0
2021-08-03,mustard,flower,0.5526315789473685,6.0
