sales_analysis/datasets/daily_mean.csv
date,item_name,category_name,quantity_sold_kg,unit_selling_price_rmb/kg
2021-07-03,lotus,aquatic,3.0,2.9
2021-07-04,lotus,aquatic,2.0,2.5
2021-07-05,lotus,aquatic,3.0,2.5
2021-07-08,lotus,aquatic,2.0,2.9
2021-07-14,lotus,aquatic,2.5,2.5
2021-07-16,lotus,aquatic,1.3333333333333333,2.5
2021-07-17,lotus,aquatic,2.0,2.5
2021-07-18,lotus,aquatic,1.6,2.5
2021-07-19,lotus,aquatic,1.0,2.5
2021-07-21,lotus,aquatic,1.0,2.9
2022-06-24,lotus,aquatic,1.6666666666666667,4.9
2022-06-25,lotus,aquatic,1.9090909090909092,4.9
2022-06-26,lotus,aquatic,1.0,4.9
2022-06-28,lotus,aquatic,2.25,4.9
2022-07-03,lotus,aquatic,2.888888888888889,4.9
2022-07-05,lotus,aquatic,2.0,2.9
2022-07-06,lotus,aquatic,1.7777777777777777,2.9
2022-07-07,lotus,aquatic,2.6666666666666665,2.9
2022-07-08,lotus,aquatic,1.75,2.9
2022-07-09,lotus,aquatic,2.25,2.9
2022-07-10,lotus,aquatic,2.3333333333333335,2.9
2022-07-11,lotus,aquatic,1.5,2.9
2022-07-15,lotus,aquatic,2.0,2.4
2022-07-16,lotus,aquatic,5.0,2.0
2022-07-17,lotus,aquatic,5.133333333333334,2.0
2022-07-18,lotus,aquatic,5.0,2.0
2022-07-19,lotus,aquatic,5.555555555555555,2.0
2022-07-20,lotus,aquatic,5.625,2.0
2022-07-21,lotus,aquatic,5.0,2.0
2022-07-22,lotus,aquatic,5.0,2.0
2022-07-24,lotus,aquatic,6.375,2.0
2022-07-25,lotus,aquatic,5.555555555555555,2.0
2022-07-26,lotus,aquatic,5.0,2.0
2022-07-27,lotus,aquatic,6.0,2.0
2022-07-28,lotus,aquatic,5.2,2.0
2022-07-29,lotus,aquatic,5.0,2.0
2022-07-30,lotus,aquatic,5.0,2.0
2022-07-31,lotus,aquatic,5.0,2.0
2022-08-01,lotus,aquatic,5.0,2.0
2022-08-03,lotus,aquatic,5.0,2.0
2022-08-04,lotus,aquatic,5.0,2.0
2022-08-06,lotus,aquatic,5.0,2.0
2022-08-07,lotus,aquatic,5.0,2.0
2022-08-08,lotus,aquatic,6.714285714285714,2.0
2022-08-09,lotus,aquatic,5.0,2.0
2022-08-10,lotus,aquatic,5.555555555555555,2.0
2022-08-11,lotus,aquatic,5.0,2.0
2022-08-12,lotus,aquatic,5.0,2.0
2022-08-13,lotus,aquatic,5.0,2.0
2022-08-14,lotus,aquatic,5.0,2.0
2022-08-15,lotus,aquatic,6.111111111111111,2.0
2022-08-16,lotus,aquatic,5.0,2.0
2022-08-17,lotus,aquatic,5.0,2.0
2022-08-18,lotus,aquatic,5.0,2.0
2022-08-19,lotus,aquatic,5.0,2.0
2022-08-20,lotus,aquatic,5.0,2.0
2022-08-21,lotus,aquatic,5.0,2.0
2022-08-22,lotus,aquatic,5.714285714285714,2.0
2022-08-23,lotus,aquatic,5.625,2.0
2022-08-24,lotus,aquatic,5.0,2.0
2022-08-25,lotus,aquatic,5.0,2.0
2022-08-26,lotus,aquatic,5.0,2.0
2022-08-27,lotus,aquatic,5.0,2.0
2022-08-28,lotus,aquatic,5.0,2.0
2022-08-29,lotus,aquatic,5.0,2.0
2022-08-30,lotus,aquatic,5.0,2.0
2022-09-01,lotus,aquatic,5.0,2.0
2022-09-04,lotus,aquatic,5.0,2.0
2022-09-05,lotus,aquatic,6.666666666666667,2.0
2022-09-06,lotus,aquatic,5.0,2.0
2022-09-07,lotus,aquatic,7.5,2.0
2022-09-08,lotus,aquatic,5.0,2.0
2022-09-09,lotus,aquatic,5.0,2.0
2022-09-10,lotus,aquatic,6.0,2.0
2022-09-11,lotus,aquatic,5.0,2.0
2022-09-12,lotus,aquatic,5.0,2.0
2022-09-13,lotus,aquatic,5.0,2.0
2022-09-14,lotus,aquatic,5.0,2.0
2022-09-15,lotus,aquatic,5.0,2.0
2022-09-17,lotus,aquatic,5.0,2.0
2022-09-18,lotus,aquatic,5.0,2.0
2021-07-03,red line pepper,capsicum,0.14285714285714285,12.0
2021-07-04,red line pepper,capsicum,0.13333333333333336,12.0
2021-07-05,red line pepper,capsicum,0.16111111111111112,12.0
2021-07-06,red line pepper,capsicum,0.1285714285714286,12.0
2021-07-07,red line pepper,capsicum,0.15000000000000002,12.0
2021-07-08,red line pepper,capsicum,0.15714285714285717,14.857142857142858
2021-07-09,red line pepper,capsicum,0.23333333333333336,16.0
2021-07-12,red line pepper,capsicum,0.1,16.0
2021-07-13,red line pepper,capsicum,0.13333333333333333,16.0
2021-07-14,red line pepper,capsicum,0.1,16.0
2021-07-16,red line pepper,capsicum,0.16666666666666666,16.0
2021-07-17,red line pepper,capsicum,0.13333333333333333,16.0
2021-07-18,red line pepper,capsicum,0.10000000000000002,16.0
2021-07-19,red line pepper,capsicum,0.1,16.0
2021-07-20,red line pepper,capsicum,0.14,14.0
2021-07-21,red line pepper,capsicum,0.15000000000000002,14.0
2021-07-22,red line pepper,capsicum,0.1,12.0
2021-07-23,red line pepper,capsicum,0.15000000000000002,12.0
2021-07-24,red line pepper,capsicum,0.12000000000000002,12.0
2021-07-25,red line pepper,capsicum,0.1,12.0
2022-07-01,red line pepper,capsicum,0.13333333333333333,12.0
2022-07-02,red line pepper,capsicum,0.2,12.0
2022-07-03,red line pepper,capsicum,0.18333333333333335,12.0
2022-07-04,red line pepper,capsicum,0.2,12.0
2022-07-05,red line pepper,capsicum,0.15,12.0
2022-07-06,red line pepper,capsicum,0.1125,18.0
2022-07-07,red line pepper,capsicum,0.15000000000000002,18.0
2022-07-09,red line pepper,capsicum,0.12000000000000002,18.0
2022-07-10,red line pepper,capsicum,0.1272727272727273,18.0
2022-07-11,red line pepper,capsicum,0.125,18.0
2022-07-12,red line pepper,capsicum,0.1,18.0
2021-07-12,water chestnut,aquatic,0.48,19.8
2021-07-13,water chestnut,aquatic,0.3666666666666667,19.8
2021-07-14,water chestnut,aquatic,0.35,9.45
2021-07-16,water chestnut,aquatic,0.74,4.0
2021-07-17,water chestnut,aquatic,0.38,16.0
2021-07-18,water chestnut,aquatic,0.4555555555555555,9.333333333333334
2022-05-30,water chestnut,aquatic,0.35,19.8
2022-06-02,water chestnut,aquatic,0.2,19.8
2022-06-03,water chestnut,aquatic,0.4666666666666666,19.8
2022-06-05,water chestnut,aquatic,0.7,19.8
2022-06-12,water chestnut,aquatic,0.26666666666666666,19.8
2022-06-13,water chestnut,aquatic,0.4,19.8
2022-06-14,water chestnut,aquatic,0.45,19.8
2022-06-15,water chestnut,aquatic,0.30000000000000004,19.8
2022-06-17,water chestnut,aquatic,0.4,19.8
2022-06-18,water chestnut,aquatic,0.2,19.8
2022-06-20,water chestnut,aquatic,0.30000000000000004,19.8
2022-06-21,water chestnut,aquatic,0.2333333333333333,19.8
2022-06-25,water chestnut,aquatic,0.44999999999999996,19.8
2022-06-28,water chestnut,aquatic,0.7,19.8
2022-06-29,water chestnut,aquatic,0.20000000000000004,16.0
2022-06-30,water chestnut,aquatic,0.2,16.0
2022-07-01,water chestnut,aquatic,0.4,16.0
2022-07-03,water chestnut,aquatic,0.6,16.0
2022-07-04,water chestnut,aquatic,0.4000000000000001,16.0
2022-07-05,water chestnut,aquatic,0.275,16.0
2022-07-08,water chestnut,aquatic,0.6666666666666666,16.0
2022-07-09,water chestnut,aquatic,0.30000000000000004,16.0
2022-07-10,water chestnut,aquatic,0.45,16.0
2022-07-14,water chestnut,aquatic,0.5,16.0
2022-07-15,water chestnut,aquatic,0.4,16.0
2022-07-16,water chestnut,aquatic,0.3666666666666667,16.0
2022-07-18,water chestnut,aquatic,0.26666666666666666,16.0
2022-07-19,water chestnut,aquatic,0.32499999999999996,16.0
2022-07-20,water chestnut,aquatic,0.2,16.0
2022-07-21,water chestnut,aquatic,0.55,16.0
2022-07-22,water chestnut,aquatic,1.0,16.0
2022-07-25,water chestnut,aquatic,0.37142857142857144,16.0
2022-07-30,water chestnut,aquatic,0.2333333333333333,10.0
2022-07-31,water chestnut,aquatic,0.45,10.0
2022-08-01,water chestnut,aquatic,0.33999999999999997,10.0
2022-08-02,water chestnut,aquatic,0.44999999999999996,10.0
2022-08-03,water chestnut,aquatic,0.32,10.0
2022-08-04,water chestnut,aquatic,0.30000000000000004,10.0
2022-08-05,water chestnut,aquatic,0.43333333333333335,10.0
2022-08-06,water chestnut,aquatic,0.30000000000000004,10.0
2022-08-07,water chestnut,aquatic,0.4222222222222222,10.0
2022-08-08,water chestnut,aquatic,0.9,10.0
2022-08-09,water chestnut,aquatic,0.65,10.0
2022-08-10,water chestnut,aquatic,0.35,10.0
2022-08-11,water chestnut,aquatic,0.35,10.0
2022-08-12,water chestnut,aquatic,0.45,10.0
2022-08-14,water chestnut,aquatic,0.48,10.0
2022-08-15,water chestnut,aquatic,0.3333333333333333,10.0
2022-08-16,water chestnut,aquatic,0.4166666666666667,10.0
2022-08-17,water chestnut,aquatic,0.44999999999999996,10.0
2022-08-18,water chestnut,aquatic,0.825,10.0
2022-08-19,water chestnut,aquatic,0.9,10.0
2022-08-20,water chestnut,aquatic,0.3,10.0
2022-08-21,water chestnut,aquatic,0.3,10.0
2022-08-22,water chestnut,aquatic,0.5,10.0
2022-08-23,water chestnut,aquatic,0.6,10.0
2022-08-24,water chestnut,aquatic,0.35,10.0
2022-08-25,water chestnut,aquatic,0.3,10.0
2022-08-27,water chestnut,aquatic,0.7,10.0
2021-07-15,xiaozhoupi,capsicum,0.2565217391304348,8.0
2021-07-16,xiaozhoupi,capsicum,0.27,8.0
2021-07-17,xiaozhoupi,capsicum,0.1,8.0
2021-07-18,xiaozhoupi,capsicum,0.2,8.0
2021-07-19,xiaozhoupi,capsicum,0.2473684210526316,8.0
2021-07-20,xiaozhoupi,capsicum,0.23076923076923078,8.0
2021-07-21,xiaozhoupi,capsicum,0.29090909090909095,8.0
2021-07-22,xiaozhoupi,capsicum,0.4,8.0
2021-07-23,xiaozhoupi,capsicum,0.3,8.0
2021-07-24,xiaozhoupi,capsicum,0.225,8.0
2021-07-26,xiaozhoupi,capsicum,0.27999999999999997,9.0
2021-07-27,xiaozhoupi,capsicum,0.3,9.0
2021-07-28,xiaozhoupi,capsicum,0.2833333333333333,9.0
2021-07-29,xiaozhoupi,capsicum,0.125,9.0
2021-07-30,xiaozhoupi,capsicum,0.37142857142857144,8.0
2021-07-31,xiaozhoupi,capsicum,0.2416666666666667,8.0
2021-08-01,xiaozhoupi,capsicum,0.2,8.0
2021-08-02,xiaozhoupi,capsicum,0.24444444444444446,8.0
2021-08-04,xiaozhoupi,capsicum,0.2928571428571428,10.0
2021-08-05,xiaozhoupi,capsicum,0.2733333333333333,10.0
2021-08-06,xiaozhoupi,capsicum,0.2,10.0
2021-08-08,xiaozhoupi,capsicum,0.1625,10.0
2021-08-09,xiaozhoupi,capsicum,0.25,10.0
2021-08-10,xiaozhoupi,capsicum,0.29230769230769227,10.0
2021-08-12,xiaozhoupi,capsicum,0.26666666666666666,10.0
2021-08-13,xiaozhoupi,capsicum,0.27,10.0
2021-08-14,xiaozhoupi,capsicum,0.2,10.0
2021-08-15,xiaozhoupi,capsicum,0.25,10.0
2021-08-24,xiaozhoupi,capsicum,0.275,10.0
2021-08-25,xiaozhoupi,capsicum,0.25,10.0
2021-08-26,xiaozhoupi,capsicum,0.29230769230769227,10.0
2021-08-27,xiaozhoupi,capsicum,0.21666666666666667,10.0
2021-08-29,xiaozhoupi,capsicum,0.3333333333333333,10.0
2021-08-30,xiaozhoupi,capsicum,0.4,10.0
2021-08-31,xiaozhoupi,capsicum,0.2,10.0
2021-09-03,xiaozhoupi,capsicum,0.19999999999999998,12.0
2021-09-05,xiaozhoupi,capsicum,0.2,12.0
2021-09-06,xiaozhoupi,capsicum,0.19999999999999998,12.0
2021-09-07,xiaozhoupi,capsicum,0.23750000000000002,12.0
2021-09-08,xiaozhoupi,capsicum,0.18333333333333335,12.0
2021-09-09,xiaozhoupi,capsicum,0.34,12.0
2021-09-10,xiaozhoupi,capsicum,0.3,12.0
2021-09-22,xiaozhoupi,capsicum,0.3,14.0
2021-09-27,xiaozhoupi,capsicum,0.2714285714285714,12.0
2021-10-05,xiaozhoupi,capsicum,0.24705882352941178,14.0
2021-10-06,xiaozhoupi,capsicum,0.2,14.0
2021-12-01,xiaozhoupi,capsicum,0.5,18.0
2021-12-02,xiaozhoupi,capsicum,0.1,18.0
2021-12-04,xiaozhoupi,capsicum,0.1,18.0
2021-12-05,xiaozhoupi,capsicum,0.2,18.0
2021-12-06,xiaozhoupi,capsicum,0.3,18.0
2021-12-07,xiaozhoupi,capsicum,0.1,18.0
2021-12-23,xiaozhoupi,capsicum,0.2,19.8
2022-01-07,xiaozhoupi,capsicum,0.5,19.8
2022-01-09,xiaozhoupi,capsicum,0.2,19.8
2022-07-08,xiaozhoupi,capsicum,0.24285714285714285,12.0
2022-07-10,xiaozhoupi,capsicum,0.2,12.0
2022-07-11,xiaozhoupi,capsicum,0.25,12.0
2022-07-12,xiaozhoupi,capsicum,0.275,12.0
2022-07-13,xiaozhoupi,capsicum,0.2076923076923077,12.0
2022-07-14,xiaozhoupi,capsicum,0.2222222222222222,12.0
2022-07-15,xiaozhoupi,capsicum,0.1875,12.0
2022-07-16,xiaozhoupi,capsicum,0.23846153846153847,12.0
2022-07-17,xiaozhoupi,capsicum,0.2,12.0
2022-07-18,xiaozhoupi,capsicum,0.19999999999999998,12.0
2022-07-19,xiaozhoupi,capsicum,0.1875,16.0
2022-11-21,xiaozhoupi,capsicum,0.2866666666666667,7.0
2021-07-17,round eggplant,solanum,0.625,10.0
2021-07-18,round eggplant,solanum,0.43333333333333335,10.0
2021-07-20,round eggplant,solanum,0.4,10.0
2022-05-07,round eggplant,solanum,0.8,16.0
2022-05-08,round eggplant,solanum,0.6,16.0
2022-05-25,round eggplant,solanum,0.2,16.0
2022-06-24,round eggplant,solanum,0.6,14.0
2022-07-02,round eggplant,solanum,0.5,14.0
2021-08-16,the dandelion,flower,0.1,16.0
2022-02-26,the dandelion,flower,0.15000000000000002,49.6
2022-02-28,the dandelion,flower,0.1,49.6
2022-03-18,the dandelion,flower,0.1,49.6
2022-03-19,the dandelion,flower,0.1,49.6
2022-03-20,the dandelion,flower,0.1,39.6
2022-03-27,the dandelion,flower,0.1,31.6
2022-04-02,the dandelion,flower,0.1,33.6
2022-04-12,the dandelion,flower,0.2,29.6
2022-04-14,the dandelion,flower,0.1,29.6
2022-05-02,the dandelion,flower,0.10000000000000002,19.8
2021-09-03,yuganjiao,capsicum,0.28750000000000003,12.0
2021-09-04,yuganjiao,capsicum,0.3153846153846154,12.0
2021-09-05,yuganjiao,capsicum,0.23750000000000002,12.0
2021-09-06,yuganjiao,capsicum,0.25,12.0
2021-09-07,yuganjiao,capsicum,0.19999999999999998,12.0
2021-09-08,yuganjiao,capsicum,0.4,12.0
2021-09-16,yuganjiao,capsicum,0.31428571428571433,12.0
2021-09-17,yuganjiao,capsicum,0.225,12.0
2021-09-18,yuganjiao,capsicum,0.43333333333333335,12.0
2021-09-19,yuganjiao,capsicum,0.275,12.0
2021-09-20,yuganjiao,capsicum,0.2,12.0
2021-09-26,yuganjiao,capsicum,0.2714285714285714,14.0
2021-09-27,yuganjiao,capsicum,0.5599999999999999,14.0
2021-09-28,yuganjiao,capsicum,0.2,14.0
2021-09-29,yuganjiao,capsicum,0.2333333333333333,14.0
2021-09-30,yuganjiao,capsicum,0.22000000000000003,14.0
2021-10-01,yuganjiao,capsicum,0.36,14.0
2021-10-02,yuganjiao,capsicum,0.21666666666666667,14.0
2021-10-03,yuganjiao,capsicum,0.20000000000000004,14.0
2021-10-04,yuganjiao,capsicum,0.2,14.0
2021-10-04,lameizi,capsicum,0.26875,8.0
2021-10-05,lameizi,capsicum,0.2888888888888889,8.0
2021-10-06,lameizi,capsicum,0.2833333333333333,8.0
2021-10-07,lameizi,capsicum,0.275,8.0
2021-10-08,lameizi,capsicum,0.29090909090909095,8.0
2021-10-09,lameizi,capsicum,0.20000000000000004,8.0
2021-10-10,lameizi,capsicum,0.2846153846153846,8.0
2021-10-11,lameizi,capsicum,0.25384615384615383,8.0
2021-10-12,lameizi,capsicum,0.3625,8.0
2021-10-13,lameizi,capsicum,0.3181818181818182,8.0
2021-10-14,lameizi,capsicum,0.3,8.0
2021-10-15,lameizi,capsicum,0.25882352941176473,8.0
2021-10-16,lameizi,capsicum,0.2923076923076923,8.0
2021-10-17,lameizi,capsicum,0.23636363636363636,8.0
2021-10-18,lameizi,capsicum,0.2625,8.0
2021-10-19,lameizi,capsicum,0.25,10.0
2021-10-20,lameizi,capsicum,0.3,10.0
2021-10-21,lameizi,capsicum,0.35,10.0
2021-10-22,lameizi,capsicum,0.15000000000000002,12.0
2021-10-23,lameizi,capsicum,0.2777777777777778,12.0
2021-10-24,lameizi,capsicum,0.22307692307692312,12.0
2021-10-25,lameizi,capsicum,0.3666666666666667,12.0
2021-10-26,lameizi,capsicum,0.3090909090909091,12.0
2021-10-27,lameizi,capsicum,0.2833333333333334,12.0
2021-10-28,lameizi,capsicum,0.2625,12.0
2021-10-29,lameizi,capsicum,0.2833333333333333,12.0
2021-10-30,lameizi,capsicum,0.2,12.0
2021-10-31,lameizi,capsicum,0.2625,12.0
2021-11-01,lameizi,capsicum,0.26666666666666666,12.0
2021-11-02,lameizi,capsicum,0.27999999999999997,12.0
2021-11-03,lameizi,capsicum,0.27142857142857146,14.0
2021-11-04,lameizi,capsicum,0.25,14.0
2021-11-05,lameizi,capsicum,0.2,16.0
2021-11-06,lameizi,capsicum,0.5,16.0
2021-11-09,lameizi,capsicum,0.3,18.0
2021-11-10,lameizi,capsicum,0.24,18.0
2021-11-11,lameizi,capsicum,0.2333333333333333,18.0
2021-11-12,lameizi,capsicum,0.2,18.0
2021-11-13,lameizi,capsicum,0.2,18.0
2021-11-14,lameizi,capsicum,0.225,16.0
2021-11-15,lameizi,capsicum,0.16666666666666666,16.0
2021-11-16,lameizi,capsicum,0.2714285714285714,16.0
2021-11-17,lameizi,capsicum,0.17500000000000002,16.0
2021-11-18,lameizi,capsicum,0.4,16.0
2021-11-19,lameizi,capsicum,0.39999999999999997,16.0
2021-11-20,lameizi,capsicum,0.1,16.0
2021-12-08,lameizi,capsicum,0.5,14.0
2021-12-09,lameizi,capsicum,0.24000000000000005,14.0
2021-12-10,lameizi,capsicum,0.2333333333333333,14.0
2021-12-11,lameizi,capsicum,0.3,14.0
2021-12-12,lameizi,capsicum,0.26666666666666666,14.0
2021-12-13,lameizi,capsicum,0.1,14.0
2021-12-14,lameizi,capsicum,0.25,14.0
2021-12-15,lameizi,capsicum,0.22000000000000003,16.0
2021-12-16,lameizi,capsicum,0.43333333333333335,16.0
2021-12-17,lameizi,capsicum,0.2222222222222222,16.0
2021-12-18,lameizi,capsicum,0.2571428571428572,16.0
2021-12-19,lameizi,capsicum,0.18,16.0
2021-12-20,lameizi,capsicum,0.2833333333333334,16.0
2021-12-21,lameizi,capsicum,0.2,16.0
2021-12-22,lameizi,capsicum,0.2,16.0
2021-12-23,lameizi,capsicum,0.4,16.0
2021-12-24,lameizi,capsicum,0.275,16.0
2021-12-25,lameizi,capsicum,0.3,16.0
2021-12-26,lameizi,capsicum,0.2833333333333333,16.0
2021-12-27,lameizi,capsicum,0.25,16.0
2021-12-28,lameizi,capsicum,0.325,16.0
2021-12-29,lameizi,capsicum,0.3,16.0
2021-12-31,lameizi,capsicum,0.43333333333333335,16.0
2022-01-01,lameizi,capsicum,0.25,16.0
2022-01-02,lameizi,capsicum,0.3,16.0
2022-01-03,lameizi,capsicum,0.25,16.0
2022-01-04,lameizi,capsicum,0.16666666666666666,16.0
