sales_analysis/datasets/daily_mean.csv
date,item_name,category_name,quantity_sold_kg,unit_selling_price_rmb/kg
2021-10-10,the crab flavor mushroom,mushroom,1.0,3.9
2021-10-11,the crab flavor mushroom,mushroom,1.0,3.9
2021-10-12,the crab flavor mushroom,mushroom,1.0,3.9
2021-10-13,the crab flavor mushroom,mushroom,1.0,3.9
2021-10-14,the crab flavor mushroom,mushroom,1.0,3.9
2021-10-15,the crab flavor mushroom,mushroom,1.0,3.9
2021-10-16,the crab flavor mushroom,mushroom,1.0,3.9
2021-10-17,the crab flavor mushroom,mushroom,1.0,3.9
2021-10-19,the crab flavor mushroom,mushroom,1.0,3.9
2021-10-20,the crab flavor mushroom,mushroom,1.0,3.9
2021-10-21,the crab flavor mushroom,mushroom,1.0,3.9
2021-10-23,the crab flavor mushroom,mushroom,1.0,3.9
2021-10-24,the crab flavor mushroom,mushroom,1.0,3.9
2021-10-26,the crab flavor mushroom,mushroom,1.0,3.9
2021-10-31,the crab flavor mushroom,mushroom,1.0,3.9
2021-11-01,the crab flavor mushroom,mushroom,1.0,3.9
2021-11-02,the crab flavor mushroom,mushroom,1.0,3.9
2021-11-03,the crab flavor mushroom,mushroom,1.0,3.9
2021-11-04,the crab flavor mushroom,mushroom,1.0,3.9
2021-11-05,the crab flavor mushroom,mushroom,1.0,3.9
2021-11-06,the crab flavor mushroom,mushroom,1.0,3.9
2021-11-07,the crab flavor mushroom,mushroom,1.0,3.9
2022-03-03,the crab flavor mushroom,mushroom,1.0,3.9
2022-03-04,the crab flavor mushroom,mushroom,1.0,3.9
2022-03-05,the crab flavor mushroom,mushroom,1.0,3.9
2022-03-06,the crab flavor mushroom,mushroom,1.0,3.9
2022-03-07,the crab flavor mushroom,mushroom,1.0,3.9
2022-03-09,the crab flavor mushroom,mushroom,1.0,3.9
2022-03-10,the crab flavor mushroom,mushroom,1.0,3.9
2022-03-11,the crab flavor mushroom,mushroom,1.0,3.9
2022-03-12,the crab flavor mushroom,mushroom,1.0,2.7
2022-03-18,the crab flavor mushroom,mushroom,1.0,3.9
2022-03-19,the crab flavor mushroom,mushroom,1.0,3.9
2022-03-20,the crab flavor mushroom,mushroom,1.0,3.9
2022-03-21,the crab flavor mushroom,mushroom,1.0,3.9
2022-03-22,the crab flavor mushroom,mushroom,1.0,3.9
2022-03-23,the crab flavor mushroom,mushroom,1.0,3.9
2022-03-24,the crab flavor mushroom,mushroom,1.0,3.9
2022-03-25,the crab flavor mushroom,mushroom,1.0,3.9
2022-03-27,the crab flavor mushroom,mushroom,1.0,2.9
2022-03-29,the crab flavor mushroom,mushroom,1.0,2.3
2022-04-09,the crab flavor mushroom,mushroom,1.0,2.9
2022-05-07,the crab flavor mushroom,mushroom,1.0,3.5
2022-05-09,the crab flavor mushroom,mushroom,1.0,3.5
2022-05-10,the crab flavor mushroom,mushroom,1.0,3.5
2022-05-13,the crab flavor mushroom,mushroom,1.0,3.5
2022-05-21,the crab flavor mushroom,mushroom,1.0,3.5
2022-05-22,the crab flavor mushroom,mushroom,1.0,3.5
2022-10-06,the crab flavor mushroom,mushroom,1.0,3.5
2022-10-07,the crab flavor mushroom,mushroom,1.0,3.5
2022-10-26,the crab flavor mushroom,mushroom,1.0,3.075
2021-12-26,hongshan caitai,flower,1.0,6.8
2021-12-27,hongshan caitai,flower,1.0,6.8
2021-12-29,hongshan caitai,flower,1.0,6.8
2021-12-30,hongshan caitai,flower,1.0,6.8
2021-12-31,hongshan caitai,flower,1.0,6.8
2022-01-02,hongshan caitai,flower,1.0,3.4
2022-01-19,hongshan caitai,flower,1.0,4.7
2022-01-24,hongshan caitai,flower,1.0,7.8
2022-11-09,hongshan caitai,flower,1.0,2.5
2022-11-10,hongshan caitai,flower,1.0,2.5
2022-11-12,hongshan caitai,flower,1.0,2.0
2022-01-09,red bell pepper,capsicum,1.0,3.4
2022-01-14,red bell pepper,capsicum,1.0,3.4
2022-01-15,red bell pepper,capsicum,1.0,3.4
2022-01-19,red bell pepper,capsicum,1.0,3.4
2022-01-20,red bell pepper,capsicum,1.0,3.4
2022-01-21,red bell pepper,capsicum,1.0,3.4
2022-01-24,red bell pepper,capsicum,1.0,3.4
2022-02-11,red bell pepper,capsicum,1.0,6.5
2022-01-25,jigu,mushroom,1.0,2.3000000000000003
2022-02-08,jigu,mushroom,1.0,3.5
2022-02-09,jigu,mushroom,1.0,3.5
2022-02-10,jigu,mushroom,1.0,3.5
2022-02-11,jigu,mushroom,1.0,3.5
2022-02-12,jigu,mushroom,1.0,2.1
2022-02-14,jigu,mushroom,1.0,3.5
2022-02-15,jigu,mushroom,1.0,3.5
2022-02-16,jigu,mushroom,1.0,2.1
2022-07-15,jigu,mushroom,1.0,2.8333333333333335
2022-07-19,jigu,mushroom,1.0,3.9
2022-07-20,jigu,mushroom,1.0,2.3
2022-07-21,jigu,mushroom,1.0,3.3666666666666667
2022-07-22,jigu,mushroom,1.0,3.3666666666666667
2022-07-23,jigu,mushroom,1.0,2.5666666666666664
2022-07-24,jigu,mushroom,1.0,3.9
2022-07-25,jigu,mushroom,1.0,3.9
2022-07-26,jigu,mushroom,1.0,3.3666666666666667
2022-07-27,jigu,mushroom,1.0,3.0999999999999996
2022-07-28,jigu,mushroom,1.0,3.4428571428571426
2022-07-29,jigu,mushroom,1.0,3.0999999999999996
2022-07-30,jigu,mushroom,1.0,2.3
2022-08-01,jigu,mushroom,1.0,3.3666666666666667
2022-08-02,jigu,mushroom,1.0,2.3
2022-08-03,jigu,mushroom,1.0,3.2142857142857144
2022-08-04,jigu,mushroom,1.0,3.9
2022-08-05,jigu,mushroom,1.0,3.0999999999999996
2022-08-06,jigu,mushroom,1.0,3.9
2022-08-07,jigu,mushroom,1.0,3.1727272727272724
2022-08-08,jigu,mushroom,1.0,2.9857142857142853
2022-08-09,jigu,mushroom,1.0,3.233333333333333
2022-08-11,jigu,mushroom,1.0,3.3666666666666667
2022-08-12,jigu,mushroom,1.0,3.9000000000000004
2022-08-13,jigu,mushroom,1.0,3.5
2022-08-14,jigu,mushroom,1.0,2.9095238095238094
2022-08-15,jigu,mushroom,1.0,3.3666666666666667
2022-08-16,jigu,mushroom,1.0,3.9
2022-08-17,jigu,mushroom,1.0,3.3
2022-08-18,jigu,mushroom,1.0,3.0
2022-08-19,jigu,mushroom,1.0,3.9
2022-08-20,jigu,mushroom,1.0,3.78
2022-08-21,jigu,mushroom,1.0,3.0666666666666664
2022-08-22,jigu,mushroom,1.0,3.3
2022-08-23,jigu,mushroom,1.0,3.1
2022-08-24,jigu,mushroom,1.0,3.15
2022-08-25,jigu,mushroom,1.0,3.9
2022-08-26,jigu,mushroom,1.0,2.3
2022-08-27,jigu,mushroom,1.0,3.5
2022-08-28,jigu,mushroom,1.0,3.2142857142857144
2022-08-29,jigu,mushroom,1.0,3.1470588235294117
2022-08-30,jigu,mushroom,1.0,3.6333333333333333
2022-08-31,jigu,mushroom,1.0,3.2600000000000002
2022-09-01,jigu,mushroom,1.0,3.6999999999999997
2022-09-02,jigu,mushroom,1.0,3.1727272727272724
2022-09-03,jigu,mushroom,1.0,2.792307692307692
2022-09-04,jigu,mushroom,1.0,3.3
2022-09-05,jigu,mushroom,1.0,2.3
2022-09-06,jigu,mushroom,1.0,2.9857142857142853
2022-09-08,jigu,mushroom,1.0,2.5666666666666664
2022-09-09,jigu,mushroom,1.0,3.4199999999999995
2022-09-10,jigu,mushroom,1.0,3.9
2022-09-11,jigu,mushroom,1.0,3.9
2022-09-12,jigu,mushroom,1.0,3.9
2022-09-13,jigu,mushroom,1.0,3.027272727272727
2022-09-14,jigu,mushroom,1.0,3.9
2022-09-15,jigu,mushroom,1.0,3.9
2022-09-16,jigu,mushroom,1.0,2.62
2022-09-17,jigu,mushroom,1.0,3.9
2022-09-18,jigu,mushroom,1.0,3.4428571428571426
2022-09-21,jigu,mushroom,1.0,2.5285714285714285
2022-09-22,jigu,mushroom,1.0,3.9
2022-09-23,jigu,mushroom,1.0,3.011111111111111
2022-09-24,jigu,mushroom,1.0,3.4428571428571426
2022-09-25,jigu,mushroom,1.0,2.966666666666667
2022-09-26,jigu,mushroom,1.0,2.6999999999999997
2022-09-27,jigu,mushroom,1.0,3.9
2022-09-28,jigu,mushroom,1.0,3.2600000000000002
2022-09-29,jigu,mushroom,1.0,2.5666666666666664
2022-09-30,jigu,mushroom,1.0,3.011111111111111
2022-10-01,jigu,mushroom,1.0,3.5
2022-10-02,jigu,mushroom,1.0,3.5799999999999996
2022-10-03,jigu,mushroom,1.0,3.9
2022-10-04,jigu,mushroom,1.0,3.9
2022-10-05,jigu,mushroom,1.0,3.9
2022-10-06,jigu,mushroom,1.0,3.9
2022-10-15,jigu,mushroom,1.0,3.0384615384615383
2022-10-16,jigu,mushroom,1.0,3.9
2022-10-17,jigu,mushroom,1.0,2.8333333333333335
2022-10-18,jigu,mushroom,1.0,2.62
2022-10-19,jigu,mushroom,1.0,2.0
2022-10-20,jigu,mushroom,1.0,2.7125
2022-10-21,jigu,mushroom,1.0,3.4250000000000003
2022-10-23,jigu,mushroom,1.0,2.9857142857142853
2022-10-24,jigu,mushroom,1.0,2.3
2022-10-25,jigu,mushroom,1.0,2.15
2022-10-28,jigu,mushroom,1.0,2.6333333333333333
2022-10-29,jigu,mushroom,1.0,2.6333333333333333
2022-10-31,jigu,mushroom,1.0,2.3
2022-11-01,jigu,mushroom,1.0,2.475
2022-11-05,jigu,mushroom,1.0,3.6625
2022-02-05,fruit chili,capsicum,0.2571428571428572,39.6
2022-07-04,fruit chili,capsicum,0.19999999999999998,19.8
2022-07-05,fruit chili,capsicum,0.2,19.8
2022-07-06,fruit chili,capsicum,0.15000000000000002,19.8
2022-07-07,fruit chili,capsicum,0.16666666666666666,19.8
2022-07-08,fruit chili,capsicum,0.22000000000000003,19.8
2022-07-10,fruit chili,capsicum,0.18571428571428572,19.8
2022-07-11,fruit chili,capsicum,0.23333333333333336,19.8
2022-07-12,fruit chili,capsicum,0.16,19.8
2022-07-13,fruit chili,capsicum,0.15000000000000002,19.8
2022-07-14,fruit chili,capsicum,0.20000000000000004,19.8
2022-07-15,fruit chili,capsicum,0.26666666666666666,19.8
2022-07-16,fruit chili,capsicum,0.2,19.8
2022-07-17,fruit chili,capsicum,0.18,19.8
2022-07-18,fruit chili,capsicum,0.2,19.8
2022-02-07,green line pepper,capsicum,1.0,4.9
2022-02-08,green line pepper,capsicum,1.0,4.1
2022-02-09,green line pepper,capsicum,1.0,2.9
2022-03-04,green line pepper,capsicum,1.0,6.5
2022-03-05,green line pepper,capsicum,1.0,6.5
2022-03-06,green line pepper,capsicum,1.0,6.5
2022-03-07,green line pepper,capsicum,1.0,3.3
2022-03-08,green line pepper,capsicum,1.0,6.9
2022-03-09,green line pepper,capsicum,1.0,5.3
2022-03-10,green line pepper,capsicum,1.0,5.3
2022-03-11,green line pepper,capsicum,1.0,6.033333333333334
2022-03-12,green line pepper,capsicum,1.0,7.5
2022-03-13,green line pepper,capsicum,1.0,6.2
2022-03-14,green line pepper,capsicum,1.0,7.1000000000000005
2022-03-15,green line pepper,capsicum,1.0,6.94
2022-03-16,green line pepper,capsicum,1.0,5.1
2022-03-17,green line pepper,capsicum,1.0,4.7
2022-03-19,green line pepper,capsicum,1.0,7.900000000000001
2022-03-20,green line pepper,capsicum,1.0,7.9
2022-03-28,green line pepper,capsicum,1.0,7.9
2022-03-29,green line pepper,capsicum,1.0,7.9
2022-03-30,green line pepper,capsicum,1.0,7.9
2022-03-31,green line pepper,capsicum,1.0,5.5
2022-04-01,green line pepper,capsicum,1.0,7.1000000000000005
2022-04-02,green line pepper,capsicum,1.0,6.94
2022-04-03,green line pepper,capsicum,1.0,8.9
2022-04-04,green line pepper,capsicum,1.0,8.675
2022-04-05,green line pepper,capsicum,1.0,8.9
2022-04-06,green line pepper,capsicum,1.0,7.9
2022-04-07,green line pepper,capsicum,1.0,7.900000000000001
2022-04-08,green line pepper,capsicum,1.0,5.9799999999999995
2022-04-09,green line pepper,capsicum,1.0,6.7
2022-04-10,green line pepper,capsicum,1.0,7.9
2022-04-14,green line pepper,capsicum,1.0,7.9
2022-04-15,green line pepper,capsicum,1.0,7.9
2022-04-16,green line pepper,capsicum,1.0,7.9
2022-04-17,green line pepper,capsicum,1.0,7.9
2022-04-18,green line pepper,capsicum,1.0,6.9
2022-04-19,green line pepper,capsicum,1.0,5.220000000000001
2022-04-26,green line pepper,capsicum,1.0,3.9
2022-04-27,green line pepper,capsicum,1.0,3.4
2022-04-28,green line pepper,capsicum,1.0,3.4
2022-04-29,green line pepper,capsicum,1.0,3.4
2022-04-30,green line pepper,capsicum,1.0,3.4
2022-05-03,green line pepper,capsicum,1.0,3.9
2022-07-10,green line pepper,capsicum,1.0,2.9
2022-07-15,green line pepper,capsicum,1.0,3.9
2022-07-16,green line pepper,capsicum,1.0,3.9
2022-07-17,green line pepper,capsicum,1.0,3.3666666666666667
2022-07-18,green line pepper,capsicum,1.0,2.3
2022-07-19,green line pepper,capsicum,1.0,2.94
2022-07-20,green line pepper,capsicum,1.0,3.9
2022-07-21,green line pepper,capsicum,1.0,3.6333333333333333
2022-07-22,green line pepper,capsicum,1.0,3.6714285714285713
2022-07-23,green line pepper,capsicum,1.0,3.3666666666666663
2022-07-24,green line pepper,capsicum,1.0,3.9
2022-07-25,green line pepper,capsicum,1.0,3.9
2022-07-26,green line pepper,capsicum,1.0,3.9
2022-07-27,green line pepper,capsicum,1.0,3.9
2022-07-28,green line pepper,capsicum,1.0,3.0999999999999996
2022-07-29,green line pepper,capsicum,1.0,3.9
2022-07-30,green line pepper,capsicum,1.0,3.5
2022-07-31,green line pepper,capsicum,1.0,3.760869565217391
2022-08-01,green line pepper,capsicum,1.0,3.5
2022-08-02,green line pepper,capsicum,1.0,3.7545454545454544
2022-08-03,green line pepper,capsicum,1.0,2.94
2022-08-04,green line pepper,capsicum,1.0,3.9
2022-08-05,green line pepper,capsicum,1.0,3.5631578947368423
2022-08-06,green line pepper,capsicum,1.0,3.9
2022-08-07,green line pepper,capsicum,1.0,3.9
2022-08-08,green line pepper,capsicum,1.0,3.9
2022-08-09,green line pepper,capsicum,1.0,3.0999999999999996
2022-08-10,green line pepper,capsicum,1.0,3.8999999999999995
2022-08-11,green line pepper,capsicum,1.0,3.5
2022-08-12,green line pepper,capsicum,1.0,3.9
2022-08-13,green line pepper,capsicum,1.0,3.8157894736842106
2022-08-14,green line pepper,capsicum,1.0,3.9
2022-08-15,green line pepper,capsicum,1.0,3.9
2022-08-16,green line pepper,capsicum,1.0,3.9
2022-08-17,green line pepper,capsicum,1.0,3.375
2022-08-18,green line pepper,capsicum,1.0,3.6540540540540536
2022-08-19,green line pepper,capsicum,1.0,3.8333333333333335
2022-08-21,green line pepper,capsicum,1.0,3.8999999999999995
2022-08-22,green line pepper,capsicum,1.0,3.6
2022-08-23,green line pepper,capsicum,1.0,3.9
2022-08-24,green line pepper,capsicum,1.0,3.66
2022-08-26,green line pepper,capsicum,1.0,3.2600000000000002
2022-08-27,green line pepper,capsicum,1.0,3.9
2022-08-28,green line pepper,capsicum,1.0,3.0617647058823527
2022-08-29,green line pepper,capsicum,1.0,3.1727272727272724
2022-08-30,green line pepper,capsicum,1.0,3.9
2022-09-01,green line pepper,capsicum,1.0,3.7857142857142856
2022-09-02,green line pepper,capsicum,1.0,3.3
2022-09-03,green line pepper,capsicum,1.0,3.8157894736842106
2022-09-04,green line pepper,capsicum,1.0,3.6473684210526316
2022-09-05,green line pepper,capsicum,1.0,3.3666666666666667
2022-09-06,green line pepper,capsicum,1.0,3.4199999999999995
2022-09-07,green line pepper,capsicum,1.0,3.7857142857142856
2022-09-08,green line pepper,capsicum,1.0,4.816666666666667
2022-09-09,green line pepper,capsicum,1.0,4.364285714285715
2022-09-10,green line pepper,capsicum,1.0,4.9
2022-09-11,green line pepper,capsicum,1.0,4.9
2022-09-12,green line pepper,capsicum,1.0,4.9
2022-09-13,green line pepper,capsicum,1.0,4.9
2022-09-15,green line pepper,capsicum,1.0,4.9
2022-09-16,green line pepper,capsicum,1.0,4.358333333333333
2022-09-17,green line pepper,capsicum,1.0,4.536363636363637
2022-09-18,green line pepper,capsicum,1.0,4.733333333333333
2022-09-19,green line pepper,capsicum,1.0,4.4
2022-09-20,green line pepper,capsicum,1.0,4.9
2022-09-21,green line pepper,capsicum,1.0,4.9
2022-09-25,green line pepper,capsicum,1.0,4.9
2022-09-29,green line pepper,capsicum,1.0,4.9
2022-09-30,green line pepper,capsicum,1.0,4.9
2022-10-01,green line pepper,capsicum,1.0,3.9
2022-10-10,green line pepper,capsicum,1.0,3.9
2022-10-11,green line pepper,capsicum,1.0,3.9
2022-10-20,green line pepper,capsicum,1.0,3.9
2022-10-21,green line pepper,capsicum,1.0,3.9000000000000004
2022-10-24,green line pepper,capsicum,1.0,3.9
2022-10-25,green line pepper,capsicum,1.0,3.9
2022-10-26,green line pepper,capsicum,1.0,3.9
2022-10-30,green line pepper,capsicum,1.0,3.9
2022-11-03,green line pepper,capsicum,1.0,3.9
2022-11-05,green line pepper,capsicum,1.0,3.9
2022-11-09,green line pepper,capsicum,1.0,3.9
2022-11-10,green line pepper,capsicum,1.0,3.9
2022-11-11,green line pepper,capsicum,1.0,3.9
2022-11-12,green line pepper,capsicum,1.0,3.9
2022-11-14,green line pepper,capsicum,1.0,3.9
2022-11-15,green line pepper,capsicum,1.0,3.9
2022-11-16,green line pepper,capsicum,1.0,3.9000000000000004
2022-11-17,green line pepper,capsicum,1.0,3.4428571428571426
2022-11-18,green line pepper,capsicum,1.0,3.9000000000000004
2022-11-19,green line pepper,capsicum,1.0,3.9
2022-11-20,green line pepper,capsicum,1.0,3.9
2022-11-21,green line pepper,capsicum,1.0,3.9
2022-11-22,green line pepper,capsicum,1.0,3.9000000000000004
2022-11-23,green line pepper,capsicum,1.0,3.9
2022-11-24,green line pepper,capsicum,1.0,3.9
2022-11-25,green line pepper,capsicum,1.0,3.9
2022-11-26,green line pepper,capsicum,1.0,3.9
2022-12-04,green line pepper,capsicum,1.0,3.9
2022-12-05,green line pepper,capsicum,1.0,3.9
2022-12-08,green line pepper,capsicum,1.0,2.9
2022-12-09,green line pepper,capsicum,1.0,2.9
2022-12-10,green line pepper,capsicum,1.0,2.9
2022-12-11,green line pepper,capsicum,1.0,2.9
2022-12-12,green line pepper,capsicum,1.0,2.9
2022-12-13,green line pepper,capsicum,1.0,2.9
2022-12-14,green line pepper,capsicum,1.0,2.9
2022-12-15,green line pepper,capsicum,1.0,2.9
2022-12-21,green line pepper,capsicum,1.0,2.9
2022-12-23,green line pepper,capsicum,1.0,2.9
2022-12-24,green line pepper,capsicum,1.0,2.9
2022-12-25,green line pepper,capsicum,1.0,2.9
2022-12-26,green line pepper,capsicum,1.0,2.9
2022-12-28,green line pepper,capsicum,1.0,2.9
2022-12-29,green line pepper,capsicum,1.0,2.9
2022-12-30,green line pepper,capsicum,1.0,2.9
2022-12-31,green line pepper,capsicum,1.0,2.9
