sales_analysis/datasets/daily_mean.csv
date,item_name,category_name,quantity_sold_kg,unit_selling_price_rmb/kg
2022-02-08,green hang pepper,capsicum,1.0,3.5
2022-02-09,green hang pepper,capsicum,1.0,3.5
2022-02-10,green hang pepper,capsicum,1.0,3.5
2022-02-17,green hang pepper,capsicum,1.0,3.5
2022-02-18,green hang pepper,capsicum,1.0,2.5
2022-02-19,green hang pepper,capsicum,1.0,2.5
2022-03-03,green hang pepper,capsicum,1.0,3.5
2022-03-04,green hang pepper,capsicum,1.0,3.1666666666666665
2022-03-05,green hang pepper,capsicum,1.0,3.5
2022-03-06,green hang pepper,capsicum,1.0,3.5
2022-03-07,green hang pepper,capsicum,1.0,4.9
2022-03-08,green hang pepper,capsicum,1.0,4.9
2022-03-09,green hang pepper,capsicum,1.0,4.15
2022-03-10,green hang pepper,capsicum,1.0,3.775
2022-03-12,green hang pepper,capsicum,1.0,4.7
2022-03-13,green hang pepper,capsicum,1.0,4.9
2022-03-14,green hang pepper,capsicum,1.0,4.9
2022-03-15,green hang pepper,capsicum,1.0,4.9
2022-03-16,green hang pepper,capsicum,1.0,3.9000000000000004
2022-03-17,green hang pepper,capsicum,1.0,3.15
2022-03-21,green hang pepper,capsicum,1.0,4.9
2022-03-23,green hang pepper,capsicum,1.0,4.9
2022-03-24,green hang pepper,capsicum,1.0,4.9
2022-03-26,green hang pepper,capsicum,1.0,4.9
2022-03-27,green hang pepper,capsicum,1.0,4.9
2022-03-28,green hang pepper,capsicum,1.0,4.300000000000001
2022-03-29,green hang pepper,capsicum,1.0,3.66
2022-03-30,green hang pepper,capsicum,1.0,4.9
2022-03-31,green hang pepper,capsicum,1.0,4.3375
2022-04-01,green hang pepper,capsicum,1.0,4.1000000000000005
2022-04-02,green hang pepper,capsicum,1.0,3.7
2022-04-03,green hang pepper,capsicum,1.0,4.092307692307693
2022-04-04,green hang pepper,capsicum,1.0,4.525
2022-04-06,green hang pepper,capsicum,1.0,3.9
2022-04-07,green hang pepper,capsicum,1.0,3.1
2022-04-08,green hang pepper,capsicum,1.0,3.5
2022-04-09,green hang pepper,capsicum,1.0,3.7285714285714286
2022-04-10,green hang pepper,capsicum,1.0,3.9
2022-04-12,green hang pepper,capsicum,1.0,3.9
2022-04-13,green hang pepper,capsicum,1.0,3.9
2022-04-15,green hang pepper,capsicum,1.0,3.9
2022-04-16,green hang pepper,capsicum,1.0,3.6
2022-04-17,green hang pepper,capsicum,1.0,3.3
2022-04-19,green hang pepper,capsicum,1.0,2.9
2022-04-20,green hang pepper,capsicum,1.0,2.6
2022-04-22,green hang pepper,capsicum,1.0,2.0
2022-04-24,green hang pepper,capsicum,1.0,2.9
2022-04-25,green hang pepper,capsicum,1.0,2.9
2022-04-29,green hang pepper,capsicum,1.0,1.9
2022-06-30,green hang pepper,capsicum,1.0,2.9
2022-07-04,green hang pepper,capsicum,1.0,2.9
2022-07-06,green hang pepper,capsicum,1.0,2.9
2022-07-10,green hang pepper,capsicum,1.0,2.9
2022-07-11,green hang pepper,capsicum,1.0,2.9
2022-07-12,green hang pepper,capsicum,1.0,2.9
2022-07-13,green hang pepper,capsicum,1.0,2.0
2022-07-14,green hang pepper,capsicum,1.0,2.9
2022-07-15,green hang pepper,capsicum,1.0,2.3
2022-07-16,green hang pepper,capsicum,1.0,2.1
2022-07-18,green hang pepper,capsicum,1.0,1.7
2022-07-19,green hang pepper,capsicum,1.0,2.9
2022-07-20,green hang pepper,capsicum,1.0,2.9
2022-07-21,green hang pepper,capsicum,1.0,2.3
2022-07-22,green hang pepper,capsicum,1.0,2.3
2022-07-23,green hang pepper,capsicum,1.0,1.7
2022-07-26,green hang pepper,capsicum,1.0,2.9
2022-07-27,green hang pepper,capsicum,1.0,2.9
2022-07-28,green hang pepper,capsicum,1.0,2.9
2022-07-29,green hang pepper,capsicum,1.0,2.6999999999999997
2022-07-30,green hang pepper,capsicum,1.0,2.9
2022-07-31,green hang pepper,capsicum,1.0,2.3
2022-08-01,green hang pepper,capsicum,1.0,2.9
2022-08-02,green hang pepper,capsicum,1.0,2.9
2022-08-03,green hang pepper,capsicum,1.0,2.6
2022-08-04,green hang pepper,capsicum,1.0,2.5
2022-08-05,green hang pepper,capsicum,1.0,2.9
2022-08-06,green hang pepper,capsicum,1.0,2.2454545454545456
2022-08-07,green hang pepper,capsicum,1.0,2.5
2022-08-08,green hang pepper,capsicum,1.0,2.42
2022-08-09,green hang pepper,capsicum,1.0,2.3
2022-08-10,green hang pepper,capsicum,1.0,2.5307692307692307
2022-08-11,green hang pepper,capsicum,1.0,2.9
2022-08-12,green hang pepper,capsicum,1.0,2.728571428571428
2022-08-13,green hang pepper,capsicum,1.0,2.9
2022-08-14,green hang pepper,capsicum,1.0,2.6333333333333333
2022-08-15,green hang pepper,capsicum,1.0,2.42
2022-08-16,green hang pepper,capsicum,1.0,2.6599999999999997
2022-08-17,green hang pepper,capsicum,1.0,2.9
2022-08-18,green hang pepper,capsicum,1.25,2.9
2022-08-19,green hang pepper,capsicum,1.0,2.9
2022-08-20,green hang pepper,capsicum,1.0,2.9
2022-08-21,green hang pepper,capsicum,1.0,2.9
2022-08-22,green hang pepper,capsicum,1.0,2.9
2022-08-23,green hang pepper,capsicum,1.0,2.45
2022-08-24,green hang pepper,capsicum,1.0,2.5142857142857147
2022-08-25,green hang pepper,capsicum,1.0,2.45
2022-08-26,green hang pepper,capsicum,1.0,2.45
2022-08-28,green hang pepper,capsicum,1.0,2.316666666666667
2022-08-29,green hang pepper,capsicum,1.0,2.6333333333333333
2022-08-30,green hang pepper,capsicum,1.0,2.9
2022-09-01,green hang pepper,capsicum,1.0,2.9
2022-09-02,green hang pepper,capsicum,1.0,2.42
2022-09-03,green hang pepper,capsicum,1.0,2.6999999999999997
2022-09-04,green hang pepper,capsicum,1.0,2.3
2022-09-05,green hang pepper,capsicum,1.0,2.9
2022-09-07,green hang pepper,capsicum,1.0,2.9
2022-09-08,green hang pepper,capsicum,1.0,2.9
2022-09-09,green hang pepper,capsicum,1.0,2.0
2022-09-10,green hang pepper,capsicum,1.0,2.9
2022-09-26,green hang pepper,capsicum,1.0,4.9
2022-02-25,basil,flower,1.0,3.9
2022-03-04,basil,flower,1.0,3.9
2022-03-11,basil,flower,1.0,3.9
2022-03-14,basil,flower,1.0,3.9
2022-03-15,basil,flower,1.0,2.7
2022-03-18,basil,flower,1.0,2.0
2022-03-21,basil,flower,1.0,3.9
2022-03-26,basil,flower,1.0,3.9
2022-03-27,basil,flower,1.0,3.9
2022-03-29,basil,flower,1.0,3.9
2022-03-30,basil,flower,1.0,3.9
2022-04-01,basil,flower,1.0,3.9
2022-04-05,basil,flower,1.0,3.9
2022-04-06,basil,flower,1.0,3.9
2022-04-07,basil,flower,1.0,3.9
2022-04-08,basil,flower,1.0,3.9
2022-04-09,basil,flower,1.0,3.9
2022-04-10,basil,flower,1.0,3.9
2022-04-11,basil,flower,1.0,3.9
2022-04-12,basil,flower,1.0,3.9
2022-04-14,basil,flower,1.0,3.3
2022-04-16,basil,flower,1.0,3.9
2022-04-19,basil,flower,1.0,3.9
2022-04-21,basil,flower,1.0,3.5
2022-04-22,basil,flower,1.0,3.9
2022-04-23,basil,flower,1.0,3.9
2022-04-24,basil,flower,1.0,3.9
2022-04-29,basil,flower,1.0,3.9
2022-06-16,basil,flower,1.0,3.9
2022-06-21,basil,flower,1.0,3.9
2022-06-25,basil,flower,1.0,3.9
2022-06-29,basil,flower,1.0,2.3
2022-07-02,basil,flower,1.0,3.9
2022-03-01,malan head,flower,0.10000000000000002,25.8
2022-03-02,malan head,flower,0.1,49.6
2022-03-03,malan head,flower,0.1,49.6
2022-03-06,malan head,flower,0.1,49.6
2022-03-10,malan head,flower,0.2,49.6
2022-03-11,malan head,flower,0.1,49.6
2022-03-20,malan head,flower,0.1,49.6
2022-03-21,malan head,flower,0.1,49.6
2022-03-22,malan head,flower,0.1,49.6
2022-03-25,malan head,flower,0.1,49.6
2022-03-28,malan head,flower,0.1,49.6
2022-03-29,malan head,flower,0.1,49.6
2022-04-06,malan head,flower,0.2,49.6
2022-04-14,malan head,flower,0.1,49.6
2022-03-08,wandoujian,flower,0.1,25.8
2022-03-11,wandoujian,flower,0.1,25.8
2022-03-16,wandoujian,flower,0.18,25.8
2022-03-18,wandoujian,flower,0.1,25.8
2022-03-19,wandoujian,flower,0.11538461538461539,25.800000000000004
2022-03-20,wandoujian,flower,0.12307692307692308,19.800000000000004
2022-03-21,wandoujian,flower,0.12631578947368421,19.8
2022-03-22,wandoujian,flower,0.15555555555555556,19.8
2022-03-23,wandoujian,flower,0.1111111111111111,19.8
2022-03-24,wandoujian,flower,0.1,19.8
2022-03-25,wandoujian,flower,0.15714285714285717,19.8
2022-03-26,wandoujian,flower,0.16,19.8
2022-11-19,wandoujian,flower,0.20500000000000002,16.0
2022-11-20,wandoujian,flower,0.22307692307692312,16.0
2022-11-21,wandoujian,flower,0.32083333333333336,16.0
2022-11-22,wandoujian,flower,0.1,16.0
2022-12-09,wandoujian,flower,0.1142857142857143,16.0
2022-12-10,wandoujian,flower,0.1142857142857143,16.0
2022-12-16,wandoujian,flower,0.2,18.0
2022-12-17,wandoujian,flower,0.2,18.0
2022-12-21,wandoujian,flower,0.2,19.8
2022-12-22,wandoujian,flower,0.3,19.8
2022-12-26,wandoujian,flower,0.17777777777777778,19.8
2022-03-13,fresh sea,mushroom,0.20000000000000004,16.0
2022-03-14,fresh sea,mushroom,0.275,16.0
2022-03-15,fresh sea,mushroom,0.3,16.0
2022-03-16,fresh sea,mushroom,0.3,12.799999999999999
2022-03-17,fresh sea,mushroom,0.3,16.0
2022-03-18,fresh sea,mushroom,0.3,12.0
2022-03-19,fresh sea,mushroom,0.3,16.0
2022-03-21,fresh sea,mushroom,0.3,16.0
2022-03-22,fresh sea,mushroom,0.3,15.040000000000001
2022-03-23,fresh sea,mushroom,0.3,12.399999999999999
2022-03-24,fresh sea,mushroom,0.3,16.0
2022-03-25,fresh sea,mushroom,0.3,15.040000000000001
2022-03-26,fresh sea,mushroom,0.275,12.8
2022-03-27,fresh sea,mushroom,0.27999999999999997,14.080000000000002
2022-03-28,fresh sea,mushroom,0.2,16.0
2022-03-29,fresh sea,mushroom,0.25,9.6
2022-03-30,fresh sea,mushroom,0.25,16.0
2022-03-31,fresh sea,mushroom,0.2,16.0
2022-04-01,fresh sea,mushroom,0.275,14.8
2022-04-02,fresh sea,mushroom,0.275,14.8
2022-04-04,fresh sea,mushroom,0.275,16.0
2022-04-05,fresh sea,mushroom,0.3,16.0
2022-04-06,fresh sea,mushroom,0.2333333333333333,12.799999999999999
2022-04-07,fresh sea,mushroom,0.2,16.0
2022-04-08,fresh sea,mushroom,0.20000000000000004,11.199999999999998
2022-04-09,fresh sea,mushroom,0.21111111111111114,16.0
2022-04-10,fresh sea,mushroom,0.2333333333333333,12.799999999999999
2022-04-11,fresh sea,mushroom,0.2,13.6
2022-04-12,fresh sea,mushroom,0.3,16.0
2022-04-13,fresh sea,mushroom,0.2625,12.8
2022-04-15,fresh sea,mushroom,0.29,16.0
2022-04-16,fresh sea,mushroom,0.29230769230769227,13.415384615384616
2022-04-17,fresh sea,mushroom,0.2875,13.6
2022-04-18,fresh sea,mushroom,0.2833333333333333,16.0
2022-04-19,fresh sea,mushroom,0.2636363636363636,13.381818181818181
2022-04-20,fresh sea,mushroom,0.3,12.639999999999999
2022-04-21,fresh sea,mushroom,0.3,11.199999999999998
2022-04-24,fresh sea,mushroom,0.20000000000000004,15.200000000000001
2022-04-25,fresh sea,mushroom,0.2,11.2
2022-04-26,fresh sea,mushroom,0.26666666666666666,16.0
2022-04-27,fresh sea,mushroom,0.3,11.733333333333334
2022-04-28,fresh sea,mushroom,0.26,14.719999999999999
2022-04-29,fresh sea,mushroom,0.2714285714285714,15.314285714285715
2022-03-13,yuxingcao ,flower,0.2,12.0
2022-03-14,yuxingcao ,flower,0.2,12.0
2022-03-15,yuxingcao ,flower,0.3,12.0
2022-03-18,yuxingcao ,flower,0.20000000000000004,12.0
2022-03-19,yuxingcao ,flower,0.2,12.0
2022-03-21,yuxingcao ,flower,0.25,12.0
2022-03-22,yuxingcao ,flower,0.2,12.0
2022-03-24,yuxingcao ,flower,0.2,12.0
2022-03-27,yuxingcao ,flower,0.16666666666666666,12.0
2022-03-29,yuxingcao ,flower,0.1,12.0
2022-03-30,yuxingcao ,flower,0.15000000000000002,12.0
2022-03-31,yuxingcao ,flower,0.3,12.0
2022-04-01,yuxingcao ,flower,0.25,12.0
2022-04-02,yuxingcao ,flower,0.32,12.0
2022-04-03,yuxingcao ,flower,0.2571428571428572,10.971428571428572
2022-04-04,yuxingcao ,flower,0.2,12.0
2022-04-05,yuxingcao ,flower,0.2285714285714286,12.0
2022-04-06,yuxingcao ,flower,0.35,12.0
2022-04-07,yuxingcao ,flower,0.3,12.0
2022-04-08,yuxingcao ,flower,0.4,12.0
2022-04-09,yuxingcao ,flower,0.35000000000000003,12.0
2022-04-10,yuxingcao ,flower,0.3666666666666667,12.0
2022-04-12,yuxingcao ,flower,0.32,11.28
2022-04-13,yuxingcao ,flower,0.3375,11.55
2022-04-16,yuxingcao ,flower,0.3,12.0
2022-04-17,yuxingcao ,flower,0.4,10.2
2022-04-18,yuxingcao ,flower,0.4,8.4
2022-04-19,yuxingcao ,flower,0.3,12.0
2022-04-20,yuxingcao ,flower,0.3,12.0
2022-04-21,yuxingcao ,flower,0.425,10.2
2022-04-27,yuxingcao ,flower,0.3666666666666667,12.0
2022-03-15,xixia xianggu mushroom,mushroom,0.2,19.8
2022-03-16,xixia xianggu mushroom,mushroom,0.21428571428571427,19.8
2022-03-18,xixia xianggu mushroom,mushroom,0.2,9.9
2022-03-21,xixia xianggu mushroom,mushroom,0.25,19.8
2022-03-22,xixia xianggu mushroom,mushroom,0.2,19.8
2022-08-16,xixia xianggu mushroom,mushroom,0.2,21.6
2022-08-17,xixia xianggu mushroom,mushroom,0.20000000000000004,18.89166666666667
2022-08-18,xixia xianggu mushroom,mushroom,0.20000000000000004,18.35
2022-08-19,xixia xianggu mushroom,mushroom,0.2,21.6
2022-08-20,xixia xianggu mushroom,mushroom,0.20740740740740743,20.15555555555556
2022-08-21,xixia xianggu mushroom,mushroom,0.2,21.6
2022-08-22,xixia xianggu mushroom,mushroom,0.2,21.6
2022-08-23,xixia xianggu mushroom,mushroom,0.2,19.1625
2022-08-24,xixia xianggu mushroom,mushroom,0.2,19.84375
2022-08-25,xixia xianggu mushroom,mushroom,0.2057142857142857,20.982857142857146
2022-08-26,xixia xianggu mushroom,mushroom,0.18421052631578946,17.978947368421053
2022-08-27,xixia xianggu mushroom,mushroom,0.18823529411764706,20.96764705882353
2022-08-28,xixia xianggu mushroom,mushroom,0.25263157894736843,21.6
2022-08-29,xixia xianggu mushroom,mushroom,0.2,19.356521739130436
2022-08-30,xixia xianggu mushroom,mushroom,0.19130434782608696,21.22608695652174
2022-08-31,xixia xianggu mushroom,mushroom,0.2,21.6
2022-09-01,xixia xianggu mushroom,mushroom,0.2,22.741176470588236
2022-09-02,xixia xianggu mushroom,mushroom,0.2,25.8
2022-09-03,xixia xianggu mushroom,mushroom,0.21000000000000002,20.6
2022-09-04,xixia xianggu mushroom,mushroom,0.2119402985074627,25.17910447761194
2022-09-05,xixia xianggu mushroom,mushroom,0.20606060606060606,25.8
2022-09-06,xixia xianggu mushroom,mushroom,0.25,20.6
2022-09-07,xixia xianggu mushroom,mushroom,0.2222222222222222,24.62222222222222
2022-09-08,xixia xianggu mushroom,mushroom,0.24117647058823527,23.341176470588238
2022-09-09,xixia xianggu mushroom,mushroom,0.2326530612244898,24.951020408163266
2022-09-10,xixia xianggu mushroom,mushroom,0.2323076923076923,25.8
2022-09-11,xixia xianggu mushroom,mushroom,0.20800000000000002,25.8
2022-09-12,xixia xianggu mushroom,mushroom,0.20400000000000001,25.8
2022-09-13,xixia xianggu mushroom,mushroom,0.20833333333333334,22.766666666666666
2022-09-14,xixia xianggu mushroom,mushroom,0.2,21.799999999999997
2022-09-15,xixia xianggu mushroom,mushroom,0.2,25.8
2022-09-16,xixia xianggu mushroom,mushroom,0.225,21.900000000000002
2022-09-17,xixia xianggu mushroom,mushroom,0.20967741935483872,23.116129032258065
2022-09-18,xixia xianggu mushroom,mushroom,0.2018867924528302,22.856603773584908
2022-09-19,xixia xianggu mushroom,mushroom,0.22083333333333333,25.8
2022-09-20,xixia xianggu mushroom,mushroom,0.21086956521739134,25.8
2022-09-21,xixia xianggu mushroom,mushroom,0.22745098039215686,22.903921568627453
2022-09-22,xixia xianggu mushroom,mushroom,0.19,23.6
2022-09-23,xixia xianggu mushroom,mushroom,0.2,23.6
2022-09-24,xixia xianggu mushroom,mushroom,0.20294117647058824,21.094117647058823
2022-09-25,xixia xianggu mushroom,mushroom,0.20952380952380953,23.6
2022-09-26,xixia xianggu mushroom,mushroom,0.20714285714285716,20.242857142857144
2022-09-27,xixia xianggu mushroom,mushroom,0.2222222222222222,21.6
2022-09-28,xixia xianggu mushroom,mushroom,0.21052631578947367,21.147368421052633
2022-09-29,xixia xianggu mushroom,mushroom,0.21600000000000003,21.6
2022-09-30,xixia xianggu mushroom,mushroom,0.2,21.6
2022-10-01,xixia xianggu mushroom,mushroom,0.21774193548387097,19.8
2022-10-02,xixia xianggu mushroom,mushroom,0.2,19.8
2022-10-03,xixia xianggu mushroom,mushroom,0.21034482758620693,19.8
2022-10-04,xixia xianggu mushroom,mushroom,0.2672727272727273,19.8
2022-10-05,xixia xianggu mushroom,mushroom,0.24555555555555558,19.782222222222224
2022-10-06,xixia xianggu mushroom,mushroom,0.27686567164179104,19.8
2022-10-07,xixia xianggu mushroom,mushroom,0.22321428571428573,19.65892857142857
2022-10-08,xixia xianggu mushroom,mushroom,0.21333333333333335,19.8
2022-10-09,xixia xianggu mushroom,mushroom,0.2,21.6
2022-10-10,xixia xianggu mushroom,mushroom,0.2,21.6
2022-10-11,xixia xianggu mushroom,mushroom,0.21250000000000002,21.6
2022-10-12,xixia xianggu mushroom,mushroom,0.23333333333333334,21.6
2022-10-13,xixia xianggu mushroom,mushroom,0.21875,21.6
2022-10-14,xixia xianggu mushroom,mushroom,0.20952380952380953,21.6
2022-10-15,xixia xianggu mushroom,mushroom,0.20317460317460317,21.6
2022-10-16,xixia xianggu mushroom,mushroom,0.2138888888888889,21.6
2022-11-09,xixia xianggu mushroom,mushroom,0.3,18.0
2022-12-17,xixia xianggu mushroom,mushroom,0.3,15.0
