sales_analysis/datasets/daily_mean.csv
date,item_name,category_name,quantity_sold_kg,unit_selling_price_rmb/kg
2022-03-16,ginger and xiaomijiao mix,capsicum,1.0,3.5
2022-03-17,ginger and xiaomijiao mix,capsicum,1.0,3.5
2022-03-18,ginger and xiaomijiao mix,capsicum,1.0,3.5
2022-03-19,ginger and xiaomijiao mix,capsicum,1.0,3.5
2022-03-21,ginger and xiaomijiao mix,capsicum,1.0,3.5
2022-03-22,ginger and xiaomijiao mix,capsicum,1.0,3.5
2022-03-23,ginger and xiaomijiao mix,capsicum,1.0,3.5
2022-03-24,ginger and xiaomijiao mix,capsicum,1.0,4.9
2022-03-25,ginger and xiaomijiao mix,capsicum,1.0,4.9
2022-03-26,ginger and xiaomijiao mix,capsicum,1.0,4.9
2022-03-27,ginger and xiaomijiao mix,capsicum,1.0,4.9
2022-03-29,ginger and xiaomijiao mix,capsicum,1.0,4.9
2022-03-30,ginger and xiaomijiao mix,capsicum,1.0,4.9
2022-03-31,ginger and xiaomijiao mix,capsicum,1.0,4.9
2022-04-02,ginger and xiaomijiao mix,capsicum,1.0,4.9
2022-04-05,ginger and xiaomijiao mix,capsicum,1.0,4.9
2022-04-06,ginger and xiaomijiao mix,capsicum,1.0,4.9
2022-04-07,ginger and xiaomijiao mix,capsicum,1.0,4.9
2022-04-08,ginger and xiaomijiao mix,capsicum,1.0,4.9
2022-04-09,ginger and xiaomijiao mix,capsicum,1.0,4.9
2022-04-10,ginger and xiaomijiao mix,capsicum,1.0,4.9
2022-04-12,ginger and xiaomijiao mix,capsicum,1.0,4.9
2022-04-13,ginger and xiaomijiao mix,capsicum,1.0,4.9
2022-04-14,ginger and xiaomijiao mix,capsicum,1.0,4.9
2022-04-15,ginger and xiaomijiao mix,capsicum,1.0,4.9
2022-04-16,ginger and xiaomijiao mix,capsicum,1.0,4.9
2022-04-17,ginger and xiaomijiao mix,capsicum,1.0,4.9
2022-04-18,ginger and xiaomijiao mix,capsicum,1.0,4.9
2022-04-20,ginger and xiaomijiao mix,capsicum,1.0,4.9
2022-04-23,ginger and xiaomijiao mix,capsicum,1.0,4.9
2022-04-24,ginger and xiaomijiao mix,capsicum,1.0,4.9
2022-04-26,ginger and xiaomijiao mix,capsicum,1.0,4.9
2022-04-27,ginger and xiaomijiao mix,capsicum,1.0,4.9
2022-04-28,ginger and xiaomijiao mix,capsicum,1.0,4.9
2022-04-29,ginger and xiaomijiao mix,capsicum,1.0,4.9
2022-07-15,ginger and xiaomijiao mix,capsicum,1.0,3.9
2022-07-17,ginger and xiaomijiao mix,capsicum,1.0,3.3666666666666667
2022-07-18,ginger and xiaomijiao mix,capsicum,1.0,3.9
2022-07-19,ginger and xiaomijiao mix,capsicum,1.0,2.3
2022-07-20,ginger and xiaomijiao mix,capsicum,1.0,3.3666666666666667
2022-07-22,ginger and xiaomijiao mix,capsicum,1.0,3.9
2022-07-23,ginger and xiaomijiao mix,capsicum,1.0,3.2600000000000002
2022-07-24,ginger and xiaomijiao mix,capsicum,1.0,3.9
2022-07-25,ginger and xiaomijiao mix,capsicum,1.0,3.3666666666666667
2022-07-26,ginger and xiaomijiao mix,capsicum,1.0,2.3
2022-07-27,ginger and xiaomijiao mix,capsicum,1.0,3.9
2022-07-28,ginger and xiaomijiao mix,capsicum,1.0,3.9
2022-07-29,ginger and xiaomijiao mix,capsicum,1.0,3.7399999999999998
2022-07-30,ginger and xiaomijiao mix,capsicum,1.0,3.3666666666666667
2022-07-31,ginger and xiaomijiao mix,capsicum,1.0,3.9
2022-08-01,ginger and xiaomijiao mix,capsicum,1.0,2.3
2022-08-02,ginger and xiaomijiao mix,capsicum,1.0,3.9
2022-08-03,ginger and xiaomijiao mix,capsicum,1.0,3.5
2022-08-04,ginger and xiaomijiao mix,capsicum,1.0,3.6714285714285713
2022-08-05,ginger and xiaomijiao mix,capsicum,1.0,3.3
2022-08-06,ginger and xiaomijiao mix,capsicum,1.0,3.5799999999999996
2022-08-07,ginger and xiaomijiao mix,capsicum,1.0,3.5799999999999996
2022-08-08,ginger and xiaomijiao mix,capsicum,1.0,3.5799999999999996
2022-08-09,ginger and xiaomijiao mix,capsicum,1.0,3.9
2022-08-10,ginger and xiaomijiao mix,capsicum,1.0,2.3
2022-08-11,ginger and xiaomijiao mix,capsicum,1.0,3.9
2022-08-12,ginger and xiaomijiao mix,capsicum,1.0,3.9
2022-08-13,ginger and xiaomijiao mix,capsicum,1.0,3.9
2022-08-14,ginger and xiaomijiao mix,capsicum,1.0,3.9
2022-08-15,ginger and xiaomijiao mix,capsicum,1.0,3.5799999999999996
2022-08-16,ginger and xiaomijiao mix,capsicum,1.0,2.78
2022-08-17,ginger and xiaomijiao mix,capsicum,1.0,3.0999999999999996
2022-08-18,ginger and xiaomijiao mix,capsicum,1.0,3.7285714285714286
2022-08-19,ginger and xiaomijiao mix,capsicum,1.0,3.9
2022-08-20,ginger and xiaomijiao mix,capsicum,1.0,3.3545454545454545
2022-08-21,ginger and xiaomijiao mix,capsicum,1.0,3.9
2022-08-22,ginger and xiaomijiao mix,capsicum,1.0,3.9
2022-08-23,ginger and xiaomijiao mix,capsicum,1.0,3.9
2022-08-24,ginger and xiaomijiao mix,capsicum,1.0,3.9
2022-08-25,ginger and xiaomijiao mix,capsicum,1.0,3.9
2022-08-26,ginger and xiaomijiao mix,capsicum,1.0,3.9
2022-08-27,ginger and xiaomijiao mix,capsicum,1.0,3.9
2022-08-28,ginger and xiaomijiao mix,capsicum,1.0,3.9
2022-08-29,ginger and xiaomijiao mix,capsicum,1.0,2.3
2022-08-30,ginger and xiaomijiao mix,capsicum,1.0,2.5
2022-09-01,ginger and xiaomijiao mix,capsicum,1.0,3.9
2022-09-02,ginger and xiaomijiao mix,capsicum,1.0,3.9
2022-09-03,ginger and xiaomijiao mix,capsicum,1.0,3.9
2022-09-04,ginger and xiaomijiao mix,capsicum,1.0,3.9
2022-09-05,ginger and xiaomijiao mix,capsicum,1.0,3.9
2022-09-06,ginger and xiaomijiao mix,capsicum,1.0,3.3666666666666667
2022-09-07,ginger and xiaomijiao mix,capsicum,1.0,3.3666666666666667
2022-09-08,ginger and xiaomijiao mix,capsicum,1.0,2.8333333333333335
2022-09-09,ginger and xiaomijiao mix,capsicum,1.0,3.66
2022-09-10,ginger and xiaomijiao mix,capsicum,1.0,3.8999999999999995
2022-09-11,ginger and xiaomijiao mix,capsicum,1.0,3.9
2022-09-12,ginger and xiaomijiao mix,capsicum,1.0,3.9
2022-09-13,ginger and xiaomijiao mix,capsicum,1.0,3.9
2022-09-14,ginger and xiaomijiao mix,capsicum,1.0,3.9
2022-09-15,ginger and xiaomijiao mix,capsicum,1.0,3.9
2022-09-16,ginger and xiaomijiao mix,capsicum,1.0,3.6333333333333333
2022-09-17,ginger and xiaomijiao mix,capsicum,1.0,3.9
2022-09-18,ginger and xiaomijiao mix,capsicum,1.0,3.9
2022-09-19,ginger and xiaomijiao mix,capsicum,1.0,3.9
2022-09-20,ginger and xiaomijiao mix,capsicum,1.0,3.3666666666666667
2022-09-21,ginger and xiaomijiao mix,capsicum,1.0,3.9
2022-09-22,ginger and xiaomijiao mix,capsicum,1.0,3.9
2022-09-23,ginger and xiaomijiao mix,capsicum,1.0,3.3666666666666667
2022-09-24,ginger and xiaomijiao mix,capsicum,1.0,3.9
2022-09-25,ginger and xiaomijiao mix,capsicum,1.0,3.0999999999999996
2022-09-26,ginger and xiaomijiao mix,capsicum,1.0,3.9
2022-09-27,ginger and xiaomijiao mix,capsicum,1.0,2.8333333333333335
2022-09-28,ginger and xiaomijiao mix,capsicum,1.0,2.7
2022-09-29,ginger and xiaomijiao mix,capsicum,1.0,3.1
2022-09-30,ginger and xiaomijiao mix,capsicum,1.0,3.6
2022-10-01,ginger and xiaomijiao mix,capsicum,1.0,3.9000000000000004
2022-10-02,ginger and xiaomijiao mix,capsicum,1.0,3.5799999999999996
2022-10-03,ginger and xiaomijiao mix,capsicum,1.0,3.2363636363636363
2022-10-04,ginger and xiaomijiao mix,capsicum,1.0,3.1999999999999997
2022-10-05,ginger and xiaomijiao mix,capsicum,1.0,3.9
2022-10-06,ginger and xiaomijiao mix,capsicum,1.0,3.9000000000000004
2022-10-07,ginger and xiaomijiao mix,capsicum,1.0,3.9000000000000004
2022-10-08,ginger and xiaomijiao mix,capsicum,1.0,3.6714285714285713
2022-10-09,ginger and xiaomijiao mix,capsicum,1.0,3.9
2022-10-10,ginger and xiaomijiao mix,capsicum,1.0,3.5799999999999996
2022-10-11,ginger and xiaomijiao mix,capsicum,1.0,2.4166666666666665
2022-10-12,ginger and xiaomijiao mix,capsicum,1.0,3.0555555555555554
2022-10-13,ginger and xiaomijiao mix,capsicum,1.0,3.1875
2022-10-14,ginger and xiaomijiao mix,capsicum,1.0,3.9
2022-10-15,ginger and xiaomijiao mix,capsicum,1.0,3.9
2022-10-16,ginger and xiaomijiao mix,capsicum,1.0,2.5846153846153848
2022-10-17,ginger and xiaomijiao mix,capsicum,1.0,2.95
2022-10-18,ginger and xiaomijiao mix,capsicum,1.0,2.0
2022-10-19,ginger and xiaomijiao mix,capsicum,1.0,2.0
2022-10-20,ginger and xiaomijiao mix,capsicum,1.0,2.0
2022-10-21,ginger and xiaomijiao mix,capsicum,1.0,3.9
2022-10-22,ginger and xiaomijiao mix,capsicum,1.0,3.9
2022-10-23,ginger and xiaomijiao mix,capsicum,1.0,3.9
2022-10-24,ginger and xiaomijiao mix,capsicum,1.0,3.9
2022-10-25,ginger and xiaomijiao mix,capsicum,1.0,2.0
2022-10-26,ginger and xiaomijiao mix,capsicum,1.0,3.266666666666667
2022-10-27,ginger and xiaomijiao mix,capsicum,1.0,3.9
2022-10-28,ginger and xiaomijiao mix,capsicum,1.0,2.95
2022-10-29,ginger and xiaomijiao mix,capsicum,1.0,2.6333333333333333
2022-10-30,ginger and xiaomijiao mix,capsicum,1.0,3.5200000000000005
2022-10-31,ginger and xiaomijiao mix,capsicum,1.0,2.95
2022-11-01,ginger and xiaomijiao mix,capsicum,1.0,2.6333333333333333
2022-11-03,ginger and xiaomijiao mix,capsicum,1.0,3.9
2022-11-05,ginger and xiaomijiao mix,capsicum,1.0,2.95
2022-11-06,ginger and xiaomijiao mix,capsicum,1.0,3.5833333333333335
2022-11-07,ginger and xiaomijiao mix,capsicum,1.0,3.6714285714285713
2022-11-08,ginger and xiaomijiao mix,capsicum,1.0,2.5599999999999996
2022-11-09,ginger and xiaomijiao mix,capsicum,1.0,3.0999999999999996
2022-11-10,ginger and xiaomijiao mix,capsicum,1.0,3.5
2022-11-11,ginger and xiaomijiao mix,capsicum,1.0,3.2600000000000002
2022-11-12,ginger and xiaomijiao mix,capsicum,1.0,3.609090909090909
2022-11-13,ginger and xiaomijiao mix,capsicum,1.0,3.9
2022-11-14,ginger and xiaomijiao mix,capsicum,1.0,3.5
2022-11-15,ginger and xiaomijiao mix,capsicum,1.0,3.1888888888888887
2022-11-16,ginger and xiaomijiao mix,capsicum,1.0,3.7545454545454544
2022-11-17,ginger and xiaomijiao mix,capsicum,1.0,3.9
2022-11-18,ginger and xiaomijiao mix,capsicum,1.0,3.0999999999999996
2022-11-19,ginger and xiaomijiao mix,capsicum,1.0,3.824
2022-11-20,ginger and xiaomijiao mix,capsicum,1.0,3.9
2022-11-21,ginger and xiaomijiao mix,capsicum,1.0,3.6866666666666665
2022-11-23,ginger and xiaomijiao mix,capsicum,1.0,3.9
2022-11-24,ginger and xiaomijiao mix,capsicum,1.0,3.9
2022-11-25,ginger and xiaomijiao mix,capsicum,1.0,3.9
2022-11-26,ginger and xiaomijiao mix,capsicum,1.0,3.9
2022-12-04,ginger and xiaomijiao mix,capsicum,1.0,3.9
2022-12-05,ginger and xiaomijiao mix,capsicum,1.0,3.9
2022-12-06,ginger and xiaomijiao mix,capsicum,1.0,3.9
2022-12-07,ginger and xiaomijiao mix,capsicum,1.0,3.9
2022-12-08,ginger and xiaomijiao mix,capsicum,1.0,3.9
2022-12-09,ginger and xiaomijiao mix,capsicum,1.0,3.9
2022-12-10,ginger and xiaomijiao mix,capsicum,1.0,3.9
2022-12-11,ginger and xiaomijiao mix,capsicum,1.0,3.9
2022-12-12,ginger and xiaomijiao mix,capsicum,1.0,3.3666666666666667
2022-12-13,ginger and xiaomijiao mix,capsicum,1.0,3.3666666666666667
2022-12-14,ginger and xiaomijiao mix,capsicum,1.0,3.9
2022-12-15,ginger and xiaomijiao mix,capsicum,1.0,3.609090909090909
2022-12-16,ginger and xiaomijiao mix,capsicum,1.0,3.9000000000000004
2022-12-17,ginger and xiaomijiao mix,capsicum,1.0,3.9
2022-12-18,ginger and xiaomijiao mix,capsicum,1.0,3.9
2022-12-19,ginger and xiaomijiao mix,capsicum,1.0,3.9
2022-12-20,ginger and xiaomijiao mix,capsicum,1.0,3.9
2022-12-21,ginger and xiaomijiao mix,capsicum,1.0,3.9
2022-12-22,ginger and xiaomijiao mix,capsicum,1.0,3.9
2022-12-23,ginger and xiaomijiao mix,capsicum,1.0,3.9
2022-12-24,ginger and xiaomijiao mix,capsicum,1.0,3.9
2022-12-25,ginger and xiaomijiao mix,capsicum,1.0,3.9
2022-12-26,ginger and xiaomijiao mix,capsicum,1.0,3.6714285714285713
2022-12-27,ginger and xiaomijiao mix,capsicum,1.0,3.9
2022-12-28,ginger and xiaomijiao mix,capsicum,1.0,3.5799999999999996
2022-12-29,ginger and xiaomijiao mix,capsicum,1.0,3.3666666666666667
2022-12-30,ginger and xiaomijiao mix,capsicum,1.0,3.3666666666666667
2022-12-31,ginger and xiaomijiao mix,capsicum,1.0,3.5
2022-03-24,chuncai,flower,0.6,6.0
2022-03-25,chuncai,flower,0.5333333333333333,6.0
2022-03-26,chuncai,flower,0.42500000000000004,6.0
2022-03-27,chuncai,flower,0.55,6.0
2022-03-29,chuncai,flower,0.5,6.0
2022-03-31,chuncai,flower,0.4,7.0
2022-04-04,chuncai,flower,0.6,7.0
2022-04-05,chuncai,flower,0.5,7.0
2022-04-06,chuncai,flower,0.3,7.0
2022-04-08,chuncai,flower,0.4,8.0
2022-04-09,chuncai,flower,0.5,8.0
2022-04-10,chuncai,flower,0.8,8.0
2022-04-11,chuncai,flower,0.45,8.0
2022-04-13,chuncai,flower,1.0,8.0
2022-04-14,chuncai,flower,0.6,8.0
2022-04-15,chuncai,flower,0.8,8.0
2022-04-17,chuncai,flower,0.5,8.0
2022-04-18,chuncai,flower,0.95,8.0
2022-04-19,chuncai,flower,2.1,8.0
2022-04-24,chuncai,flower,0.6,8.0
2022-04-25,chuncai,flower,0.4,8.0
2022-05-01,chuncai,flower,0.6,8.0
2022-04-16,sophora japonica,flower,0.15000000000000002,31.6
2022-04-17,sophora japonica,flower,0.15000000000000002,31.6
2022-04-25,sophora japonica,flower,0.2,31.6
2022-04-27,sophora japonica,flower,0.2,19.8
2022-04-28,sophora japonica,flower,0.30000000000000004,16.0
2022-05-01,sophora japonica,flower,0.39999999999999997,16.0
2022-05-02,sophora japonica,flower,0.35,16.0
2022-05-03,sophora japonica,flower,0.1,16.0
2022-05-04,sophora japonica,flower,0.19999999999999998,16.0
2022-05-06,sophora japonica,flower,0.15000000000000002,21.6
2022-05-07,sophora japonica,flower,0.2,21.6
2022-05-08,sophora japonica,flower,0.2,21.6
2022-05-09,sophora japonica,flower,0.4666666666666666,21.600000000000005
2022-05-10,sophora japonica,flower,0.1,21.6
2022-05-05,red lotus root zone,aquatic,0.3,10.0
2022-05-06,red lotus root zone,aquatic,0.3,10.0
2022-05-07,red lotus root zone,aquatic,0.3,12.0
2022-05-08,red lotus root zone,aquatic,0.2333333333333333,12.0
2022-05-10,red lotus root zone,aquatic,0.4,12.0
2022-05-11,red lotus root zone,aquatic,0.2,12.0
2022-05-12,red lotus root zone,aquatic,0.2,12.0
2022-05-14,red lotus root zone,aquatic,0.3,12.0
2022-05-16,red lotus root zone,aquatic,0.3,12.0
2022-05-17,red lotus root zone,aquatic,0.2,12.0
2022-05-27,red lotus root zone,aquatic,0.35,12.0
2022-05-28,red lotus root zone,aquatic,0.4,12.0
2022-06-02,red lotus root zone,aquatic,0.4,10.0
2022-06-03,red lotus root zone,aquatic,0.44999999999999996,10.0
2022-06-07,red lotus root zone,aquatic,0.4,10.0
2022-06-08,red lotus root zone,aquatic,0.3666666666666667,10.0
2022-06-09,red lotus root zone,aquatic,0.3,10.0
2022-06-10,red lotus root zone,aquatic,0.5,10.0
2022-06-11,red lotus root zone,aquatic,0.3,10.0
2022-06-12,red lotus root zone,aquatic,0.3333333333333333,10.0
2022-06-13,red lotus root zone,aquatic,0.4,10.0
2022-06-14,red lotus root zone,aquatic,0.3666666666666667,10.0
2022-06-15,red lotus root zone,aquatic,0.30000000000000004,10.0
2022-06-16,red lotus root zone,aquatic,0.2,10.0
2022-06-17,red lotus root zone,aquatic,0.32,10.0
2022-06-18,red lotus root zone,aquatic,0.275,10.0
2022-06-19,red lotus root zone,aquatic,0.3,10.0
2022-06-21,red lotus root zone,aquatic,0.26666666666666666,10.0
2022-06-22,red lotus root zone,aquatic,0.2,10.0
2022-06-23,red lotus root zone,aquatic,0.3,10.0
2022-06-24,red lotus root zone,aquatic,0.2,10.0
2022-06-25,red lotus root zone,aquatic,0.2,10.0
2022-06-26,red lotus root zone,aquatic,0.3333333333333333,10.0
2022-06-27,red lotus root zone,aquatic,0.30000000000000004,10.0
2022-06-28,red lotus root zone,aquatic,0.1,10.0
2022-05-22,xianzongye,flower,0.25,19.8
2022-05-23,xianzongye,flower,0.26666666666666666,19.8
2022-05-24,xianzongye,flower,0.26666666666666666,19.8
2022-05-25,xianzongye,flower,0.26666666666666666,19.8
2022-05-26,xianzongye,flower,0.2,19.8
2022-05-28,xianzongye,flower,0.16666666666666666,19.8
2022-05-29,xianzongye,flower,0.26666666666666666,19.8
2022-05-30,xianzongye,flower,0.2,19.8
2022-06-01,xianzongye,flower,0.13333333333333333,10.0
