sales_analysis/datasets/daily_mean.csv
date,item_name,category_name,quantity_sold_kg,unit_selling_price_rmb/kg
2022-07-04,fresh edible fungus,mushroom,1.0,2.5
2022-07-06,fresh edible fungus,mushroom,1.0,2.5
2022-07-07,fresh edible fungus,mushroom,1.0,2.5
2022-07-09,fresh edible fungus,mushroom,1.0,2.5
2022-07-10,fresh edible fungus,mushroom,1.0,1.8333333333333333
2022-07-11,fresh edible fungus,mushroom,1.0,2.0
2022-07-12,fresh edible fungus,mushroom,1.0,2.5
2022-07-13,fresh edible fungus,mushroom,1.0,2.25
2022-07-14,fresh edible fungus,mushroom,1.0,2.5
2022-07-15,fresh edible fungus,mushroom,1.0,1.8333333333333333
2022-07-16,fresh edible fungus,mushroom,1.0,1.875
2022-07-17,fresh edible fungus,mushroom,1.0,1.8333333333333333
2022-07-20,fresh edible fungus,mushroom,1.0,2.5
2022-07-22,fresh edible fungus,mushroom,1.0,2.5
2022-07-24,fresh edible fungus,mushroom,1.0,2.5
2022-07-25,fresh edible fungus,mushroom,1.0,2.5
2022-07-27,fresh edible fungus,mushroom,1.0,1.5
2022-07-28,fresh edible fungus,mushroom,1.0,2.5
2022-07-29,fresh edible fungus,mushroom,1.0,2.0
2022-07-30,fresh edible fungus,mushroom,1.0,2.5
2022-07-31,fresh edible fungus,mushroom,1.0,2.1666666666666665
2022-08-01,fresh edible fungus,mushroom,1.0,2.5
2022-08-02,fresh edible fungus,mushroom,1.0,2.0
2022-08-03,fresh edible fungus,mushroom,1.0,2.0
2022-08-04,fresh edible fungus,mushroom,1.0,1.8333333333333333
2022-08-05,fresh edible fungus,mushroom,1.0,1.7857142857142858
2022-08-07,fresh edible fungus,mushroom,1.0,1.9
2022-08-08,fresh edible fungus,mushroom,1.0,1.7
2022-08-09,fresh edible fungus,mushroom,1.0,2.25
2022-08-10,fresh edible fungus,mushroom,1.0,2.3
2022-08-11,fresh edible fungus,mushroom,1.0,1.5
2022-08-13,fresh edible fungus,mushroom,1.0,2.125
2022-08-14,fresh edible fungus,mushroom,1.0,2.25
2022-08-15,fresh edible fungus,mushroom,1.0,2.3
2022-08-16,fresh edible fungus,mushroom,1.0,2.5
2022-08-17,fresh edible fungus,mushroom,1.0,1.8
2022-08-18,fresh edible fungus,mushroom,1.0,1.9166666666666667
2022-08-19,fresh edible fungus,mushroom,1.0,2.5
2022-08-20,fresh edible fungus,mushroom,1.0,2.325
2022-08-21,fresh edible fungus,mushroom,1.0,2.5
2022-08-22,fresh edible fungus,mushroom,1.0,2.033333333333333
2022-08-23,fresh edible fungus,mushroom,1.0,2.08
2022-08-24,fresh edible fungus,mushroom,1.0,2.15
2022-08-25,fresh edible fungus,mushroom,1.0,2.5
2022-08-26,fresh edible fungus,mushroom,1.0,1.8
2022-08-27,fresh edible fungus,mushroom,1.0,2.5
2022-08-29,fresh edible fungus,mushroom,1.0,1.8333333333333333
2022-09-12,fresh edible fungus,mushroom,1.0,2.5
2022-09-13,fresh edible fungus,mushroom,1.0,1.8333333333333333
2022-09-14,fresh edible fungus,mushroom,1.0,1.5
2022-09-15,fresh edible fungus,mushroom,1.0,2.0
2022-09-16,fresh edible fungus,mushroom,1.0,1.8333333333333333
2022-09-17,fresh edible fungus,mushroom,1.0,2.3285714285714287
2022-09-18,fresh edible fungus,mushroom,1.0,2.5
2022-09-19,fresh edible fungus,mushroom,1.0,1.8333333333333333
2022-09-20,fresh edible fungus,mushroom,1.0,2.1
2022-09-21,fresh edible fungus,mushroom,1.0,2.1666666666666665
2022-09-22,fresh edible fungus,mushroom,1.0,2.08
2022-09-23,fresh edible fungus,mushroom,1.0,1.822222222222222
2022-09-24,fresh edible fungus,mushroom,1.0,2.5
2022-09-25,fresh edible fungus,mushroom,1.0,2.1666666666666665
2022-09-26,fresh edible fungus,mushroom,1.0,1.9
2022-09-27,fresh edible fungus,mushroom,1.0,2.5
2022-09-28,fresh edible fungus,mushroom,1.0,2.0
2022-09-29,fresh edible fungus,mushroom,1.0,2.1666666666666665
2022-09-30,fresh edible fungus,mushroom,1.0,2.0
2022-10-01,fresh edible fungus,mushroom,1.0,1.7461538461538462
2022-10-02,fresh edible fungus,mushroom,1.0,1.78
2022-10-03,fresh edible fungus,mushroom,1.0,1.9
2022-10-04,fresh edible fungus,mushroom,1.0,2.1
2022-10-05,fresh edible fungus,mushroom,1.0,1.5
2022-10-06,fresh edible fungus,mushroom,1.0,2.5
2022-10-08,fresh edible fungus,mushroom,1.0,2.1
2022-10-10,fresh edible fungus,mushroom,1.0,1.9444444444444444
2022-10-11,fresh edible fungus,mushroom,1.0,1.3
2022-10-12,fresh edible fungus,mushroom,1.0,2.2
2022-10-13,fresh edible fungus,mushroom,1.0,2.5
2022-10-14,fresh edible fungus,mushroom,1.0,1.8333333333333333
2022-10-15,fresh edible fungus,mushroom,1.0,2.1
2022-10-16,fresh edible fungus,mushroom,1.0,2.2
2022-10-17,fresh edible fungus,mushroom,1.0,2.1666666666666665
2022-10-18,fresh edible fungus,mushroom,1.0,1.6555555555555557
2022-10-19,fresh edible fungus,mushroom,1.0,1.6
2022-10-20,fresh edible fungus,mushroom,1.0,1.6
2022-10-21,fresh edible fungus,mushroom,1.0,2.5
2022-10-22,fresh edible fungus,mushroom,1.0,2.5
2022-10-23,fresh edible fungus,mushroom,1.0,1.75
2022-10-24,fresh edible fungus,mushroom,1.0,2.5
2022-10-25,fresh edible fungus,mushroom,1.0,1.6
2022-10-26,fresh edible fungus,mushroom,1.0,1.78
2022-10-27,fresh edible fungus,mushroom,1.0,1.3
2022-10-28,fresh edible fungus,mushroom,1.0,2.1
2022-10-29,fresh edible fungus,mushroom,1.0,2.5
2022-10-30,fresh edible fungus,mushroom,1.0,2.3000000000000003
2022-11-01,fresh edible fungus,mushroom,1.0,1.6428571428571428
2022-11-03,fresh edible fungus,mushroom,1.0,2.5
2022-11-05,fresh edible fungus,mushroom,1.0,2.1
2022-11-06,fresh edible fungus,mushroom,1.0,1.6428571428571428
2022-11-07,fresh edible fungus,mushroom,1.0,1.7
2022-11-08,fresh edible fungus,mushroom,1.0,1.7
2022-11-09,fresh edible fungus,mushroom,1.0,1.7666666666666666
2022-11-10,fresh edible fungus,mushroom,1.0,2.1
2022-11-11,fresh edible fungus,mushroom,1.0,1.5
2022-11-12,fresh edible fungus,mushroom,1.0,1.9
2022-11-13,fresh edible fungus,mushroom,1.0,1.9285714285714286
2022-11-14,fresh edible fungus,mushroom,1.0,1.8333333333333333
2022-11-15,fresh edible fungus,mushroom,1.0,2.3
2022-11-16,fresh edible fungus,mushroom,1.0,2.0
2022-11-17,fresh edible fungus,mushroom,1.0,1.5
2022-11-18,fresh edible fungus,mushroom,1.0,2.1666666666666665
2022-11-19,fresh edible fungus,mushroom,1.0,2.2777777777777777
2022-11-20,fresh edible fungus,mushroom,1.0,1.8333333333333333
2022-11-21,fresh edible fungus,mushroom,1.0,2.5
2022-11-23,fresh edible fungus,mushroom,1.0,1.5
2022-11-25,fresh edible fungus,mushroom,1.0,2.5
2022-11-26,fresh edible fungus,mushroom,1.0,2.5
2022-12-10,fresh edible fungus,mushroom,1.0,2.5
2022-12-11,fresh edible fungus,mushroom,1.0,1.8333333333333333
2022-12-13,fresh edible fungus,mushroom,1.0,2.5
2022-12-14,fresh edible fungus,mushroom,1.0,2.0
2022-12-15,fresh edible fungus,mushroom,1.0,2.5
2022-12-16,fresh edible fungus,mushroom,1.0,2.5
2022-12-17,fresh edible fungus,mushroom,1.0,2.5
2022-12-18,fresh edible fungus,mushroom,1.0,2.5
2022-12-20,fresh edible fungus,mushroom,1.0,2.5
2022-12-21,fresh edible fungus,mushroom,1.0,2.5
2022-12-22,fresh edible fungus,mushroom,1.0,2.0
2022-12-23,fresh edible fungus,mushroom,1.0,2.9
2022-12-24,fresh edible fungus,mushroom,1.0,2.3
2022-12-25,fresh edible fungus,mushroom,1.0,2.9
2022-12-26,fresh edible fungus,mushroom,1.0,2.42
2022-12-27,fresh edible fungus,mushroom,1.0,2.6
2022-12-28,fresh edible fungus,mushroom,1.0,1.7
2022-12-29,fresh edible fungus,mushroom,1.0,2.3
2022-12-30,fresh edible fungus,mushroom,1.0,2.9
2022-12-31,fresh edible fungus,mushroom,1.0,2.9
2022-07-08,hfyg haixian mushroom,mushroom,1.0,2.9
2022-07-09,hfyg haixian mushroom,mushroom,1.0,2.5
2022-07-10,hfyg haixian mushroom,mushroom,1.0,2.3444444444444446
2022-07-11,hfyg haixian mushroom,mushroom,1.0,2.43
2022-07-12,hfyg haixian mushroom,mushroom,1.0,2.5
2022-07-13,hfyg haixian mushroom,mushroom,1.0,2.0
2022-07-14,hfyg haixian mushroom,mushroom,1.0,2.0
2022-07-15,hfyg haixian mushroom,mushroom,1.0,2.0555555555555554
2022-07-16,hfyg haixian mushroom,mushroom,1.0,2.4
2022-07-17,hfyg haixian mushroom,mushroom,1.0,2.3333333333333335
2022-07-18,hfyg haixian mushroom,mushroom,1.0,2.2142857142857144
2022-07-19,hfyg haixian mushroom,mushroom,1.0,2.1666666666666665
2022-07-21,hfyg haixian mushroom,mushroom,1.0,1.5
2022-07-22,hfyg haixian mushroom,mushroom,1.0,2.1666666666666665
2022-07-23,hfyg haixian mushroom,mushroom,1.0,2.0
2022-07-25,hfyg haixian mushroom,mushroom,1.0,2.5
2022-07-26,hfyg haixian mushroom,mushroom,1.0,1.7857142857142858
2022-07-28,hfyg haixian mushroom,mushroom,1.0,2.1
2022-07-29,hfyg haixian mushroom,mushroom,1.0,2.5
2022-07-21,honghu lotus,aquatic,1.0,10.8
2022-07-22,honghu lotus,aquatic,1.0,10.8
2022-07-23,honghu lotus,aquatic,1.0,7.359999999999999
2022-07-27,honghu lotus,aquatic,1.0,11.8
2022-07-28,honghu lotus,aquatic,1.0,8.666666666666666
2022-07-29,honghu lotus,aquatic,1.0,7.1
2022-07-30,honghu lotus,aquatic,1.0,7.1
2022-08-16,honghu lotus,aquatic,1.0,11.8
2022-08-17,honghu lotus,aquatic,1.0,11.8
2022-08-18,honghu lotus,aquatic,1.0,10.633333333333335
2022-08-19,honghu lotus,aquatic,1.0,10.925000000000002
2022-09-23,honghu lotus,aquatic,1.0,11.8
2022-07-26,green and red hang pepper mix,capsicum,1.0,2.9
2022-08-01,green and red hang pepper mix,capsicum,1.0,3.9
2022-08-02,green and red hang pepper mix,capsicum,1.0,3.9
2022-08-03,green and red hang pepper mix,capsicum,1.0,3.5818181818181816
2022-08-04,green and red hang pepper mix,capsicum,1.0,3.9
2022-08-05,green and red hang pepper mix,capsicum,1.0,3.9
2022-08-06,green and red hang pepper mix,capsicum,1.0,3.9
2022-08-07,green and red hang pepper mix,capsicum,1.0,3.9000000000000004
2022-08-08,green and red hang pepper mix,capsicum,1.0,3.9
2022-08-09,green and red hang pepper mix,capsicum,1.0,3.6714285714285713
2022-08-10,green and red hang pepper mix,capsicum,1.0,3.9
2022-08-11,green and red hang pepper mix,capsicum,1.0,3.9
2022-08-12,green and red hang pepper mix,capsicum,1.0,3.9
2022-08-13,green and red hang pepper mix,capsicum,1.0,3.5
2022-08-14,green and red hang pepper mix,capsicum,1.0,3.7857142857142856
2022-08-15,green and red hang pepper mix,capsicum,1.0,3.3666666666666663
2022-08-16,green and red hang pepper mix,capsicum,1.0,3.9
2022-08-17,green and red hang pepper mix,capsicum,1.0,3.463636363636364
2022-08-18,green and red hang pepper mix,capsicum,1.0,3.66
2022-08-19,green and red hang pepper mix,capsicum,1.0,3.8999999999999995
2022-08-20,green and red hang pepper mix,capsicum,1.0,3.8499999999999996
2022-08-21,green and red hang pepper mix,capsicum,1.0,3.8076923076923075
2022-08-22,green and red hang pepper mix,capsicum,1.0,3.6999999999999997
2022-08-23,green and red hang pepper mix,capsicum,1.0,3.3
2022-08-24,green and red hang pepper mix,capsicum,1.0,2.9400000000000004
2022-08-25,green and red hang pepper mix,capsicum,1.0,3.66
2022-08-26,green and red hang pepper mix,capsicum,1.0,3.0999999999999996
2022-08-27,green and red hang pepper mix,capsicum,1.0,3.9
2022-08-28,green and red hang pepper mix,capsicum,1.0,3.1875
2022-08-29,green and red hang pepper mix,capsicum,1.0,3.5307692307692307
2022-08-30,green and red hang pepper mix,capsicum,1.0,2.7
2022-09-02,green and red hang pepper mix,capsicum,1.0,3.9
2022-09-03,green and red hang pepper mix,capsicum,1.0,3.633333333333333
2022-09-04,green and red hang pepper mix,capsicum,1.0,3.6333333333333333
2022-09-05,green and red hang pepper mix,capsicum,1.0,2.3
2022-09-06,green and red hang pepper mix,capsicum,1.0,3.9
2022-09-07,green and red hang pepper mix,capsicum,1.0,3.9
2022-09-08,green and red hang pepper mix,capsicum,1.0,3.9
2022-09-09,green and red hang pepper mix,capsicum,1.0,3.9
2022-09-10,green and red hang pepper mix,capsicum,1.0,3.9
2022-09-11,green and red hang pepper mix,capsicum,1.0,3.9
2022-09-17,green and red hang pepper mix,capsicum,1.0,3.9
2022-09-18,green and red hang pepper mix,capsicum,1.0,3.0999999999999996
2022-09-23,green and red hang pepper mix,capsicum,1.0,3.6333333333333333
2022-09-24,green and red hang pepper mix,capsicum,1.0,3.9000000000000004
2022-09-25,green and red hang pepper mix,capsicum,1.0,3.9
2022-09-26,green and red hang pepper mix,capsicum,1.0,3.9
2022-09-27,green and red hang pepper mix,capsicum,1.0,3.9
2022-09-28,green and red hang pepper mix,capsicum,1.0,3.15
2022-09-29,green and red hang pepper mix,capsicum,1.0,3.411764705882353
2022-10-03,green and red hang pepper mix,capsicum,1.0,3.9
2022-10-04,green and red hang pepper mix,capsicum,1.0,3.9000000000000004
2022-10-05,green and red hang pepper mix,capsicum,1.0,3.9
2022-10-06,green and red hang pepper mix,capsicum,1.0,3.9
2022-10-07,green and red hang pepper mix,capsicum,1.0,3.9
2022-10-08,green and red hang pepper mix,capsicum,1.0,3.9
2022-10-09,green and red hang pepper mix,capsicum,1.0,2.3
2022-10-11,green and red hang pepper mix,capsicum,1.0,3.9
2022-10-12,green and red hang pepper mix,capsicum,1.0,3.9
2022-10-13,green and red hang pepper mix,capsicum,1.0,3.9
2022-10-15,green and red hang pepper mix,capsicum,1.0,3.9
2022-10-16,green and red hang pepper mix,capsicum,1.0,3.9
2022-10-17,green and red hang pepper mix,capsicum,1.0,3.9
2022-10-18,green and red hang pepper mix,capsicum,1.0,3.266666666666667
2022-10-19,green and red hang pepper mix,capsicum,1.0,2.0
2022-10-20,green and red hang pepper mix,capsicum,1.0,3.9
2022-10-21,green and red hang pepper mix,capsicum,1.0,3.9
2022-10-22,green and red hang pepper mix,capsicum,1.0,3.9000000000000004
2022-10-23,green and red hang pepper mix,capsicum,1.0,3.9
2022-10-24,green and red hang pepper mix,capsicum,1.0,3.9
2022-10-25,green and red hang pepper mix,capsicum,1.0,3.9
2022-10-26,green and red hang pepper mix,capsicum,1.0,3.6333333333333333
2022-10-27,green and red hang pepper mix,capsicum,1.0,3.3
2022-10-28,green and red hang pepper mix,capsicum,1.0,3.9
2022-10-29,green and red hang pepper mix,capsicum,1.0,3.9
2022-10-30,green and red hang pepper mix,capsicum,1.0,3.9
2022-10-31,green and red hang pepper mix,capsicum,1.0,3.9
2022-11-01,green and red hang pepper mix,capsicum,1.0,2.95
2022-11-03,green and red hang pepper mix,capsicum,1.0,3.2666666666666666
2022-11-05,green and red hang pepper mix,capsicum,1.0,2.9499999999999997
2022-11-06,green and red hang pepper mix,capsicum,1.0,3.6625
2022-11-07,green and red hang pepper mix,capsicum,1.0,3.9
2022-11-08,green and red hang pepper mix,capsicum,1.0,2.95
2022-11-09,green and red hang pepper mix,capsicum,1.0,3.5799999999999996
2022-11-10,green and red hang pepper mix,capsicum,1.0,2.3
2022-11-19,green and red hang pepper mix,capsicum,1.0,3.9
2022-11-20,green and red hang pepper mix,capsicum,1.0,3.9
2022-11-21,green and red hang pepper mix,capsicum,1.0,3.9
2022-12-15,green and red hang pepper mix,capsicum,1.0,3.9
2022-12-16,green and red hang pepper mix,capsicum,1.0,3.9
2022-12-21,green and red hang pepper mix,capsicum,1.0,3.9
2022-12-22,green and red hang pepper mix,capsicum,1.0,3.9
2022-12-23,green and red hang pepper mix,capsicum,1.0,2.9
2022-12-24,green and red hang pepper mix,capsicum,1.0,2.9
2022-12-25,green and red hang pepper mix,capsicum,1.0,2.9
2022-12-27,green and red hang pepper mix,capsicum,1.0,2.9
2022-12-28,green and red hang pepper mix,capsicum,1.0,2.9
2022-12-29,green and red hang pepper mix,capsicum,1.0,2.9
2022-12-30,green and red hang pepper mix,capsicum,1.0,2.9
2022-12-31,green and red hang pepper mix,capsicum,1.0,2.9
2022-08-29,yuxingcao,flower,1.0,4.9
2022-09-02,yuxingcao,flower,1.0,4.9
2022-09-03,yuxingcao,flower,1.0,4.9
2022-09-04,yuxingcao,flower,1.0,4.9
2022-09-05,yuxingcao,flower,1.0,4.9
2022-09-06,yuxingcao,flower,1.0,4.9
2022-09-07,yuxingcao,flower,1.0,4.9
2022-09-08,yuxingcao,flower,1.0,4.9
2022-09-09,yuxingcao,flower,1.0,4.65
2022-09-10,yuxingcao,flower,1.0,4.9
2022-09-11,yuxingcao,flower,1.0,4.9
2022-09-12,yuxingcao,flower,1.0,4.4
2022-09-13,yuxingcao,flower,1.0,4.9
2022-09-14,yuxingcao,flower,1.0,4.9
2022-09-16,yuxingcao,flower,1.0,4.9
2022-09-17,yuxingcao,flower,1.0,4.366666666666667
2022-09-18,yuxingcao,flower,1.0,4.9
2022-09-21,yuxingcao,flower,1.0,4.9
2022-09-22,yuxingcao,flower,1.0,4.9
2022-09-24,yuxingcao,flower,1.0,4.677777777777778
2022-09-25,yuxingcao,flower,1.0,4.9
2022-09-26,yuxingcao,flower,1.0,4.9
2022-09-27,yuxingcao,flower,1.0,3.7
2022-09-28,yuxingcao,flower,1.0,4.9
2022-09-29,yuxingcao,flower,1.0,4.233333333333333
2022-09-30,yuxingcao,flower,1.0,4.1
2022-10-01,yuxingcao,flower,1.0,4.9
2022-10-05,yuxingcao,flower,1.0,4.9
2022-10-18,yuxingcao,flower,1.0,4.9
2022-10-20,yuxingcao,flower,1.0,4.9
2022-10-21,yuxingcao,flower,1.0,4.9
2022-10-22,yuxingcao,flower,1.0,4.9
2022-10-28,yuxingcao,flower,1.0,4.9
2022-10-29,yuxingcao,flower,1.0,4.9
2022-10-30,yuxingcao,flower,1.0,4.9
2022-11-03,yuxingcao,flower,1.0,3.1
2022-11-06,yuxingcao,flower,1.0,4.9
2022-11-07,yuxingcao,flower,1.0,4.9
2022-11-08,yuxingcao,flower,1.0,4.9
2022-11-10,yuxingcao,flower,1.0,4.9
2022-11-11,yuxingcao,flower,1.0,4.9
2022-11-12,yuxingcao,flower,1.0,4.9
2022-11-13,yuxingcao,flower,1.0,4.9
2022-11-15,yuxingcao,flower,1.0,4.9
2022-11-16,yuxingcao,flower,1.0,3.9000000000000004
2022-11-17,yuxingcao,flower,1.0,4.9
2022-11-18,yuxingcao,flower,1.0,2.9
2022-11-19,yuxingcao,flower,1.0,3.9000000000000004
2022-11-20,yuxingcao,flower,1.0,3.9000000000000004
2022-11-21,yuxingcao,flower,1.0,4.15
2022-11-23,yuxingcao,flower,1.0,4.9
2022-11-24,yuxingcao,flower,1.0,4.9
2022-11-26,yuxingcao,flower,1.0,4.9
2022-12-10,yuxingcao,flower,1.0,4.9
2022-12-11,yuxingcao,flower,1.0,4.9
2022-12-21,yuxingcao,flower,1.0,4.9
2022-12-25,yuxingcao,flower,1.0,4.9
2022-12-26,yuxingcao,flower,1.0,4.9
2022-12-28,yuxingcao,flower,1.0,4.9
2022-12-29,yuxingcao,flower,1.0,4.4
2022-12-30,yuxingcao,flower,1.0,3.9000000000000004
