sales_analysis/datasets/daily_mean.csv
date,item_name,category_name,quantity_sold_kg,unit_selling_price_rmb/kg
2022-09-28,local xiaomao cabbage,flower,0.30000000000000004,4.8
2022-09-29,local xiaomao cabbage,flower,0.30000000000000004,4.8
2022-10-01,local xiaomao cabbage,flower,0.36,4.8
2022-10-02,local xiaomao cabbage,flower,0.48,4.8
2022-10-03,local xiaomao cabbage,flower,0.25,4.8
2022-10-04,local xiaomao cabbage,flower,0.4,4.8
2022-10-05,local xiaomao cabbage,flower,0.36875,4.8
2022-10-06,local xiaomao cabbage,flower,0.35,4.8
2022-10-08,local xiaomao cabbage,flower,0.3368421052631579,4.8
2022-10-13,local xiaomao cabbage,flower,0.45,4.8
2022-10-14,local xiaomao cabbage,flower,0.43333333333333335,4.8
2022-10-15,local xiaomao cabbage,flower,0.39999999999999997,4.8
2022-10-16,local xiaomao cabbage,flower,0.3476190476190476,4.8
2022-10-17,local xiaomao cabbage,flower,0.3333333333333333,4.8
2022-10-18,local xiaomao cabbage,flower,0.3,3.8
2022-10-20,local xiaomao cabbage,flower,0.2727272727272727,3.8
2022-10-21,local xiaomao cabbage,flower,0.4714285714285714,3.8
2022-10-22,local xiaomao cabbage,flower,0.6,3.7999999999999994
2022-10-25,local xiaomao cabbage,flower,0.35000000000000003,3.7999999999999994
2022-10-26,local xiaomao cabbage,flower,0.325,6.0
2022-10-27,local xiaomao cabbage,flower,0.4875,6.0
2022-10-28,local xiaomao cabbage,flower,0.54,6.0
2022-10-29,local xiaomao cabbage,flower,0.2833333333333333,6.0
2022-10-30,local xiaomao cabbage,flower,0.3666666666666667,6.0
2022-10-31,local xiaomao cabbage,flower,0.4000000000000001,6.0
2022-11-01,local xiaomao cabbage,flower,0.35,6.0
2022-11-03,local xiaomao cabbage,flower,0.3625,6.0
2022-11-08,local xiaomao cabbage,flower,0.4,6.0
2022-11-11,local xiaomao cabbage,flower,0.43333333333333335,4.8
2022-11-12,local xiaomao cabbage,flower,0.4666666666666666,4.8
2022-11-13,local xiaomao cabbage,flower,0.3,4.8
2022-11-14,local xiaomao cabbage,flower,0.475,4.0
2022-11-15,local xiaomao cabbage,flower,0.35,4.0
2022-11-16,local xiaomao cabbage,flower,0.5,4.0
2022-11-17,local xiaomao cabbage,flower,0.4,4.0
2022-11-18,local xiaomao cabbage,flower,0.4714285714285714,4.0
2022-11-19,local xiaomao cabbage,flower,0.5133333333333333,4.0
2022-11-20,local xiaomao cabbage,flower,0.3727272727272727,4.0
2022-11-21,local xiaomao cabbage,flower,0.5818181818181819,4.0
2022-11-22,local xiaomao cabbage,flower,0.6,4.0
2022-11-23,local xiaomao cabbage,flower,0.7,4.0
2022-11-25,local xiaomao cabbage,flower,0.5,4.0
2022-12-13,local xiaomao cabbage,flower,0.30000000000000004,4.0
2022-12-14,local xiaomao cabbage,flower,0.225,4.0
2022-12-16,local xiaomao cabbage,flower,0.2,4.8
2022-12-17,local xiaomao cabbage,flower,0.35,4.8
2022-12-19,local xiaomao cabbage,flower,0.35,5.6
2022-10-14,yellow baicai,flower,0.30000000000000004,7.0
2022-10-15,yellow baicai,flower,0.37222222222222223,7.0
2022-10-16,yellow baicai,flower,0.26666666666666666,7.0
2022-10-17,yellow baicai,flower,0.4,7.0
2022-10-18,yellow baicai,flower,0.43333333333333335,7.0
2022-10-21,yellow baicai,flower,0.2870967741935484,7.0
2022-10-22,yellow baicai,flower,0.4555555555555556,6.8962962962962955
2022-10-23,yellow baicai,flower,0.49230769230769234,7.0
2022-10-24,yellow baicai,flower,0.45,7.0
2022-10-25,yellow baicai,flower,0.4555555555555555,6.688888888888889
2022-10-26,yellow baicai,flower,0.225,5.74
2022-10-27,yellow baicai,flower,0.3,7.0
2022-10-29,yellow baicai,flower,0.3625,7.0
2022-10-30,yellow baicai,flower,0.2,7.0
2022-10-31,yellow baicai,flower,0.32,7.0
2022-11-01,yellow baicai,flower,0.35714285714285715,6.2
2022-11-03,yellow baicai,flower,0.39999999999999997,7.0
2022-11-05,yellow baicai,flower,0.3333333333333333,7.0
2022-11-06,yellow baicai,flower,0.5,7.0
2022-11-09,yellow baicai,flower,0.6000000000000001,7.0
2022-11-10,yellow baicai,flower,0.2,5.6
2022-11-11,yellow baicai,flower,0.2333333333333333,7.0
2022-11-12,yellow baicai,flower,0.35,7.0
2022-11-14,yellow baicai,flower,0.3,7.0
2022-11-15,yellow baicai,flower,0.2,7.0
2022-11-16,yellow baicai,flower,0.225,7.0
2022-11-17,yellow baicai,flower,0.2333333333333333,5.833333333333333
2022-11-18,yellow baicai,flower,0.42500000000000004,7.0
2022-11-19,yellow baicai,flower,0.32142857142857145,7.0
2022-11-20,yellow baicai,flower,0.3,7.0
2022-11-22,yellow baicai,flower,0.38333333333333336,7.0
2022-11-23,yellow baicai,flower,0.34285714285714286,7.0
2022-11-24,yellow baicai,flower,0.3333333333333333,7.0
2022-11-25,yellow baicai,flower,0.1,7.0
2022-12-04,yellow baicai,flower,0.44999999999999996,7.0
2022-12-05,yellow baicai,flower,0.3666666666666667,7.0
2022-12-06,yellow baicai,flower,0.2571428571428572,7.0
2022-12-10,yellow baicai,flower,0.5166666666666666,7.0
2022-12-11,yellow baicai,flower,0.6,7.0
2022-12-12,yellow baicai,flower,0.5333333333333333,7.0
2022-12-13,yellow baicai,flower,0.525,7.0
2022-12-14,yellow baicai,flower,0.25,7.0
2022-12-15,yellow baicai,flower,0.45999999999999996,7.0
2022-12-16,yellow baicai,flower,0.3875,7.0
2022-12-17,yellow baicai,flower,0.3285714285714286,7.0
2022-12-20,yellow baicai,flower,0.3666666666666667,7.0
2022-12-21,yellow baicai,flower,0.4090909090909091,7.0
2022-12-22,yellow baicai,flower,0.375,7.0
2022-12-23,yellow baicai,flower,0.31,7.0
2022-12-24,yellow baicai,flower,0.325,6.3
2022-12-25,yellow baicai,flower,0.29,7.0
2022-12-26,yellow baicai,flower,0.3,7.0
2022-12-27,yellow baicai,flower,0.4,4.9
2022-12-28,yellow baicai,flower,0.3230769230769231,9.2
2022-12-29,yellow baicai,flower,0.3,9.2
2022-12-30,yellow baicai,flower,0.18,6.9799999999999995
2022-12-31,yellow baicai,flower,0.3,9.2
2022-10-15,longyacai,flower,0.8272727272727273,8.8
2022-10-16,longyacai,flower,0.5,8.8
2022-10-20,longyacai,flower,0.6666666666666666,8.8
2022-10-21,longyacai,flower,0.5692307692307692,8.8
2022-10-22,longyacai,flower,0.6,8.8
2022-10-23,longyacai,flower,0.6,8.8
2022-10-24,longyacai,flower,0.6,8.8
2022-10-25,longyacai,flower,0.6857142857142857,8.8
2022-10-26,longyacai,flower,0.6333333333333333,7.633333333333334
2022-10-27,longyacai,flower,0.72,6.35
2022-10-28,longyacai,flower,0.6636363636363636,7.209090909090909
2022-10-29,longyacai,flower,0.6333333333333333,8.8
2022-10-30,longyacai,flower,0.7,8.8
2022-10-31,longyacai,flower,0.4666666666666666,8.8
2022-11-01,longyacai,flower,0.6666666666666666,8.8
2022-11-03,longyacai,flower,0.7333333333333334,8.8
2022-11-05,longyacai,flower,0.5,8.8
2022-11-06,longyacai,flower,0.7,8.8
2022-11-07,longyacai,flower,0.6,8.8
2022-11-09,longyacai,flower,1.8,8.8
2022-11-10,longyacai,flower,0.6499999999999999,7.050000000000001
2022-11-11,longyacai,flower,0.6,8.8
2022-11-12,longyacai,flower,0.8250000000000001,8.8
2022-11-15,longyacai,flower,0.95,8.8
2022-11-16,longyacai,flower,0.8,8.8
2022-11-17,longyacai,flower,0.5,8.8
2022-11-18,longyacai,flower,0.5,6.6000000000000005
2022-11-19,longyacai,flower,0.64375,8.8
2022-11-20,longyacai,flower,0.8428571428571429,8.8
2022-11-23,longyacai,flower,0.5714285714285714,8.8
2022-11-24,longyacai,flower,0.7000000000000001,8.8
2022-11-25,longyacai,flower,0.4,8.8
2022-12-10,longyacai,flower,0.75,8.8
2022-12-11,longyacai,flower,0.7,8.8
2022-12-12,longyacai,flower,0.7,8.8
2022-12-13,longyacai,flower,0.9,8.8
2022-12-14,longyacai,flower,0.7333333333333334,8.8
2022-12-18,longyacai,flower,0.7142857142857143,8.8
2022-12-20,longyacai,flower,0.8555555555555556,8.8
2022-12-21,longyacai,flower,0.7666666666666666,8.8
2022-12-22,longyacai,flower,0.5900000000000001,8.8
2022-12-23,longyacai,flower,0.8400000000000001,8.8
2022-12-24,longyacai,flower,0.9,7.633333333333334
2022-12-26,longyacai,flower,0.44999999999999996,8.8
2022-12-28,longyacai,flower,0.7666666666666666,8.8
2022-12-29,longyacai,flower,0.9333333333333332,8.8
2022-12-30,longyacai,flower,0.9750000000000001,7.925000000000001
2022-12-31,longyacai,flower,0.9,8.8
2022-11-01,tea tree mushroom,mushroom,1.0,4.5
2022-11-05,tea tree mushroom,mushroom,1.0,5.0
2022-11-07,tea tree mushroom,mushroom,1.0,5.975
2022-11-08,tea tree mushroom,mushroom,1.0,9.9
2022-11-10,tea tree mushroom,mushroom,1.0,9.9
2022-11-11,tea tree mushroom,mushroom,1.0,8.566666666666668
2022-11-14,tea tree mushroom,mushroom,1.0,9.9
2022-11-15,tea tree mushroom,mushroom,1.0,9.9
2022-11-17,tea tree mushroom,mushroom,1.0,5.0
2022-11-18,tea tree mushroom,mushroom,1.0,6.45
2022-11-21,tea tree mushroom,mushroom,1.0,9.9
2022-11-22,tea tree mushroom,mushroom,1.0,9.9
2022-11-24,tea tree mushroom,mushroom,1.0,9.9
2022-12-10,tea tree mushroom,mushroom,1.0,9.9
2022-12-11,tea tree mushroom,mushroom,1.0,9.9
2022-12-13,tea tree mushroom,mushroom,1.0,7.9
2022-12-14,tea tree mushroom,mushroom,1.0,9.9
2022-12-15,tea tree mushroom,mushroom,1.0,9.9
2022-12-17,tea tree mushroom,mushroom,1.0,9.9
2022-12-18,tea tree mushroom,mushroom,1.0,9.9
2022-12-20,tea tree mushroom,mushroom,1.0,9.9
2022-12-23,tea tree mushroom,mushroom,1.0,9.9
2022-12-24,tea tree mushroom,mushroom,1.0,9.9
2022-12-25,tea tree mushroom,mushroom,1.0,9.9
2022-12-27,tea tree mushroom,mushroom,1.0,9.9
2022-12-28,tea tree mushroom,mushroom,1.0,5.9
2022-12-29,tea tree mushroom,mushroom,1.0,9.9
